[Warning] [omni.isaac.kit.simulation_app] Modules: ['omni.kit_app'] were loaded before SimulationApp was started and might not be loaded correctly.
[Warning] [omni.isaac.kit.simulation_app] Please check to make sure no extra omniverse or pxr modules are imported before the call to SimulationApp(...)
Loading user config located at: '/home/boosterk1/miniconda3/envs/vlnce-isaac/lib/python3.10/site-packages/omni/data/Kit/Isaac-Sim/4.1/user.config.json'
[Info] [carb] Logging to file: /home/boosterk1/miniconda3/envs/vlnce-isaac/lib/python3.10/site-packages/omni/logs/Kit/Isaac-Sim/4.1/kit_20261001_235843.log
2026-10-02 05:58:43 [0ms] [Warning] [omni.kit.app.plugin] No crash reporter present, dumps uploading isn't available.
[0.056s] [ext: omni.kit.async_engine-0.0.0] startup
[0.157s] [ext: omni.stats-1.0.1] startup
[0.158s] [ext: omni.client-1.1.0] startup
[0.188s] [ext: omni.datastore-0.0.0] startup
[0.189s] [ext: omni.blobkey-1.1.0] startup
[0.189s] [ext: omni.ujitso.default-1.0.0] startup
[0.190s] [ext: omni.hsscclient-0.0.0] startup
[0.191s] [ext: omni.rtx.shadercache.vulkan-1.0.0] startup
[0.192s] [ext: omni.assets.plugins-0.0.0] startup
[0.194s] [ext: omni.gpu_foundation-0.0.0] startup
[0.205s] [ext: carb.windowing.plugins-1.0.0] startup
2026-10-02 05:58:43 [185ms] [Warning] [carb.windowing-glfw.plugin] GLFW initialization failed.
2026-10-02 05:58:43 [185ms] [Warning] [carb] Failed to startup plugin carb.windowing-glfw.plugin (interfaces: [carb::windowing::IGLContext v1.0],[carb::windowing::IWindowing v1.4]) (impl: carb.windowing-glfw.plugin)
[0.206s] [ext: omni.kit.renderer.init-0.0.0] startup
2026-10-02 05:58:43 [204ms] [Warning] [omni.platforminfo.plugin] failed to open the default display.  Can't verify X Server version.

|---------------------------------------------------------------------------------------------|
| Driver Version: 580.173.02    | Graphics API: Vulkan
|=============================================================================================|
| GPU | Name                             | Active | LDA | GPU Memory | Vendor-ID | LUID       |
|     |                                  |        |     |            | Device-ID | UUID       |
|     |                                  |        |     |            | Bus-ID    |            |
|---------------------------------------------------------------------------------------------|
| 0   | NVIDIA GeForce RTX 3090          | Yes: 0 |     | 24822   MB | 10de      | 0          |
|     |                                  |        |     |            | 2204      | c4160bf8.. |
|     |                                  |        |     |            | 2d        |            |
|=============================================================================================|
| OS: 22.04.5 LTS (Jammy Jellyfish) ubuntu, Version: 22.04.5, Kernel: 6.8.0-124-generic
| Processor: Intel(R) Xeon(R) Gold 6128 CPU @ 3.40GHz | Cores: 6 | Logical: 12
|---------------------------------------------------------------------------------------------|
| Total Memory (MB): 64001 | Free Memory: 58304
| Total Page/Swap (MB): 2047 | Free Page/Swap: 2038
|---------------------------------------------------------------------------------------------|
[1.130s] [ext: omni.kit.pipapi-0.0.0] startup
[1.132s] [ext: omni.kit.pip_archive-0.0.0] startup
[1.132s] [ext: omni.mtlx-0.1.0] startup
[1.133s] [ext: omni.usd.config-1.0.4] startup
[1.160s] [ext: omni.gpucompute.plugins-0.0.0] startup
[1.160s] [ext: omni.usd.libs-1.0.1] startup
[1.257s] [ext: omni.kit.telemetry-0.5.0] startup
[1.286s] [ext: omni.kit.loop-isaac-1.2.0] startup
[1.287s] [ext: omni.kit.test-0.0.0] startup
[1.334s] [ext: omni.usd.schema.semantics-0.0.0] startup
[1.451s] [ext: omni.usd.schema.anim-0.0.0] startup
[1.470s] [ext: omni.usd.schema.physx-106.0.20] startup
[1.513s] [ext: omni.usd.schema.omnigraph-1.0.0] startup
[1.520s] [ext: omni.usd.schema.audio-0.0.0] startup
[1.524s] [ext: omni.usd.schema.geospatial-0.0.0] startup
[1.527s] [ext: omni.usd.schema.forcefield-106.0.20] startup
[1.534s] [ext: omni.usd_resolver-1.0.0] startup
[1.539s] [ext: usdrt.scenegraph-7.4.8] startup
[1.591s] [ext: omni.appwindow-1.1.8] startup
2026-10-02 05:58:44 [1,572ms] [Warning] [carb.windowing-glfw.plugin] GLFW initialization failed.
2026-10-02 05:58:44 [1,572ms] [Warning] [carb] Failed to startup plugin carb.windowing-glfw.plugin (interfaces: [carb::windowing::IGLContext v1.0],[carb::windowing::IWindowing v1.4]) (impl: carb.windowing-glfw.plugin)
[1.594s] [ext: omni.kit.actions.core-1.0.0] startup
[1.596s] [ext: omni.kit.renderer.core-1.0.1] startup
2026-10-02 05:58:44 [1,578ms] [Warning] [carb.windowing-glfw.plugin] GLFW initialization failed.
2026-10-02 05:58:44 [1,578ms] [Warning] [carb] Failed to startup plugin carb.windowing-glfw.plugin (interfaces: [carb::windowing::IGLContext v1.0],[carb::windowing::IWindowing v1.4]) (impl: carb.windowing-glfw.plugin)
2026-10-02 05:58:44 [1,584ms] [Warning] [carb.windowing-glfw.plugin] GLFW initialization failed.
2026-10-02 05:58:44 [1,584ms] [Warning] [carb] Failed to startup plugin carb.windowing-glfw.plugin (interfaces: [carb::windowing::IGLContext v1.0],[carb::windowing::IWindowing v1.4]) (impl: carb.windowing-glfw.plugin)
[1.606s] [ext: omni.kit.commands-1.4.9] startup
[1.610s] [ext: omni.kit.renderer.capture-0.0.0] startup
[1.612s] [ext: omni.graph.exec-0.9.3] startup
[1.613s] [ext: omni.kit.renderer.imgui-1.0.1] startup
2026-10-02 05:58:44 [1,596ms] [Warning] [carb.windowing-glfw.plugin] GLFW initialization failed.
2026-10-02 05:58:44 [1,596ms] [Warning] [carb] Failed to startup plugin carb.windowing-glfw.plugin (interfaces: [carb::windowing::IGLContext v1.0],[carb::windowing::IWindowing v1.4]) (impl: carb.windowing-glfw.plugin)
2026-10-02 05:58:44 [1,598ms] [Warning] [carb.windowing-glfw.plugin] GLFW initialization failed.
2026-10-02 05:58:44 [1,598ms] [Warning] [carb] Failed to startup plugin carb.windowing-glfw.plugin (interfaces: [carb::windowing::IGLContext v1.0],[carb::windowing::IWindowing v1.4]) (impl: carb.windowing-glfw.plugin)
2026-10-02 05:58:44 [1,599ms] [Warning] [carb.windowing-glfw.plugin] GLFW initialization failed.
2026-10-02 05:58:44 [1,599ms] [Warning] [carb] Failed to startup plugin carb.windowing-glfw.plugin (interfaces: [carb::windowing::IGLContext v1.0],[carb::windowing::IWindowing v1.4]) (impl: carb.windowing-glfw.plugin)
[1.711s] [ext: carb.audio-0.1.0] startup
[1.715s] [ext: omni.ui-2.23.11] startup
[1.726s] [ext: omni.kit.usd_undo-0.1.8] startup
[1.727s] [ext: omni.kit.exec.core-0.13.2] startup
[1.729s] [ext: omni.kit.audiodeviceenum-1.0.1] startup
[1.730s] [ext: omni.activity.core-1.0.1] startup
[1.732s] [ext: omni.kit.window.popup_dialog-2.0.24] startup
[1.736s] [ext: omni.usd.core-1.2.11] startup
[1.742s] [ext: omni.resourcemonitor-105.0.1] startup
[1.744s] [ext: omni.timeline-1.0.10] startup
[1.746s] [ext: omni.kit.widget.nucleus_connector-1.1.8] startup
[1.748s] [ext: omni.hydra.usdrt_delegate-7.4.7] startup
[1.775s] [ext: omni.hydra.scene_delegate-0.3.3] startup
[1.785s] [ext: omni.usd-1.11.2] startup
[1.828s] [ext: omni.kit.helper.file_utils-0.1.8] startup
[1.829s] [ext: omni.kit.widget.path_field-2.0.9] startup
[1.830s] [ext: omni.kit.widget.options_menu-1.1.4] startup
[1.833s] [ext: omni.kit.widget.context_menu-1.2.1] startup
[1.834s] [ext: omni.kit.widget.filebrowser-2.10.48] startup
[1.838s] [ext: omni.kit.widget.browser_bar-2.0.10] startup
[1.839s] [ext: omni.kit.widget.options_button-1.0.2] startup
[1.840s] [ext: omni.ui.scene-1.9.3] startup
[1.845s] [ext: omni.kit.notification_manager-1.0.8] startup
[1.848s] [ext: omni.kit.clipboard-1.0.3] startup
[1.849s] [ext: omni.kit.window.filepicker-2.10.34] startup
[1.860s] [ext: omni.ujitso.processor.texture-1.0.0] startup
[1.861s] [ext: omni.iray.libs-0.0.0] startup
[1.867s] [ext: omni.kit.window.file_importer-1.1.11] startup
[1.870s] [ext: omni.ujitso.client-0.0.0] startup
[1.871s] [ext: omni.mdl.neuraylib-0.2.5] startup
[1.872s] [ext: omni.mdl-52.0.1] startup
[1.892s] [ext: omni.kit.menu.utils-1.5.27] startup
[1.901s] [ext: omni.kit.usd.layers-2.1.31] startup
[1.911s] [ext: omni.volume-0.5.0] startup
[1.914s] [ext: omni.kit.context_menu-1.Warning: Possible version incompatibility. Attempting to load omni::fabric::IPath with version v0.2 against v0.1.
Warning: Possible version incompatibility. Attempting to load omni::fabric::IPath with version v0.2 against v0.1.
8.0] startup
[1.915s] [ext: omni.hydra.rtx-0.2.0] startup
[1.936s] [ext: omni.kit.material.library-1.4.4] startup
[1.940s] [ext: omni.hydra.engine.stats-1.0.2] startup
[1.946s] [ext: omni.kit.hydra_texture-1.2.6] startup
[1.953s] [ext: omni.kit.viewport.registry-104.0.6] startup
[1.953s] [ext: omni.kit.raycast.query-1.0.5] startup
[1.964s] [ext: omni.kit.hotkeys.core-1.3.3] startup
[1.967s] [ext: omni.kit.widget.viewport-106.0.3] startup
[1.972s] [ext: omni.inspect-1.0.1] startup
[1.974s] [ext: omni.kit.viewport.window-106.0.8] startup
[1.991s] [ext: omni.kit.window.file_exporter-1.0.29] startup
[1.991s] [ext: omni.kit.widget.filter-1.1.4] startup
[1.992s] [ext: omni.kit.viewport.utility-1.0.17] startup
[1.993s] [ext: omni.kit.widget.prompt-1.0.7] startup
[1.994s] [ext: omni.kit.widget.stage-2.10.26] startup
[2.003s] [ext: omni.graph.core-2.170.3] startup
[2.008s] [ext: omni.kit.widget.text_editor-1.0.2] startup
[2.009s] [ext: omni.physx.foundation-106.0.20] startup
[2.010s] [ext: omni.kit.widget.searchfield-1.1.6] startup
[2.011s] [ext: omni.kit.widget.highlight_label-1.0.2] startup
[2.011s] [ext: omni.kit.widget.settings-1.1.1] startup
[2.013s] [ext: omni.kit.window.property-1.11.1] startup
[2.015s] [ext: omni.graph.tools-1.78.0] startup
[2.034s] [ext: omni.kit.window.preferences-1.5.3] startup
[2.042s] [ext: omni.kit.property.usd-3.21.28] startup
[2.051s] [ext: omni.graph-1.135.0] startup
[2.180s] [ext: omni.graph.image.core-0.3.2] startup
[2.186s] [ext: omni.graph.ui-1.70.0] startup
[2.201s] [ext: omni.graph.action_core-1.1.4] startup
[2.212s] [ext: omni.graph.image.nodes-1.0.2] startup
[2.215s] [ext: omni.graph.action_nodes-1.23.0] startup
[2.226s] [ext: omni.graph.nodes-1.143.0] startup
[2.242s] [ext: omni.graph.action-1.102.1] startup
[2.249s] [ext: omni.kvdb-106.0.20] startup
[2.256s] [ext: omni.debugdraw-0.1.3] startup
[2.263s] [ext: omni.usdphysics-106.0.20] startup
[2.269s] [ext: omni.localcache-106.0.20] startup
[2.272s] [ext: omni.convexdecomposition-106.0.20] startup
[2.283s] [ext: omni.graph.ui_nodes-1.25.1] startup
[2.296s] [ext: omni.physx.cooking-106.0.20] startup
[2.334s] [ext: omni.graph.bundle.action-2.0.4] startup
[2.336s] [ext: omni.kit.stage_template.core-1.1.21] startup
[2.349s] [ext: omni.physx-106.0.20] startup
[2.374s] [ext: omni.graph.scriptnode-1.19.1] startup
[2.378s] [ext: omni.physx.stageupdate-106.0.20] startup
[2.388s] [ext: omni.kit.primitive.mesh-1.0.16] startup
[2.409s] [ext: omni.kit.manipulator.transform-104.7.5] startup
[2.421s] [ext: omni.kit.widget.toolbar-1.6.2] startup
[2.470s] [ext: omni.usdphysics.ui-106.0.20] startup
[2.529s] [ext: omni.physx.commands-106.0.20] startup
[2.541s] [ext: omni.kit.manipulator.tool.snap-1.4.5] startup
[2.562s] [ext: omni.kit.stage_templates-1.2.3] startup
[2.571s] [ext: omni.physx.ui-106.0.20] startup
[2.721s] [ext: omni.kit.window.file-1.3.52] startup
[2.727s] [ext: omni.kit.property.material-1.9.4] startup
[2.731s] [ext: omni.physics.tensors-106.0.20] startup
[2.742s] [ext: omni.physx.demos-106.0.20] startup
[2.761s] [ext: omni.kit.property.physx-106.0.20] startup
[2.844s] [ext: omni.physx.tensors-106.0.20] startup
[2.851s] [ext: omni.physx.vehicle-106.0.20] startup
[2.871s] [ext: omni.sensors.tiled-0.0.4] startup
[2.875s] [ext: omni.physx.camera-106.0.20] startup
[2.886s] [ext: omni.kit.manipulator.selector-1.1.1] startup
[2.891s] [ext: omni.ui_query-1.1.2] startup
[2.895s] [ext: omni.fabric.commands-1.1.4] startup
[2.902s] [ext: omni.kit.viewport.manipulator.transform-106.0.1] startup
[2.904s] [ext: omni.kit.ui_test-1.2.18] startup
[2.906s] [ext: omni.kit.widget.graph-1.12.8] startup
[2.912s] [ext: omni.kit.manipulator.prim.core-107.0.3] startup
[2.920s] [ext: omni.physx.cct-106.0.20] startup
[2.933s] [ext: omni.kit.graph.delegate.default-1.2.2] startup
[2.938s] [ext: omni.kit.manipulator.prim.fabric-106.0.1] startup
[2.942s] [ext: omni.kit.manipulator.prim.usd-106.0.1] startup
[2.946s] [ext: omni.kit.graph.editor.core-1.5.3] startup
[2.954s] [ext: omni.kit.widget.material_preview-1.0.16] startup
[2.958s] [ext: omni.kit.manipulator.prim-106.0.0] startup
[2.960s] [ext: omni.kit.graph.usd.commands-1.3.1] startup
[2.960s] [ext: omni.kit.window.toolbar-1.6.1] startup
[2.964s] [ext: omni.kit.widget.layers-1.7.9] startup
[2.979s] [ext: omni.kit.manipulator.selection-104.0.9] startup
[2.982s] [ext: omni.physx.graph-106.0.20] startup
[3.010s] [ext: omni.physx.telemetry-106.0.20] startup
[3.022s] [ext: omni.physx.supportui-106.0.20] startup
[3.052s] [ext: omni.kit.window.material_graph-1.8.15] startup
[3.281s] [ext: omni.warp.core-1.2.1] startup
[3.291s] [ext: omni.syntheticdata-0.6.7] startup
[3.318s] [ext: omni.isaac.version-1.1.0] startup
[3.324s] [ext: omni.warp-1.2.1] startup
[3.335s] [ext: omni.physx.bundle-106.0.20] startup
[3.338s] [ext: omni.command.usd-1.0.3] startup
[3.342s] [ext: omni.isaac.nucleus-0.3.0] startup
[3.346s] [ext: omni.replicator.core-1.11.14] startup
2026-10-02 05:58:46 [3,548ms] [Warning] [omni.replicator.core.scripts.annotators] Annotator PostProcessDispatch is already registered, overwriting annotator template
[3.683s] [ext: omni.isaac.core-3.18.1] startup
[5.508s] [ext: omni.isaac.kit-1.13.0] startup
[5.514s] [ext: omni.replicator.isaac-1.15.0] startup
[5.533s] [ext: omni.physx.fabric-106.0.20] startup
[5.546s] [ext: omni.isaac.cloner-0.8.1] startup
[5.549s] [ext: omni.kit.viewport.rtx-104.0.1] startup
[5.550s] [ext: isaaclab.python.headless-1.1.0] startup
[5.551s] [ext: isaaclab.python.headless.rendering-1.1.0] startup
[5.555s] Simulation App Starting
[7.969s] app ready
/home/boosterk1/miniconda3/envs/vlnce-isaac/lib/python3.10/site-packages/tensordict/_pytree.py:218: UserWarning: torch.utils._pytree._register_pytree_node is deprecated. Please use torch.utils._pytree.register_pytree_node instead.
  register_pytree_node(
/home/boosterk1/miniconda3/envs/vlnce-isaac/lib/python3.10/site-packages/tensordict/_pytree.py:237: UserWarning: torch.utils._pytree._register_pytree_node is deprecated. Please use torch.utils._pytree.register_pytree_node instead.
  register_pytree_node(
[INFO][AppLauncher]: Loading experience file: /home/boosterk1/Projects/k1_research/IsaacLab/source/extensions/omni.isaac.lab/omni/isaac/lab/app/../../../../../../apps/isaaclab.python.headless.rendering.kit
Starting kit application with the following args:  ['/home/boosterk1/miniconda3/envs/vlnce-isaac/lib/python3.10/site-packages/isaacsim/exts/omni.isaac.kit/omni/isaac/kit/simulation_app.py', '/home/boosterk1/Projects/k1_research/IsaacLab/source/extensions/omni.isaac.lab/omni/isaac/lab/app/../../../../../../apps/isaaclab.python.headless.rendering.kit', '--/app/tokens/exe-path=/home/boosterk1/miniconda3/envs/vlnce-isaac/lib/python3.10/site-packages/omni', '--/persistent/app/viewport/displayOptions=3094', '--/rtx/materialDb/syncLoads=True', '--/rtx/hydra/materialSyncLoads=True', '--/omni.kit.plugin/syncUsdLoads=True', '--/app/renderer/resolution/width=1280', '--/app/renderer/resolution/height=720', '--/app/window/width=1440', '--/app/window/height=900', '--/renderer/multiGpu/enabled=True', '--/app/fastShutdown=True', '--ext-folder', '/home/boosterk1/miniconda3/envs/vlnce-isaac/lib/python3.10/site-packages/isaacsim/exts', '--ext-folder', '/home/boosterk1/miniconda3/envs/vlnce-isaac/lib/python3.10/site-packages/isaacsim/apps', '--/renderer/activeGpu=0', '--/physics/cudaDevice=0', '--portable', '--no-window', '--/app/window/hideUi=True']
Passing the following args to the base kit application:  ['--num_envs=1', '--checkpoint=/home/boosterk1/Projects/k1_research/checkpoints/model_14498.pt', '--gait_phase_init=0.0', '--headless', '--enable_cameras', '--task=k1_walkcheck_plane_T', '--mode', 'trial', '--robot', 'T', '--trial', 'turn_left', '--rep', '2', '--episode_idx=0', '--cam_z=0.25', '--out', '/home/boosterk1/Projects/k1_research/airc2027_walking/logs/states/T_turn_left_r2']
Warp 1.2.1 initialized:
   CUDA Toolkit 11.8, Driver 13.0
   Devices:
     "cpu"      : "x86_64"
     "cuda:0"   : "NVIDIA GeForce RTX 3090" (24 GiB, sm_86, mempool enabled)
   Kernel cache:
     /home/boosterk1/.cache/warp/1.2.1
[INFO]: Parsing configuration from: <class 'k1_walkcheck_plane_T_cfg.K1MatterportVisionCfg'>
[cam-override] offset (0.1, 0.0, 0.25)->(0.1, 0.0, 0.25)  1280x720  aperture=47.71  abs_ground_height~=0.78m (virtual if >~0.9m)
[walk_check] plane spawn hook: {'set_by_evaluator_reset_start_pos_rot': {'pos': [15.068599700927734, 4.4848198890686035, 0.721628013253212], 'rot': [0.25881901383399963, 0.0, 0.0, 0.9659258127212524]}, 'plane_spawn': {'pos': [0.0, 0.0, 0.729], 'rot': [1.0, 0.0, 0.0, 0.0]}}
[8.253s] Simulation App Startup Complete
[10.193s] [ext: omni.kit.asset_converter-2.1.11] startup
[11.526s] [ext: omni.kit.mainwindow-1.0.3] startup
[11.538s] [ext: omni.uiaudio-1.0.0] startup
[11.540s] [ext: omni.kit.uiapp-0.0.0] startup
[11.540s] [ext: omni.kit.window.drop_support-1.0.2] startup
[11.541s] [ext: omni.kit.window.content_browser_registry-0.0.6] startup
[11.543s] [ext: omni.kit.window.content_browser-2.9.14] startup
[11.569s] [ext: omni.kit.window.extensions-1.4.9] startup
[11.584s] [ext: omni.importer.urdf-1.14.1] startup
2026-10-02 05:58:54 [11,677ms] [Error] [omni.usd] Runtime Error: in Open at line 893 of /buildAgent/work/ac88d7d902b57417/USD/pxr/usd/usd/stage.cpp -- Failed to open layer @/tmp/IsaacLab/usd_20261001_235854_2392/Props/instanceable_meshes.usd@

[INFO]: Base environment:
	Environment device    : cuda:0
	Physics step-size     : 0.005
	Rendering step-size   : 0.02
	Environment step-size : 0.02
	Physics GPU pipeline  : True
	Physics GPU simulation: True
[INFO]: Time taken for scene creation : 1.595923 seconds
[INFO]: Scene manager:  <class InteractiveScene>
	Number of environments: 1
	Environment spacing   : 2.5
	Source prim name      : /World/envs/env_0
	Global prim paths     : ['/World/ground']
	Replicate physics     : True
[INFO]: Starting the simulation. This may take a few seconds. Please wait...
[INFO]: Time taken for simulation start : 1.174409 seconds
[INFO] Command Manager:  <CommandManager> contains 1 active terms.
+------------------------------------------------+
|              Active Command Terms              |
+-------+---------------+------------------------+
| Index | Name          |          Type          |
+-------+---------------+------------------------+
|   0   | base_velocity | UniformVelocityCommand |
+-------+---------------+------------------------+

[INFO] Action Manager:  <ActionManager> contains 1 active terms.
+------------------------------------+
|  Active Action Terms (shape: 22)   |
+--------+-------------+-------------+
| Index  | Name        |   Dimension |
+--------+-------------+-------------+
|   0    | joint_pos   |          22 |
+--------+-------------+-------------+

Module omni.isaac.lab.utils.warp.kernels ca938a1 load on device 'cuda:0' took 0.38 ms
[INFO] Observation Manager: <ObservationManager> contains 4 groups.
+----------------------------------------------------------+
| Active Observation Terms in Group: 'policy' (shape: (265,)) |
+-----------+--------------------------------+-------------+
|   Index   | Name                           |    Shape    |
+-----------+--------------------------------+-------------+
|     0     | base_lin_vel                   |     (3,)    |
|     1     | base_ang_vel                   |     (3,)    |
|     2     | projected_gravity              |     (3,)    |
|     3     | velocity_commands              |     (3,)    |
|     4     | joint_pos                      |    (22,)    |
|     5     | joint_vel                      |    (22,)    |
|     6     | actions                        |    (22,)    |
|     7     | height_scan                    |    (187,)   |
+-----------+--------------------------------+-------------+
+---------------------------------------------------------+
| Active Observation Terms in Group: 'proprio' (shape: (78,)) |
+-----------+---------------------------------+-----------+
|   Index   | Name                            |   Shape   |
+-----------+---------------------------------+-----------+
|     0     | base_lin_vel                    |    (3,)   |
|     1     | base_ang_vel                    |    (3,)   |
|     2     | projected_gravity               |    (3,)   |
|     3     | velocity_commands               |    (3,)   |
|     4     | joint_pos                       |   (22,)   |
|     5     | joint_vel                       |   (22,)   |
|     6     | actions                         |   (22,)   |
+-----------+---------------------------------+-----------+
+---------------------------------------------------------------------+
| Active Observation Terms in Group: 'camera_obs' (shape: (720, 1280, 4)) |
+-----------+-----------------------------+---------------------------+
|   Index   | Name                        |           Shape           |
+-----------+-----------------------------+---------------------------+
|     0     | rgb_measurement             |       (720, 1280, 4)      |
+-----------+-----------------------------+---------------------------+
+------------------------------------------------------------------------+
| Active Observation Terms in Group: 'viz_camera_obs' (shape: (512, 512, 4)) |
+------------+-------------------------------+---------------------------+
|   Index    | Name                          |           Shape           |
+------------+-------------------------------+---------------------------+
|     0      | rgb_measurement               |       (512, 512, 4)       |
+------------+-------------------------------+---------------------------+

[INFO] Event Manager:  <EventManager> contains 1 active terms.
+-------------------------------------+
| Active Event Terms in Mode: 'reset' |
+--------+----------------------------+
| Index  | Name                       |
+--------+----------------------------+
|   0    | reset_scene_to_default     |
+--------+----------------------------+

[INFO] Termination Manager:  <TerminationManager> contains 2 active terms.
+------------------------------------+
|      Active Termination Terms      |
+-------+-----------------+----------+
| Index | Name            | Time Out |
+-------+-----------------+----------+
|   0   | time_out        |   True   |
|   1   | bad_orientation |  False   |
+-------+-----------------+----------+

[INFO] Reward Manager:  <RewardManager> contains 3 active terms.
+---------------------------------------+
|          Active Reward Terms          |
+-------+----------------------+--------+
| Index | Name                 | Weight |
+-------+----------------------+--------+
|   0   | track_lin_vel_xy_exp |    2.0 |
|   1   | track_ang_vel_z_exp  |    1.0 |
|   2   | action_rate_l2       |  -0.01 |
+-------+----------------------+--------+

[INFO] Curriculum Manager:  <CurriculumManager> contains 0 active terms.
+----------------------+
| Active Curriculum Terms |
+-----------+----------+
|   Index   | Name     |
+-----------+----------+
+-----------+----------+

[INFO]: Completed setting up the environment...
[v3] loaded actor from /home/boosterk1/Projects/k1_research/checkpoints/model_14498.pt  iter=14498  params=286604
[v3-wrapper] warmup step 0/50
[v3-wrapper] warmup step 49/50
[walk_check] built: robot T wrapper wrappers_v3_T.VLNEnvWrapperV3T joints 22 action_dim 22 leg order ['Left_Hip_Pitch', 'Right_Hip_Pitch', 'Left_Hip_Roll', 'Right_Hip_Roll', 'Left_Hip_Yaw', 'Right_Hip_Yaw', 'Left_Knee_Pitch', 'Right_Knee_Pitch', 'Left_Ankle_Pitch', 'Right_Ankle_Pitch', 'Left_Ankle_Roll', 'Right_Ankle_Roll']
[walk_check] PhysX read-back: mass 19.6660 root_com_b [-0.0043391999788582325, -0.0006553399725817144, 0.06568600237369537]
[walk_check] saved /home/boosterk1/Projects/k1_research/airc2027_walking/logs/states/T_turn_left_r2.npz/.json rows={'total': 850, 'reset_warmup': 50, 'zero_warmup': 200, 'command': 600} fall=None wall=55.5s
2026-10-02 05:58:56 [13,730ms] [Warning] [omni.hydra.scene_delegate.plugin] Calling getBypassRenderSkelMeshProcessing for prim /World/envs/env_0/Robot/Left_Hip_Roll/visuals.proto_mesh_0_id0 that has not been populated
2026-10-02 05:59:49 [66,736ms] [Warning] [carb.windowing-glfw.plugin] GLFW initialization failed.
2026-10-02 05:59:49 [66,736ms] [Warning] [carb] Failed to startup plugin carb.windowing-glfw.plugin (interfaces: [carb::windowing::IGLContext v1.0],[carb::windowing::IWindowing v1.4]) (impl: carb.windowing-glfw.plugin)
[66.903s] Simulation App Shutting Down
