[Warning] [omni.isaac.kit.simulation_app] Modules: ['omni.kit_app'] were loaded before SimulationApp was started and might not be loaded correctly.
[Warning] [omni.isaac.kit.simulation_app] Please check to make sure no extra omniverse or pxr modules are imported before the call to SimulationApp(...)
Loading user config located at: '/home/boosterk1/miniconda3/envs/vlnce-isaac/lib/python3.10/site-packages/omni/data/Kit/Isaac-Sim/4.1/user.config.json'
[Info] [carb] Logging to file: /home/boosterk1/miniconda3/envs/vlnce-isaac/lib/python3.10/site-packages/omni/logs/Kit/Isaac-Sim/4.1/kit_20261001_195929.log
2026-10-02 01:59:29 [0ms] [Warning] [omni.kit.app.plugin] No crash reporter present, dumps uploading isn't available.
[0.063s] [ext: omni.kit.async_engine-0.0.0] startup
[0.165s] [ext: omni.stats-1.0.1] startup
[0.166s] [ext: omni.client-1.1.0] startup
[0.198s] [ext: omni.datastore-0.0.0] startup
[0.199s] [ext: omni.blobkey-1.1.0] startup
[0.199s] [ext: omni.ujitso.default-1.0.0] startup
[0.200s] [ext: omni.hsscclient-0.0.0] startup
[0.201s] [ext: omni.rtx.shadercache.vulkan-1.0.0] startup
[0.202s] [ext: omni.assets.plugins-0.0.0] startup
[0.204s] [ext: omni.gpu_foundation-0.0.0] startup
[0.215s] [ext: carb.windowing.plugins-1.0.0] startup
2026-10-02 01:59:29 [192ms] [Warning] [carb.windowing-glfw.plugin] GLFW initialization failed.
2026-10-02 01:59:29 [192ms] [Warning] [carb] Failed to startup plugin carb.windowing-glfw.plugin (interfaces: [carb::windowing::IGLContext v1.0],[carb::windowing::IWindowing v1.4]) (impl: carb.windowing-glfw.plugin)
[0.216s] [ext: omni.kit.renderer.init-0.0.0] startup
2026-10-02 01:59:29 [209ms] [Warning] [omni.platforminfo.plugin] failed to open the default display.  Can't verify X Server version.

|---------------------------------------------------------------------------------------------|
| Driver Version: 580.173.02    | Graphics API: Vulkan
|=============================================================================================|
| GPU | Name                             | Active | LDA | GPU Memory | Vendor-ID | LUID       |
|     |                                  |        |     |            | Device-ID | UUID       |
|     |                                  |        |     |            | Bus-ID    |            |
|---------------------------------------------------------------------------------------------|
| 0   | NVIDIA GeForce RTX 3090          | Yes: 0 |     | 24822   MB | 10de      | 0          |
|     |                                  |        |     |            | 2204      | c4160bf8.. |
|     |                                  |        |     |            | 2d        |            |
|=============================================================================================|
| OS: 22.04.5 LTS (Jammy Jellyfish) ubuntu, Version: 22.04.5, Kernel: 6.8.0-124-generic
| Processor: Intel(R) Xeon(R) Gold 6128 CPU @ 3.40GHz | Cores: 6 | Logical: 12
|---------------------------------------------------------------------------------------------|
| Total Memory (MB): 64001 | Free Memory: 58143
| Total Page/Swap (MB): 2047 | Free Page/Swap: 2038
|---------------------------------------------------------------------------------------------|
[1.143s] [ext: omni.kit.pipapi-0.0.0] startup
[1.145s] [ext: omni.kit.pip_archive-0.0.0] startup
[1.145s] [ext: omni.mtlx-0.1.0] startup
[1.146s] [ext: omni.usd.config-1.0.4] startup
[1.149s] [ext: omni.gpucompute.plugins-0.0.0] startup
[1.150s] [ext: omni.usd.libs-1.0.1] startup
[1.249s] [ext: omni.kit.telemetry-0.5.0] startup
[1.281s] [ext: omni.kit.loop-isaac-1.2.0] startup
[1.283s] [ext: omni.kit.test-0.0.0] startup
[1.335s] [ext: omni.usd.schema.semantics-0.0.0] startup
[1.459s] [ext: omni.usd.schema.anim-0.0.0] startup
[1.478s] [ext: omni.usd.schema.physx-106.0.20] startup
[1.524s] [ext: omni.usd.schema.omnigraph-1.0.0] startup
[1.531s] [ext: omni.usd.schema.audio-0.0.0] startup
[1.536s] [ext: omni.usd.schema.geospatial-0.0.0] startup
[1.539s] [ext: omni.usd.schema.forcefield-106.0.20] startup
[1.546s] [ext: omni.usd_resolver-1.0.0] startup
[1.554s] [ext: usdrt.scenegraph-7.4.8] startup
[1.612s] [ext: omni.appwindow-1.1.8] startup
2026-10-02 01:59:30 [1,589ms] [Warning] [carb.windowing-glfw.plugin] GLFW initialization failed.
2026-10-02 01:59:30 [1,589ms] [Warning] [carb] Failed to startup plugin carb.windowing-glfw.plugin (interfaces: [carb::windowing::IGLContext v1.0],[carb::windowing::IWindowing v1.4]) (impl: carb.windowing-glfw.plugin)
[1.615s] [ext: omni.kit.actions.core-1.0.0] startup
[1.617s] [ext: omni.kit.renderer.core-1.0.1] startup
2026-10-02 01:59:30 [1,596ms] [Warning] [carb.windowing-glfw.plugin] GLFW initialization failed.
2026-10-02 01:59:30 [1,596ms] [Warning] [carb] Failed to startup plugin carb.windowing-glfw.plugin (interfaces: [carb::windowing::IGLContext v1.0],[carb::windowing::IWindowing v1.4]) (impl: carb.windowing-glfw.plugin)
2026-10-02 01:59:30 [1,605ms] [Warning] [carb.windowing-glfw.plugin] GLFW initialization failed.
2026-10-02 01:59:30 [1,605ms] [Warning] [carb] Failed to startup plugin carb.windowing-glfw.plugin (interfaces: [carb::windowing::IGLContext v1.0],[carb::windowing::IWindowing v1.4]) (impl: carb.windowing-glfw.plugin)
[1.631s] [ext: omni.kit.commands-1.4.9] startup
[1.636s] [ext: omni.kit.renderer.capture-0.0.0] startup
[1.639s] [ext: omni.graph.exec-0.9.3] startup
[1.640s] [ext: omni.kit.renderer.imgui-1.0.1] startup
2026-10-02 01:59:30 [1,620ms] [Warning] [carb.windowing-glfw.plugin] GLFW initialization failed.
2026-10-02 01:59:30 [1,620ms] [Warning] [carb] Failed to startup plugin carb.windowing-glfw.plugin (interfaces: [carb::windowing::IGLContext v1.0],[carb::windowing::IWindowing v1.4]) (impl: carb.windowing-glfw.plugin)
2026-10-02 01:59:30 [1,622ms] [Warning] [carb.windowing-glfw.plugin] GLFW initialization failed.
2026-10-02 01:59:30 [1,622ms] [Warning] [carb] Failed to startup plugin carb.windowing-glfw.plugin (interfaces: [carb::windowing::IGLContext v1.0],[carb::windowing::IWindowing v1.4]) (impl: carb.windowing-glfw.plugin)
2026-10-02 01:59:30 [1,623ms] [Warning] [carb.windowing-glfw.plugin] GLFW initialization failed.
2026-10-02 01:59:30 [1,623ms] [Warning] [carb] Failed to startup plugin carb.windowing-glfw.plugin (interfaces: [carb::windowing::IGLContext v1.0],[carb::windowing::IWindowing v1.4]) (impl: carb.windowing-glfw.plugin)
[1.740s] [ext: carb.audio-0.1.0] startup
[1.745s] [ext: omni.ui-2.23.11] startup
[1.757s] [ext: omni.kit.usd_undo-0.1.8] startup
[1.758s] [ext: omni.kit.exec.core-0.13.2] startup
[1.761s] [ext: omni.kit.audiodeviceenum-1.0.1] startup
[1.763s] [ext: omni.activity.core-1.0.1] startup
[1.765s] [ext: omni.kit.window.popup_dialog-2.0.24] startup
[1.770s] [ext: omni.usd.core-1.2.11] startup
[1.775s] [ext: omni.resourcemonitor-105.0.1] startup
[1.778s] [ext: omni.timeline-1.0.10] startup
[1.780s] [ext: omni.kit.widget.nucleus_connector-1.1.8] startup
[1.782s] [ext: omni.hydra.usdrt_delegate-7.4.7] startup
[1.810s] [ext: omni.hydra.scene_delegate-0.3.3] startup
[1.820s] [ext: omni.usd-1.11.2] startup
[1.874s] [ext: omni.kit.helper.file_utils-0.1.8] startup
[1.875s] [ext: omni.kit.widget.path_field-2.0.9] startup
[1.876s] [ext: omni.kit.widget.options_menu-1.1.4] startup
[1.879s] [ext: omni.kit.widget.context_menu-1.2.1] startup
[1.880s] [ext: omni.kit.widget.filebrowser-2.10.48] startup
[1.885s] [ext: omni.kit.widget.browser_bar-2.0.10] startup
[1.886s] [ext: omni.kit.widget.options_button-1.0.2] startup
[1.886s] [ext: omni.ui.scene-1.9.3] startup
[1.892s] [ext: omni.kit.notification_manager-1.0.8] startup
[1.894s] [ext: omni.kit.clipboard-1.0.3] startup
[1.895s] [ext: omni.kit.window.filepicker-2.10.34] startup
[1.907s] [ext: omni.ujitso.processor.texture-1.0.0] startup
[1.908s] [ext: omni.iray.libs-0.0.0] startup
[1.915s] [ext: omni.kit.window.file_importer-1.1.11] startup
[1.918s] [ext: omni.ujitso.client-0.0.0] startup
[1.918s] [ext: omni.mdl.neuraylib-0.2.5] startup
[1.920s] [ext: omni.mdl-52.0.1] startup
[1.939s] [ext: omni.kit.menu.utils-1.5.27] startup
[1.950s] [ext: omni.kit.usd.layers-2.1.31] startup
[1.960s] [ext: omni.volume-0.5.0] startup
[1.964s] [ext: omni.kit.context_menu-1.Warning: Possible version incompatibility. Attempting to load omni::fabric::IPath with version v0.2 against v0.1.
Warning: Possible version incompatibility. Attempting to load omni::fabric::IPath with version v0.2 against v0.1.
8.0] startup
[1.966s] [ext: omni.hydra.rtx-0.2.0] startup
[1.987s] [ext: omni.kit.material.library-1.4.4] startup
[1.992s] [ext: omni.hydra.engine.stats-1.0.2] startup
[1.998s] [ext: omni.kit.hydra_texture-1.2.6] startup
[2.004s] [ext: omni.kit.viewport.registry-104.0.6] startup
[2.005s] [ext: omni.kit.raycast.query-1.0.5] startup
[2.016s] [ext: omni.kit.hotkeys.core-1.3.3] startup
[2.019s] [ext: omni.kit.widget.viewport-106.0.3] startup
[2.024s] [ext: omni.inspect-1.0.1] startup
[2.026s] [ext: omni.kit.viewport.window-106.0.8] startup
[2.043s] [ext: omni.kit.window.file_exporter-1.0.29] startup
[2.045s] [ext: omni.kit.widget.filter-1.1.4] startup
[2.045s] [ext: omni.kit.viewport.utility-1.0.17] startup
[2.046s] [ext: omni.kit.widget.prompt-1.0.7] startup
[2.047s] [ext: omni.kit.widget.stage-2.10.26] startup
[2.057s] [ext: omni.graph.core-2.170.3] startup
[2.062s] [ext: omni.kit.widget.text_editor-1.0.2] startup
[2.064s] [ext: omni.physx.foundation-106.0.20] startup
[2.064s] [ext: omni.kit.widget.searchfield-1.1.6] startup
[2.065s] [ext: omni.kit.widget.highlight_label-1.0.2] startup
[2.066s] [ext: omni.kit.widget.settings-1.1.1] startup
[2.067s] [ext: omni.kit.window.property-1.11.1] startup
[2.069s] [ext: omni.graph.tools-1.78.0] startup
[2.089s] [ext: omni.kit.window.preferences-1.5.3] startup
[2.098s] [ext: omni.kit.property.usd-3.21.28] startup
[2.108s] [ext: omni.graph-1.135.0] startup
[2.242s] [ext: omni.graph.image.core-0.3.2] startup
[2.248s] [ext: omni.graph.ui-1.70.0] startup
[2.263s] [ext: omni.graph.action_core-1.1.4] startup
[2.274s] [ext: omni.graph.image.nodes-1.0.2] startup
[2.277s] [ext: omni.graph.action_nodes-1.23.0] startup
[2.288s] [ext: omni.graph.nodes-1.143.0] startup
[2.305s] [ext: omni.graph.action-1.102.1] startup
[2.308s] [ext: omni.kvdb-106.0.20] startup
[2.319s] [ext: omni.debugdraw-0.1.3] startup
[2.330s] [ext: omni.usdphysics-106.0.20] startup
[2.337s] [ext: omni.localcache-106.0.20] startup
[2.342s] [ext: omni.convexdecomposition-106.0.20] startup
[2.353s] [ext: omni.graph.ui_nodes-1.25.1] startup
[2.364s] [ext: omni.physx.cooking-106.0.20] startup
[2.382s] [ext: omni.graph.bundle.action-2.0.4] startup
[2.384s] [ext: omni.kit.stage_template.core-1.1.21] startup
[2.386s] [ext: omni.physx-106.0.20] startup
[2.418s] [ext: omni.graph.scriptnode-1.19.1] startup
[2.433s] [ext: omni.physx.stageupdate-106.0.20] startup
[2.455s] [ext: omni.kit.primitive.mesh-1.0.16] startup
[2.492s] [ext: omni.kit.manipulator.transform-104.7.5] startup
[2.501s] [ext: omni.kit.widget.toolbar-1.6.2] startup
[2.555s] [ext: omni.usdphysics.ui-106.0.20] startup
[2.602s] [ext: omni.physx.commands-106.0.20] startup
[2.614s] [ext: omni.kit.manipulator.tool.snap-1.4.5] startup
[2.647s] [ext: omni.kit.stage_templates-1.2.3] startup
[2.688s] [ext: omni.physx.ui-106.0.20] startup
[2.810s] [ext: omni.kit.window.file-1.3.52] startup
[2.818s] [ext: omni.kit.property.material-1.9.4] startup
[2.823s] [ext: omni.physics.tensors-106.0.20] startup
[2.833s] [ext: omni.physx.demos-106.0.20] startup
[2.854s] [ext: omni.kit.property.physx-106.0.20] startup
[2.944s] [ext: omni.physx.tensors-106.0.20] startup
[2.952s] [ext: omni.physx.vehicle-106.0.20] startup
[2.972s] [ext: omni.sensors.tiled-0.0.4] startup
[2.978s] [ext: omni.physx.camera-106.0.20] startup
[2.990s] [ext: omni.kit.manipulator.selector-1.1.1] startup
[2.994s] [ext: omni.ui_query-1.1.2] startup
[2.998s] [ext: omni.fabric.commands-1.1.4] startup
[3.005s] [ext: omni.kit.viewport.manipulator.transform-106.0.1] startup
[3.008s] [ext: omni.kit.ui_test-1.2.18] startup
[3.011s] [ext: omni.kit.widget.graph-1.12.8] startup
[3.018s] [ext: omni.kit.manipulator.prim.core-107.0.3] startup
[3.026s] [ext: omni.physx.cct-106.0.20] startup
[3.039s] [ext: omni.kit.graph.delegate.default-1.2.2] startup
[3.044s] [ext: omni.kit.manipulator.prim.fabric-106.0.1] startup
[3.047s] [ext: omni.kit.manipulator.prim.usd-106.0.1] startup
[3.052s] [ext: omni.kit.graph.editor.core-1.5.3] startup
[3.060s] [ext: omni.kit.widget.material_preview-1.0.16] startup
[3.064s] [ext: omni.kit.manipulator.prim-106.0.0] startup
[3.066s] [ext: omni.kit.graph.usd.commands-1.3.1] startup
[3.070s] [ext: omni.kit.window.toolbar-1.6.1] startup
[3.077s] [ext: omni.kit.widget.layers-1.7.9] startup
[3.094s] [ext: omni.kit.manipulator.selection-104.0.9] startup
[3.099s] [ext: omni.physx.graph-106.0.20] startup
[3.119s] [ext: omni.physx.telemetry-106.0.20] startup
[3.127s] [ext: omni.physx.supportui-106.0.20] startup
[3.152s] [ext: omni.kit.window.material_graph-1.8.15] startup
[3.288s] [ext: omni.warp.core-1.2.1] startup
[3.294s] [ext: omni.syntheticdata-0.6.7] startup
[3.312s] [ext: omni.isaac.version-1.1.0] startup
[3.316s] [ext: omni.warp-1.2.1] startup
[3.323s] [ext: omni.physx.bundle-106.0.20] startup
[3.327s] [ext: omni.command.usd-1.0.3] startup
[3.336s] [ext: omni.isaac.nucleus-0.3.0] startup
[3.338s] [ext: omni.replicator.core-1.11.14] startup
2026-10-02 01:59:32 [3,585ms] [Warning] [omni.replicator.core.scripts.annotators] Annotator PostProcessDispatch is already registered, overwriting annotator template
[3.728s] [ext: omni.isaac.core-3.18.1] startup
[5.228s] [ext: omni.isaac.kit-1.13.0] startup
[5.228s] [ext: omni.replicator.isaac-1.15.0] startup
[5.252s] [ext: omni.physx.fabric-106.0.20] startup
[5.261s] [ext: omni.isaac.cloner-0.8.1] startup
[5.265s] [ext: omni.kit.viewport.rtx-104.0.1] startup
[5.266s] [ext: isaaclab.python.headless-1.1.0] startup
[5.266s] [ext: isaaclab.python.headless.rendering-1.1.0] startup
[5.268s] Simulation App Starting
[7.867s] app ready
/home/boosterk1/miniconda3/envs/vlnce-isaac/lib/python3.10/site-packages/tensordict/_pytree.py:218: UserWarning: torch.utils._pytree._register_pytree_node is deprecated. Please use torch.utils._pytree.register_pytree_node instead.
  register_pytree_node(
/home/boosterk1/miniconda3/envs/vlnce-isaac/lib/python3.10/site-packages/tensordict/_pytree.py:237: UserWarning: torch.utils._pytree._register_pytree_node is deprecated. Please use torch.utils._pytree.register_pytree_node instead.
  register_pytree_node(
[INFO][AppLauncher]: Loading experience file: /home/boosterk1/Projects/k1_research/IsaacLab/source/extensions/omni.isaac.lab/omni/isaac/lab/app/../../../../../../apps/isaaclab.python.headless.rendering.kit
Starting kit application with the following args:  ['/home/boosterk1/miniconda3/envs/vlnce-isaac/lib/python3.10/site-packages/isaacsim/exts/omni.isaac.kit/omni/isaac/kit/simulation_app.py', '/home/boosterk1/Projects/k1_research/IsaacLab/source/extensions/omni.isaac.lab/omni/isaac/lab/app/../../../../../../apps/isaaclab.python.headless.rendering.kit', '--/app/tokens/exe-path=/home/boosterk1/miniconda3/envs/vlnce-isaac/lib/python3.10/site-packages/omni', '--/persistent/app/viewport/displayOptions=3094', '--/rtx/materialDb/syncLoads=True', '--/rtx/hydra/materialSyncLoads=True', '--/omni.kit.plugin/syncUsdLoads=True', '--/app/renderer/resolution/width=1280', '--/app/renderer/resolution/height=720', '--/app/window/width=1440', '--/app/window/height=900', '--/renderer/multiGpu/enabled=True', '--/app/fastShutdown=True', '--ext-folder', '/home/boosterk1/miniconda3/envs/vlnce-isaac/lib/python3.10/site-packages/isaacsim/exts', '--ext-folder', '/home/boosterk1/miniconda3/envs/vlnce-isaac/lib/python3.10/site-packages/isaacsim/apps', '--/renderer/activeGpu=0', '--/physics/cudaDevice=0', '--portable', '--no-window', '--/app/window/hideUi=True']
Passing the following args to the base kit application:  ['--task=k1_matterport_vision', '--num_envs=1', '--checkpoint=/home/boosterk1/Projects/k1_research/checkpoints/model_14498.pt', '--gait_phase_init=0.0', '--headless', '--enable_cameras', '--episode_idx=0', '--cam_z=0.25', '--skip_removal', '--physics_cpu', '--out_dir', '/home/boosterk1/Projects/k1_research/airc2027_renders/diagnosis/sim/physics_cpu_diag_cz025']
Warp 1.2.1 initialized:
   CUDA Toolkit 11.8, Driver 13.0
   Devices:
     "cpu"      : "x86_64"
     "cuda:0"   : "NVIDIA GeForce RTX 3090" (24 GiB, sm_86, mempool enabled)
   Kernel cache:
     /home/boosterk1/.cache/warp/1.2.1
[INFO]: Parsing configuration from: <class 'omni.isaac.vlnce.config.k1.k1_matterport_vision_cfg.K1MatterportVisionCfg'>
[cam-override] offset (0.1, 0.0, 0.25)->(0.1, 0.0, 0.25)  1280x720  aperture=47.71  abs_ground_height~=0.78m (virtual if >~0.9m)
[8.186s] Simulation App Startup Complete
[10.562s] [ext: omni.kit.asset_converter-2.1.11] startup
[11.966s] [ext: omni.kit.mainwindow-1.0.3] startup
[11.978s] [ext: omni.uiaudio-1.0.0] startup
[11.981s] [ext: omni.kit.uiapp-0.0.0] startup
[11.981s] [ext: omni.kit.window.drop_support-1.0.2] startup
[11.982s] [ext: omni.kit.window.content_browser_registry-0.0.6] startup
[11.983s] [ext: omni.kit.window.content_browser-2.9.14] startup
[12.011s] [ext: omni.kit.window.extensions-1.4.9] startup
[12.030s] [ext: omni.importer.urdf-1.14.1] startup
2026-10-02 01:59:41 [12,128ms] [Error] [omni.usd] Runtime Error: in Open at line 893 of /buildAgent/work/ac88d7d902b57417/USD/pxr/usd/usd/stage.cpp -- Failed to open layer @/tmp/IsaacLab/usd_20261001_195941_8535/Props/instanceable_meshes.usd@

[INFO]: Base environment:
	Environment device    : cpu
	Physics step-size     : 0.005
	Rendering step-size   : 0.02
	Environment step-size : 0.02
	Physics GPU pipeline  : False
	Physics GPU simulation: False
[INFO]: Time taken for scene creation : 1.543811 seconds
[INFO]: Scene manager:  <class InteractiveScene>
	Number of environments: 1
	Environment spacing   : 2.5
	Source prim name      : /World/envs/env_0
	Global prim paths     : ['/World/matterport']
	Replicate physics     : True
[INFO]: Starting the simulation. This may take a few seconds. Please wait...
[INFO]: Time taken for simulation start : 1.120503 seconds
[INFO] Command Manager:  <CommandManager> contains 1 active terms.
+------------------------------------------------+
|              Active Command Terms              |
+-------+---------------+------------------------+
| Index | Name          |          Type          |
+-------+---------------+------------------------+
|   0   | base_velocity | UniformVelocityCommand |
+-------+---------------+------------------------+

[INFO] Action Manager:  <ActionManager> contains 1 active terms.
+------------------------------------+
|  Active Action Terms (shape: 12)   |
+--------+-------------+-------------+
| Index  | Name        |   Dimension |
+--------+-------------+-------------+
|   0    | joint_pos   |          12 |
+--------+-------------+-------------+

Module omni.isaac.lab.utils.warp.kernels ca938a1 load on device 'cpu' took 1620.69 ms
[INFO] Observation Manager: <ObservationManager> contains 4 groups.
+----------------------------------------------------------+
| Active Observation Terms in Group: 'policy' (shape: (235,)) |
+-----------+--------------------------------+-------------+
|   Index   | Name                           |    Shape    |
+-----------+--------------------------------+-------------+
|     0     | base_lin_vel                   |     (3,)    |
|     1     | base_ang_vel                   |     (3,)    |
|     2     | projected_gravity              |     (3,)    |
|     3     | velocity_commands              |     (3,)    |
|     4     | joint_pos                      |    (12,)    |
|     5     | joint_vel                      |    (12,)    |
|     6     | actions                        |    (12,)    |
|     7     | height_scan                    |    (187,)   |
+-----------+--------------------------------+-------------+
+---------------------------------------------------------+
| Active Observation Terms in Group: 'proprio' (shape: (48,)) |
+-----------+---------------------------------+-----------+
|   Index   | Name                            |   Shape   |
+-----------+---------------------------------+-----------+
|     0     | base_lin_vel                    |    (3,)   |
|     1     | base_ang_vel                    |    (3,)   |
|     2     | projected_gravity               |    (3,)   |
|     3     | velocity_commands               |    (3,)   |
|     4     | joint_pos                       |   (12,)   |
|     5     | joint_vel                       |   (12,)   |
|     6     | actions                         |   (12,)   |
+-----------+---------------------------------+-----------+
+---------------------------------------------------------------------+
| Active Observation Terms in Group: 'camera_obs' (shape: (720, 1280, 4)) |
+-----------+-----------------------------+---------------------------+
|   Index   | Name                        |           Shape           |
+-----------+-----------------------------+---------------------------+
|     0     | rgb_measurement             |       (720, 1280, 4)      |
+-----------+-----------------------------+---------------------------+
+------------------------------------------------------------------------+
| Active Observation Terms in Group: 'viz_camera_obs' (shape: (512, 512, 4)) |
+------------+-------------------------------+---------------------------+
|   Index    | Name                          |           Shape           |
+------------+-------------------------------+---------------------------+
|     0      | rgb_measurement               |       (512, 512, 4)       |
+------------+-------------------------------+---------------------------+

[INFO] Event Manager:  <EventManager> contains 1 active terms.
+-------------------------------------+
| Active Event Terms in Mode: 'reset' |
+--------+----------------------------+
| Index  | Name                       |
+--------+----------------------------+
|   0    | reset_scene_to_default     |
+--------+----------------------------+

[INFO] Termination Manager:  <TerminationManager> contains 2 active terms.
+------------------------------------+
|      Active Termination Terms      |
+-------+-----------------+----------+
| Index | Name            | Time Out |
+-------+-----------------+----------+
|   0   | time_out        |   True   |
|   1   | bad_orientation |  False   |
+-------+-----------------+----------+

[INFO] Reward Manager:  <RewardManager> contains 3 active terms.
+---------------------------------------+
|          Active Reward Terms          |
+-------+----------------------+--------+
| Index | Name                 | Weight |
+-------+----------------------+--------+
|   0   | track_lin_vel_xy_exp |    2.0 |
|   1   | track_ang_vel_z_exp  |    1.0 |
|   2   | action_rate_l2       |  -0.01 |
+-------+----------------------+--------+

[INFO] Curriculum Manager:  <CurriculumManager> contains 0 active terms.
+----------------------+
| Active Curriculum Terms |
+-----------+----------+
|   Index   | Name     |
+-----------+----------+
+-----------+----------+

[INFO]: Completed setting up the environment...
[v3] loaded actor from /home/boosterk1/Projects/k1_research/checkpoints/model_14498.pt  iter=14498  params=286604
[v3-wrapper] warmup step 0/50
[v3-wrapper] warmup step 49/50
[frame A_reset] robot gray 0.0016 chase gray 0.0006 depth {'gray_px': 1471, 'depth_median': 1.4262869358062744, 'depth_p5': 0.9556551575660706, 'depth_p95': 1.6813374757766724}
[poses B_after_reset] trunk [15.1064  4.4634  0.49  ] yaw 150.09  floor -0.006850153207778931  trunk-floor 0.4968562722206116  cam-floor 0.7472185581446549  cam-start 0.5687
[E] total mass 19.66599976271391 trunk 10.65999984741211
[ray after_reset] mesh_3@current_trunk: []
[ray after_reset] mesh_3@spawn_pose: []
[ray after_reset] mesh_7@current_trunk: []
[ray after_reset] mesh_7@spawn_pose: []
[ray after_reset] mesh_11@current_trunk: []
[ray after_reset] mesh_11@spawn_pose: []
[frame D_walk_step025] robot gray 0.0006 chase gray 0.0007 depth {'gray_px': 597, 'depth_median': 1.0681217908859253, 'depth_p5': 0.22500885426998138, 'depth_p95': 1.3320791959762572}
[frame D_walk_step050] robot gray 0.0005 chase gray 0.0001 depth {'gray_px': 491, 'depth_median': 0.8682443499565125, 'depth_p5': 0.5921002328395844, 'depth_p95': 1.198974847793579}
[frame D_walk_step075] robot gray 0.0005 chase gray 0.0007 depth {'gray_px': 479, 'depth_median': 0.8675376176834106, 'depth_p5': 0.20963164716958999, 'depth_p95': 1.4755144357681274}
[frame D_walk_step100] robot gray 0.0009 chase gray 0.0006 depth {'gray_px': 784, 'depth_median': 0.7459060549736023, 'depth_p5': 0.19028413742780687, 'depth_p95': 1.049985086917877}
[poses D_after_walk_2s] trunk [14.8546  4.4208  0.5147] yaw 143.62  floor -0.004094600677490234  trunk-floor 0.5188444256782532  cam-floor 0.7737039954994943  cam-start 0.5980
[ray after_walk_2s] mesh_3@current_trunk: []
[ray after_walk_2s] mesh_3@spawn_pose: []
[ray after_walk_2s] mesh_7@current_trunk: []
[ray after_walk_2s] mesh_7@spawn_pose: []
[ray after_walk_2s] mesh_11@current_trunk: []
[ray after_walk_2s] mesh_11@spawn_pose: []
[D] 2-s walk: {'trunk_z_minus_start_z': {'mean': 0.3461656415462494, 'min': 0.3124130517244339, 'max': 0.3759264200925827}, 'camera_z_minus_start_z': {'mean': 0.6016900141253964, 'min': 0.5546754150593406, 'max': 0.637751212670933}, 'trunk_z_minus_floor_at_start': {'mean': 0.5246438080072403, 'min': 0.4908912181854248, 'max': 0.5544045865535736}, 'camera_z_minus_floor_at_start': {'mean': 0.7801681805863871, 'min': 0.7331535815203315, 'max': 0.816229379131924}, 'net_displacement_xy_m': 0.25538871765097476}
[v3-wrapper] warmup step 0/50
[v3-wrapper] warmup step 49/50
[frame F0_rereset] robot gray 0.0017 chase gray 0.0005 depth {'gray_px': 1548, 'depth_median': 1.433124303817749, 'depth_p5': 0.9520142376422882, 'depth_p95': 1.684925812482834}
[poses F0_after_rereset] trunk [15.1064  4.4634  0.49  ] yaw 150.09  floor -0.006850153207778931  trunk-floor 0.4968562722206116  cam-floor 0.7472185581446549  cam-start 0.5687
[F0] {'max_abs_diff': 109, 'mean_abs_diff': 1.7699330873842594, 'share_channels_differ': 0.7522395833333333}
[done] wrote /home/boosterk1/Projects/k1_research/airc2027_renders/diagnosis/sim/physics_cpu_diag_cz025/step3_results.json
2026-10-02 01:59:43 [14,071ms] [Warning] [omni.hydra.scene_delegate.plugin] Calling getBypassRenderSkelMeshProcessing for prim /World/envs/env_0/Robot/Right_Hip_Roll/visuals.proto_mesh_0_id0 that has not been populated
2026-10-02 01:59:43 [14,203ms] [Warning] [omni.syntheticdata.plugin] OgnSdPostRenderVarToHost : rendervar copy from texture directly to host buffer is counter-performant. Please use copy from texture to device buffer first.
2026-10-02 01:59:59 [30,571ms] [Warning] [carb.windowing-glfw.plugin] GLFW initialization failed.
2026-10-02 01:59:59 [30,571ms] [Warning] [carb] Failed to startup plugin carb.windowing-glfw.plugin (interfaces: [carb::windowing::IGLContext v1.0],[carb::windowing::IWindowing v1.4]) (impl: carb.windowing-glfw.plugin)
[30.755s] Simulation App Shutting Down
