[Warning] [omni.isaac.kit.simulation_app] Modules: ['omni.kit_app'] were loaded before SimulationApp was started and might not be loaded correctly.
[Warning] [omni.isaac.kit.simulation_app] Please check to make sure no extra omniverse or pxr modules are imported before the call to SimulationApp(...)
Loading user config located at: '/home/boosterk1/miniconda3/envs/vlnce-isaac/lib/python3.10/site-packages/omni/data/Kit/Isaac-Sim/4.1/user.config.json'
[Info] [carb] Logging to file: /home/boosterk1/miniconda3/envs/vlnce-isaac/lib/python3.10/site-packages/omni/logs/Kit/Isaac-Sim/4.1/kit_20261001_202239.log
2026-10-02 02:22:39 [0ms] [Warning] [omni.kit.app.plugin] No crash reporter present, dumps uploading isn't available.
[0.059s] [ext: omni.kit.async_engine-0.0.0] startup
[0.160s] [ext: omni.stats-1.0.1] startup
[0.161s] [ext: omni.client-1.1.0] startup
[0.191s] [ext: omni.datastore-0.0.0] startup
[0.192s] [ext: omni.blobkey-1.1.0] startup
[0.192s] [ext: omni.ujitso.default-1.0.0] startup
[0.193s] [ext: omni.hsscclient-0.0.0] startup
[0.193s] [ext: omni.rtx.shadercache.vulkan-1.0.0] startup
[0.194s] [ext: omni.assets.plugins-0.0.0] startup
[0.196s] [ext: omni.gpu_foundation-0.0.0] startup
[0.207s] [ext: carb.windowing.plugins-1.0.0] startup
2026-10-02 02:22:39 [190ms] [Warning] [carb.windowing-glfw.plugin] GLFW initialization failed.
2026-10-02 02:22:39 [190ms] [Warning] [carb] Failed to startup plugin carb.windowing-glfw.plugin (interfaces: [carb::windowing::IGLContext v1.0],[carb::windowing::IWindowing v1.4]) (impl: carb.windowing-glfw.plugin)
[0.208s] [ext: omni.kit.renderer.init-0.0.0] startup
2026-10-02 02:22:39 [209ms] [Warning] [omni.platforminfo.plugin] failed to open the default display.  Can't verify X Server version.

|---------------------------------------------------------------------------------------------|
| Driver Version: 580.173.02    | Graphics API: Vulkan
|=============================================================================================|
| GPU | Name                             | Active | LDA | GPU Memory | Vendor-ID | LUID       |
|     |                                  |        |     |            | Device-ID | UUID       |
|     |                                  |        |     |            | Bus-ID    |            |
|---------------------------------------------------------------------------------------------|
| 0   | NVIDIA GeForce RTX 3090          | Yes: 0 |     | 24822   MB | 10de      | 0          |
|     |                                  |        |     |            | 2204      | c4160bf8.. |
|     |                                  |        |     |            | 2d        |            |
|=============================================================================================|
| OS: 22.04.5 LTS (Jammy Jellyfish) ubuntu, Version: 22.04.5, Kernel: 6.8.0-124-generic
| Processor: Intel(R) Xeon(R) Gold 6128 CPU @ 3.40GHz | Cores: 6 | Logical: 12
|---------------------------------------------------------------------------------------------|
| Total Memory (MB): 64001 | Free Memory: 58563
| Total Page/Swap (MB): 2047 | Free Page/Swap: 2038
|---------------------------------------------------------------------------------------------|
[1.187s] [ext: omni.kit.pipapi-0.0.0] startup
[1.189s] [ext: omni.kit.pip_archive-0.0.0] startup
[1.189s] [ext: omni.mtlx-0.1.0] startup
[1.190s] [ext: omni.usd.config-1.0.4] startup
[1.203s] [ext: omni.gpucompute.plugins-0.0.0] startup
[1.204s] [ext: omni.usd.libs-1.0.1] startup
[1.299s] [ext: omni.kit.telemetry-0.5.0] startup
[1.332s] [ext: omni.kit.loop-isaac-1.2.0] startup
[1.333s] [ext: omni.kit.test-0.0.0] startup
[1.384s] [ext: omni.usd.schema.semantics-0.0.0] startup
[1.504s] [ext: omni.usd.schema.anim-0.0.0] startup
[1.522s] [ext: omni.usd.schema.physx-106.0.20] startup
[1.568s] [ext: omni.usd.schema.omnigraph-1.0.0] startup
[1.576s] [ext: omni.usd.schema.audio-0.0.0] startup
[1.580s] [ext: omni.usd.schema.geospatial-0.0.0] startup
[1.583s] [ext: omni.usd.schema.forcefield-106.0.20] startup
[1.589s] [ext: omni.usd_resolver-1.0.0] startup
[1.595s] [ext: usdrt.scenegraph-7.4.8] startup
[1.648s] [ext: omni.appwindow-1.1.8] startup
2026-10-02 02:22:40 [1,631ms] [Warning] [carb.windowing-glfw.plugin] GLFW initialization failed.
2026-10-02 02:22:40 [1,631ms] [Warning] [carb] Failed to startup plugin carb.windowing-glfw.plugin (interfaces: [carb::windowing::IGLContext v1.0],[carb::windowing::IWindowing v1.4]) (impl: carb.windowing-glfw.plugin)
[1.651s] [ext: omni.kit.actions.core-1.0.0] startup
[1.653s] [ext: omni.kit.renderer.core-1.0.1] startup
2026-10-02 02:22:40 [1,637ms] [Warning] [carb.windowing-glfw.plugin] GLFW initialization failed.
2026-10-02 02:22:40 [1,637ms] [Warning] [carb] Failed to startup plugin carb.windowing-glfw.plugin (interfaces: [carb::windowing::IGLContext v1.0],[carb::windowing::IWindowing v1.4]) (impl: carb.windowing-glfw.plugin)
2026-10-02 02:22:40 [1,643ms] [Warning] [carb.windowing-glfw.plugin] GLFW initialization failed.
2026-10-02 02:22:40 [1,643ms] [Warning] [carb] Failed to startup plugin carb.windowing-glfw.plugin (interfaces: [carb::windowing::IGLContext v1.0],[carb::windowing::IWindowing v1.4]) (impl: carb.windowing-glfw.plugin)
[1.663s] [ext: omni.kit.commands-1.4.9] startup
[1.667s] [ext: omni.kit.renderer.capture-0.0.0] startup
[1.669s] [ext: omni.graph.exec-0.9.3] startup
[1.670s] [ext: omni.kit.renderer.imgui-1.0.1] startup
2026-10-02 02:22:40 [1,656ms] [Warning] [carb.windowing-glfw.plugin] GLFW initialization failed.
2026-10-02 02:22:40 [1,656ms] [Warning] [carb] Failed to startup plugin carb.windowing-glfw.plugin (interfaces: [carb::windowing::IGLContext v1.0],[carb::windowing::IWindowing v1.4]) (impl: carb.windowing-glfw.plugin)
2026-10-02 02:22:40 [1,658ms] [Warning] [carb.windowing-glfw.plugin] GLFW initialization failed.
2026-10-02 02:22:40 [1,658ms] [Warning] [carb] Failed to startup plugin carb.windowing-glfw.plugin (interfaces: [carb::windowing::IGLContext v1.0],[carb::windowing::IWindowing v1.4]) (impl: carb.windowing-glfw.plugin)
2026-10-02 02:22:40 [1,659ms] [Warning] [carb.windowing-glfw.plugin] GLFW initialization failed.
2026-10-02 02:22:40 [1,659ms] [Warning] [carb] Failed to startup plugin carb.windowing-glfw.plugin (interfaces: [carb::windowing::IGLContext v1.0],[carb::windowing::IWindowing v1.4]) (impl: carb.windowing-glfw.plugin)
[1.765s] [ext: carb.audio-0.1.0] startup
[1.770s] [ext: omni.ui-2.23.11] startup
[1.780s] [ext: omni.kit.usd_undo-0.1.8] startup
[1.781s] [ext: omni.kit.exec.core-0.13.2] startup
[1.783s] [ext: omni.kit.audiodeviceenum-1.0.1] startup
[1.785s] [ext: omni.activity.core-1.0.1] startup
[1.787s] [ext: omni.kit.window.popup_dialog-2.0.24] startup
[1.791s] [ext: omni.usd.core-1.2.11] startup
[1.796s] [ext: omni.resourcemonitor-105.0.1] startup
[1.798s] [ext: omni.timeline-1.0.10] startup
[1.800s] [ext: omni.kit.widget.nucleus_connector-1.1.8] startup
[1.802s] [ext: omni.hydra.usdrt_delegate-7.4.7] startup
[1.829s] [ext: omni.hydra.scene_delegate-0.3.3] startup
[1.839s] [ext: omni.usd-1.11.2] startup
[1.892s] [ext: omni.kit.helper.file_utils-0.1.8] startup
[1.894s] [ext: omni.kit.widget.path_field-2.0.9] startup
[1.894s] [ext: omni.kit.widget.options_menu-1.1.4] startup
[1.897s] [ext: omni.kit.widget.context_menu-1.2.1] startup
[1.898s] [ext: omni.kit.widget.filebrowser-2.10.48] startup
[1.903s] [ext: omni.kit.widget.browser_bar-2.0.10] startup
[1.904s] [ext: omni.kit.widget.options_button-1.0.2] startup
[1.904s] [ext: omni.ui.scene-1.9.3] startup
[1.910s] [ext: omni.kit.notification_manager-1.0.8] startup
[1.912s] [ext: omni.kit.clipboard-1.0.3] startup
[1.913s] [ext: omni.kit.window.filepicker-2.10.34] startup
[1.924s] [ext: omni.ujitso.processor.texture-1.0.0] startup
[1.925s] [ext: omni.iray.libs-0.0.0] startup
[1.932s] [ext: omni.kit.window.file_importer-1.1.11] startup
[1.934s] [ext: omni.ujitso.client-0.0.0] startup
[1.935s] [ext: omni.mdl.neuraylib-0.2.5] startup
[1.937s] [ext: omni.mdl-52.0.1] startup
[1.955s] [ext: omni.kit.menu.utils-1.5.27] startup
[1.965s] [ext: omni.kit.usd.layers-2.1.31] startup
[1.975s] [ext: omni.volume-0.5.0] startup
[1.978s] [ext: omni.kit.context_menu-1.Warning: Possible version incompatibility. Attempting to load omni::fabric::IPath with version v0.2 against v0.1.
Warning: Possible version incompatibility. Attempting to load omni::fabric::IPath with version v0.2 against v0.1.
8.0] startup
[1.979s] [ext: omni.hydra.rtx-0.2.0] startup
[2.001s] [ext: omni.kit.material.library-1.4.4] startup
[2.005s] [ext: omni.hydra.engine.stats-1.0.2] startup
[2.011s] [ext: omni.kit.hydra_texture-1.2.6] startup
[2.017s] [ext: omni.kit.viewport.registry-104.0.6] startup
[2.017s] [ext: omni.kit.raycast.query-1.0.5] startup
[2.028s] [ext: omni.kit.hotkeys.core-1.3.3] startup
[2.031s] [ext: omni.kit.widget.viewport-106.0.3] startup
[2.035s] [ext: omni.inspect-1.0.1] startup
[2.037s] [ext: omni.kit.viewport.window-106.0.8] startup
[2.054s] [ext: omni.kit.window.file_exporter-1.0.29] startup
[2.055s] [ext: omni.kit.widget.filter-1.1.4] startup
[2.056s] [ext: omni.kit.viewport.utility-1.0.17] startup
[2.056s] [ext: omni.kit.widget.prompt-1.0.7] startup
[2.057s] [ext: omni.kit.widget.stage-2.10.26] startup
[2.066s] [ext: omni.graph.core-2.170.3] startup
[2.071s] [ext: omni.kit.widget.text_editor-1.0.2] startup
[2.072s] [ext: omni.physx.foundation-106.0.20] startup
[2.073s] [ext: omni.kit.widget.searchfield-1.1.6] startup
[2.074s] [ext: omni.kit.widget.highlight_label-1.0.2] startup
[2.074s] [ext: omni.kit.widget.settings-1.1.1] startup
[2.076s] [ext: omni.kit.window.property-1.11.1] startup
[2.078s] [ext: omni.graph.tools-1.78.0] startup
[2.097s] [ext: omni.kit.window.preferences-1.5.3] startup
[2.106s] [ext: omni.kit.property.usd-3.21.28] startup
[2.115s] [ext: omni.graph-1.135.0] startup
[2.249s] [ext: omni.graph.image.core-0.3.2] startup
[2.255s] [ext: omni.graph.ui-1.70.0] startup
[2.270s] [ext: omni.graph.action_core-1.1.4] startup
[2.280s] [ext: omni.graph.image.nodes-1.0.2] startup
[2.283s] [ext: omni.graph.action_nodes-1.23.0] startup
[2.294s] [ext: omni.graph.nodes-1.143.0] startup
[2.312s] [ext: omni.graph.action-1.102.1] startup
[2.316s] [ext: omni.kvdb-106.0.20] startup
[2.320s] [ext: omni.debugdraw-0.1.3] startup
[2.330s] [ext: omni.usdphysics-106.0.20] startup
[2.336s] [ext: omni.localcache-106.0.20] startup
[2.339s] [ext: omni.convexdecomposition-106.0.20] startup
[2.347s] [ext: omni.graph.ui_nodes-1.25.1] startup
[2.357s] [ext: omni.physx.cooking-106.0.20] startup
[2.377s] [ext: omni.graph.bundle.action-2.0.4] startup
[2.378s] [ext: omni.kit.stage_template.core-1.1.21] startup
[2.380s] [ext: omni.physx-106.0.20] startup
[2.403s] [ext: omni.graph.scriptnode-1.19.1] startup
[2.407s] [ext: omni.physx.stageupdate-106.0.20] startup
[2.447s] [ext: omni.kit.primitive.mesh-1.0.16] startup
[2.497s] [ext: omni.kit.manipulator.transform-104.7.5] startup
[2.508s] [ext: omni.kit.widget.toolbar-1.6.2] startup
[2.546s] [ext: omni.usdphysics.ui-106.0.20] startup
[2.590s] [ext: omni.physx.commands-106.0.20] startup
[2.602s] [ext: omni.kit.manipulator.tool.snap-1.4.5] startup
[2.627s] [ext: omni.kit.stage_templates-1.2.3] startup
[2.654s] [ext: omni.physx.ui-106.0.20] startup
[2.770s] [ext: omni.kit.window.file-1.3.52] startup
[2.776s] [ext: omni.kit.property.material-1.9.4] startup
[2.780s] [ext: omni.physics.tensors-106.0.20] startup
[2.791s] [ext: omni.physx.demos-106.0.20] startup
[2.810s] [ext: omni.kit.property.physx-106.0.20] startup
[2.889s] [ext: omni.physx.tensors-106.0.20] startup
[2.897s] [ext: omni.physx.vehicle-106.0.20] startup
[2.916s] [ext: omni.sensors.tiled-0.0.4] startup
[2.920s] [ext: omni.physx.camera-106.0.20] startup
[2.931s] [ext: omni.kit.manipulator.selector-1.1.1] startup
[2.938s] [ext: omni.ui_query-1.1.2] startup
[2.939s] [ext: omni.fabric.commands-1.1.4] startup
[2.946s] [ext: omni.kit.viewport.manipulator.transform-106.0.1] startup
[2.948s] [ext: omni.kit.ui_test-1.2.18] startup
[2.951s] [ext: omni.kit.widget.graph-1.12.8] startup
[2.956s] [ext: omni.kit.manipulator.prim.core-107.0.3] startup
[2.963s] [ext: omni.physx.cct-106.0.20] startup
[2.975s] [ext: omni.kit.graph.delegate.default-1.2.2] startup
[2.980s] [ext: omni.kit.manipulator.prim.fabric-106.0.1] startup
[2.981s] [ext: omni.kit.manipulator.prim.usd-106.0.1] startup
[2.992s] [ext: omni.kit.graph.editor.core-1.5.3] startup
[3.001s] [ext: omni.kit.widget.material_preview-1.0.16] startup
[3.007s] [ext: omni.kit.manipulator.prim-106.0.0] startup
[3.008s] [ext: omni.kit.graph.usd.commands-1.3.1] startup
[3.010s] [ext: omni.kit.window.toolbar-1.6.1] startup
[3.013s] [ext: omni.kit.widget.layers-1.7.9] startup
[3.024s] [ext: omni.kit.manipulator.selection-104.0.9] startup
[3.028s] [ext: omni.physx.graph-106.0.20] startup
[3.044s] [ext: omni.physx.telemetry-106.0.20] startup
[3.052s] [ext: omni.physx.supportui-106.0.20] startup
[3.075s] [ext: omni.kit.window.material_graph-1.8.15] startup
[3.210s] [ext: omni.warp.core-1.2.1] startup
[3.216s] [ext: omni.syntheticdata-0.6.7] startup
[3.232s] [ext: omni.isaac.version-1.1.0] startup
[3.238s] [ext: omni.warp-1.2.1] startup
[3.245s] [ext: omni.physx.bundle-106.0.20] startup
[3.249s] [ext: omni.command.usd-1.0.3] startup
[3.253s] [ext: omni.isaac.nucleus-0.3.0] startup
[3.256s] [ext: omni.replicator.core-1.11.14] startup
2026-10-02 02:22:42 [3,439ms] [Warning] [omni.replicator.core.scripts.annotators] Annotator PostProcessDispatch is already registered, overwriting annotator template
[3.574s] [ext: omni.isaac.core-3.18.1] startup
[4.976s] [ext: omni.isaac.kit-1.13.0] startup
[4.980s] [ext: omni.replicator.isaac-1.15.0] startup
[5.001s] [ext: omni.physx.fabric-106.0.20] startup
[5.010s] [ext: omni.isaac.cloner-0.8.1] startup
[5.014s] [ext: omni.kit.viewport.rtx-104.0.1] startup
[5.014s] [ext: isaaclab.python.headless-1.1.0] startup
[5.016s] [ext: isaaclab.python.headless.rendering-1.1.0] startup
[5.021s] Simulation App Starting
[7.348s] app ready
/home/boosterk1/miniconda3/envs/vlnce-isaac/lib/python3.10/site-packages/tensordict/_pytree.py:218: UserWarning: torch.utils._pytree._register_pytree_node is deprecated. Please use torch.utils._pytree.register_pytree_node instead.
  register_pytree_node(
/home/boosterk1/miniconda3/envs/vlnce-isaac/lib/python3.10/site-packages/tensordict/_pytree.py:237: UserWarning: torch.utils._pytree._register_pytree_node is deprecated. Please use torch.utils._pytree.register_pytree_node instead.
  register_pytree_node(
[7.642s] Simulation App Startup Complete
[10.385s] [ext: omni.kit.asset_converter-2.1.11] startup
[11.786s] [ext: omni.kit.mainwindow-1.0.3] startup
[11.805s] [ext: omni.uiaudio-1.0.0] startup
[11.808s] [ext: omni.kit.uiapp-0.0.0] startup
[11.808s] [ext: omni.kit.window.drop_support-1.0.2] startup
[11.809s] [ext: omni.kit.window.content_browser_registry-0.0.6] startup
[11.811s] [ext: omni.kit.window.content_browser-2.9.14] startup
[11.861s] [ext: omni.kit.window.extensions-1.4.9] startup
[11.887s] [ext: omni.importer.urdf-1.14.1] startup
2026-10-02 02:22:51 [12,098ms] [Error] [omni.usd] Runtime Error: in Open at line 893 of /buildAgent/work/ac88d7d902b57417/USD/pxr/usd/usd/stage.cpp -- Failed to open layer @/tmp/IsaacLab/usd_20261001_202250_6874/Props/instanceable_meshes.usd@

[INFO][AppLauncher]: Loading experience file: /home/boosterk1/Projects/k1_research/IsaacLab/source/extensions/omni.isaac.lab/omni/isaac/lab/app/../../../../../../apps/isaaclab.python.headless.rendering.kit
Starting kit application with the following args:  ['/home/boosterk1/miniconda3/envs/vlnce-isaac/lib/python3.10/site-packages/isaacsim/exts/omni.isaac.kit/omni/isaac/kit/simulation_app.py', '/home/boosterk1/Projects/k1_research/IsaacLab/source/extensions/omni.isaac.lab/omni/isaac/lab/app/../../../../../../apps/isaaclab.python.headless.rendering.kit', '--/app/tokens/exe-path=/home/boosterk1/miniconda3/envs/vlnce-isaac/lib/python3.10/site-packages/omni', '--/persistent/app/viewport/displayOptions=3094', '--/rtx/materialDb/syncLoads=True', '--/rtx/hydra/materialSyncLoads=True', '--/omni.kit.plugin/syncUsdLoads=True', '--/app/renderer/resolution/width=1920', '--/app/renderer/resolution/height=1080', '--/app/window/width=1440', '--/app/window/height=900', '--/renderer/multiGpu/enabled=True', '--/app/fastShutdown=True', '--ext-folder', '/home/boosterk1/miniconda3/envs/vlnce-isaac/lib/python3.10/site-packages/isaacsim/exts', '--ext-folder', '/home/boosterk1/miniconda3/envs/vlnce-isaac/lib/python3.10/site-packages/isaacsim/apps', '--/renderer/activeGpu=0', '--/physics/cudaDevice=0', '--portable', '--no-window', '--/app/window/hideUi=True']
Passing the following args to the base kit application:  ['--task=k1_matterport_vision', '--num_envs=1', '--checkpoint=/home/boosterk1/Projects/k1_research/checkpoints/model_14498.pt', '--gait_phase_init=0.0', '--headless', '--enable_cameras', '--model', 'as_evaluated', '--episode_idx=0', '--out_dir', '/home/boosterk1/Projects/k1_research/airc2027_renders/images/as_evaluated/third_person']
Warp 1.2.1 initialized:
   CUDA Toolkit 11.8, Driver 13.0
   Devices:
     "cpu"      : "x86_64"
     "cuda:0"   : "NVIDIA GeForce RTX 3090" (24 GiB, sm_86, mempool enabled)
   Kernel cache:
     /home/boosterk1/.cache/warp/1.2.1
[INFO]: Parsing configuration from: <class 'omni.isaac.vlnce.config.k1.k1_matterport_vision_cfg.K1MatterportVisionCfg'>
[INFO]: Base environment:
	Environment device    : cuda:0
	Physics step-size     : 0.005
	Rendering step-size   : 0.02
	Environment step-size : 0.02
	Physics GPU pipeline  : True
	Physics GPU simulation: True
[INFO]: Time taken for scene creation : 1.736278 seconds
[INFO]: Scene manager:  <class InteractiveScene>
	Number of environments: 1
	Environment spacing   : 2.5
	Source prim name      : /World/envs/env_0
	Global prim paths     : ['/World/matterport']
	Replicate physics     : True
[INFO]: Starting the simulation. This may take a few seconds. Please wait...
[INFO]: Time taken for simulation start : 1.109605 seconds
[INFO] Command Manager:  <CommandManager> contains 1 active terms.
+------------------------------------------------+
|              Active Command Terms              |
+-------+---------------+------------------------+
| Index | Name          |          Type          |
+-------+---------------+------------------------+
|   0   | base_velocity | UniformVelocityCommand |
+-------+---------------+------------------------+

[INFO] Action Manager:  <ActionManager> contains 1 active terms.
+------------------------------------+
|  Active Action Terms (shape: 12)   |
+--------+-------------+-------------+
| Index  | Name        |   Dimension |
+--------+-------------+-------------+
|   0    | joint_pos   |          12 |
+--------+-------------+-------------+

Module omni.isaac.lab.utils.warp.kernels ca938a1 load on device 'cuda:0' took 0.45 ms
[INFO] Observation Manager: <ObservationManager> contains 4 groups.
+----------------------------------------------------------+
| Active Observation Terms in Group: 'policy' (shape: (235,)) |
+-----------+--------------------------------+-------------+
|   Index   | Name                           |    Shape    |
+-----------+--------------------------------+-------------+
|     0     | base_lin_vel                   |     (3,)    |
|     1     | base_ang_vel                   |     (3,)    |
|     2     | projected_gravity              |     (3,)    |
|     3     | velocity_commands              |     (3,)    |
|     4     | joint_pos                      |    (12,)    |
|     5     | joint_vel                      |    (12,)    |
|     6     | actions                        |    (12,)    |
|     7     | height_scan                    |    (187,)   |
+-----------+--------------------------------+-------------+
+---------------------------------------------------------+
| Active Observation Terms in Group: 'proprio' (shape: (48,)) |
+-----------+---------------------------------+-----------+
|   Index   | Name                            |   Shape   |
+-----------+---------------------------------+-----------+
|     0     | base_lin_vel                    |    (3,)   |
|     1     | base_ang_vel                    |    (3,)   |
|     2     | projected_gravity               |    (3,)   |
|     3     | velocity_commands               |    (3,)   |
|     4     | joint_pos                       |   (12,)   |
|     5     | joint_vel                       |   (12,)   |
|     6     | actions                         |   (12,)   |
+-----------+---------------------------------+-----------+
+---------------------------------------------------------------------+
| Active Observation Terms in Group: 'camera_obs' (shape: (720, 1280, 4)) |
+-----------+-----------------------------+---------------------------+
|   Index   | Name                        |           Shape           |
+-----------+-----------------------------+---------------------------+
|     0     | rgb_measurement             |       (720, 1280, 4)      |
+-----------+-----------------------------+---------------------------+
+------------------------------------------------------------------------+
| Active Observation Terms in Group: 'viz_camera_obs' (shape: (512, 512, 4)) |
+------------+-------------------------------+---------------------------+
|   Index    | Name                          |           Shape           |
+------------+-------------------------------+---------------------------+
|     0      | rgb_measurement               |       (512, 512, 4)       |
+------------+-------------------------------+---------------------------+

[INFO] Event Manager:  <EventManager> contains 1 active terms.
+-------------------------------------+
| Active Event Terms in Mode: 'reset' |
+--------+----------------------------+
| Index  | Name                       |
+--------+----------------------------+
|   0    | reset_scene_to_default     |
+--------+----------------------------+

[INFO] Termination Manager:  <TerminationManager> contains 2 active terms.
+------------------------------------+
|      Active Termination Terms      |
+-------+-----------------+----------+
| Index | Name            | Time Out |
+-------+-----------------+----------+
|   0   | time_out        |   True   |
|   1   | bad_orientation |  False   |
+-------+-----------------+----------+

[INFO] Reward Manager:  <RewardManager> contains 3 active terms.
+---------------------------------------+
|          Active Reward Terms          |
+-------+----------------------+--------+
| Index | Name                 | Weight |
+-------+----------------------+--------+
|   0   | track_lin_vel_xy_exp |    2.0 |
|   1   | track_ang_vel_z_exp  |    1.0 |
|   2   | action_rate_l2       |  -0.01 |
+-------+----------------------+--------+

[INFO] Curriculum Manager:  <CurriculumManager> contains 0 active terms.
+----------------------+
| Active Curriculum Terms |
+-----------+----------+
|   Index   | Name     |
+-----------+----------+
+-----------+----------+

[INFO]: Completed setting up the environment...
[v3] loaded actor from /home/boosterk1/Projects/k1_research/checkpoints/model_14498.pt  iter=14498  params=286604
[v3-wrapper] warmup step 0/50
[v3-wrapper] warmup step 49/50
[trunk] [15.10703468  4.46175194  0.48991537] [ 0.25706235  0.00147723 -0.00302095  0.96638894]
/home/boosterk1/Projects/k1_research/airc2027_renders/scripts/sim_render_pt.py:166: UserWarning: Creating a tensor from a list of numpy.ndarrays is extremely slow. Please consider converting the list to a single numpy.ndarray with numpy.array() before converting to a tensor. (Triggered internally at ../torch/csrc/utils/tensor_new.cpp:275.)
  s = torch.tensor([o], dtype=torch.float32, device=str(mesh.device))
[pt settings] {'/rtx/rendermode': 'PathTracing', '/rtx/pathtracing/spp': 32, '/rtx/pathtracing/totalSpp': 256, '/rtx/pathtracing/optixDenoiser/enabled': True, '/rtx/pathtracing/maxBounces': 4, '/rtx/pathtracing/clampSpp': 0, '/rtx/pathtracing/adaptiveSampling/enabled': False}
[pt] behind_left: mean 142.2  conv-delta 0.000
[pt] side: mean 114.4  conv-delta 0.000
[pt] upper_body_close: mean 157.9  conv-delta 0.000
2026-10-02 02:22:53 [13,970ms] [Warning] [omni.hydra.scene_delegate.plugin] Calling getBypassRenderSkelMeshProcessing for prim /World/envs/env_0/Robot/Trunk/visuals.proto_mesh_6_id6 that has not been populated
2026-10-02 02:23:01 [22,114ms] [Warning] [omni.syntheticdata.plugin] OgnSdPostRenderVarToHost : rendervar copy from texture directly to host buffer is counter-performant. Please use copy from texture to device buffer first.
2026-10-02 02:23:52 [73,267ms] [Warning] [carb.windowing-glfw.plugin] GLFW initialization failed.
2026-10-02 02:23:52 [73,267ms] [Warning] [carb] Failed to startup plugin carb.windowing-glfw.plugin (interfaces: [carb::windowing::IGLContext v1.0],[carb::windowing::IWindowing v1.4]) (impl: carb.windowing-glfw.plugin)
[77.660s] Simulation App Shutting Down
