[Warning] [omni.isaac.kit.simulation_app] Modules: ['omni.kit_app'] were loaded before SimulationApp was started and might not be loaded correctly.
[Warning] [omni.isaac.kit.simulation_app] Please check to make sure no extra omniverse or pxr modules are imported before the call to SimulationApp(...)
Loading user config located at: '/home/boosterk1/miniconda3/envs/vlnce-isaac/lib/python3.10/site-packages/omni/data/Kit/Isaac-Sim/4.1/user.config.json'
[Info] [carb] Logging to file: /home/boosterk1/miniconda3/envs/vlnce-isaac/lib/python3.10/site-packages/omni/logs/Kit/Isaac-Sim/4.1/kit_20261001_202728.log
2026-10-02 02:27:28 [0ms] [Warning] [omni.kit.app.plugin] No crash reporter present, dumps uploading isn't available.
[0.057s] [ext: omni.kit.async_engine-0.0.0] startup
[0.158s] [ext: omni.stats-1.0.1] startup
[0.159s] [ext: omni.client-1.1.0] startup
[0.190s] [ext: omni.datastore-0.0.0] startup
[0.191s] [ext: omni.blobkey-1.1.0] startup
[0.191s] [ext: omni.ujitso.default-1.0.0] startup
[0.192s] [ext: omni.hsscclient-0.0.0] startup
[0.193s] [ext: omni.rtx.shadercache.vulkan-1.0.0] startup
[0.194s] [ext: omni.assets.plugins-0.0.0] startup
[0.196s] [ext: omni.gpu_foundation-0.0.0] startup
[0.207s] [ext: carb.windowing.plugins-1.0.0] startup
2026-10-02 02:27:29 [189ms] [Warning] [carb.windowing-glfw.plugin] GLFW initialization failed.
2026-10-02 02:27:29 [189ms] [Warning] [carb] Failed to startup plugin carb.windowing-glfw.plugin (interfaces: [carb::windowing::IGLContext v1.0],[carb::windowing::IWindowing v1.4]) (impl: carb.windowing-glfw.plugin)
[0.208s] [ext: omni.kit.renderer.init-0.0.0] startup
2026-10-02 02:27:29 [204ms] [Warning] [omni.platforminfo.plugin] failed to open the default display.  Can't verify X Server version.

|---------------------------------------------------------------------------------------------|
| Driver Version: 580.173.02    | Graphics API: Vulkan
|=============================================================================================|
| GPU | Name                             | Active | LDA | GPU Memory | Vendor-ID | LUID       |
|     |                                  |        |     |            | Device-ID | UUID       |
|     |                                  |        |     |            | Bus-ID    |            |
|---------------------------------------------------------------------------------------------|
| 0   | NVIDIA GeForce RTX 3090          | Yes: 0 |     | 24822   MB | 10de      | 0          |
|     |                                  |        |     |            | 2204      | c4160bf8.. |
|     |                                  |        |     |            | 2d        |            |
|=============================================================================================|
| OS: 22.04.5 LTS (Jammy Jellyfish) ubuntu, Version: 22.04.5, Kernel: 6.8.0-124-generic
| Processor: Intel(R) Xeon(R) Gold 6128 CPU @ 3.40GHz | Cores: 6 | Logical: 12
|---------------------------------------------------------------------------------------------|
| Total Memory (MB): 64001 | Free Memory: 58539
| Total Page/Swap (MB): 2047 | Free Page/Swap: 2038
|---------------------------------------------------------------------------------------------|
[1.157s] [ext: omni.kit.pipapi-0.0.0] startup
[1.159s] [ext: omni.kit.pip_archive-0.0.0] startup
[1.159s] [ext: omni.mtlx-0.1.0] startup
[1.160s] [ext: omni.usd.config-1.0.4] startup
[1.180s] [ext: omni.gpucompute.plugins-0.0.0] startup
[1.180s] [ext: omni.usd.libs-1.0.1] startup
[1.275s] [ext: omni.kit.telemetry-0.5.0] startup
[1.311s] [ext: omni.kit.loop-isaac-1.2.0] startup
[1.312s] [ext: omni.kit.test-0.0.0] startup
[1.361s] [ext: omni.usd.schema.semantics-0.0.0] startup
[1.480s] [ext: omni.usd.schema.anim-0.0.0] startup
[1.499s] [ext: omni.usd.schema.physx-106.0.20] startup
[1.543s] [ext: omni.usd.schema.omnigraph-1.0.0] startup
[1.551s] [ext: omni.usd.schema.audio-0.0.0] startup
[1.554s] [ext: omni.usd.schema.geospatial-0.0.0] startup
[1.557s] [ext: omni.usd.schema.forcefield-106.0.20] startup
[1.564s] [ext: omni.usd_resolver-1.0.0] startup
[1.570s] [ext: usdrt.scenegraph-7.4.8] startup
[1.621s] [ext: omni.appwindow-1.1.8] startup
2026-10-02 02:27:30 [1,603ms] [Warning] [carb.windowing-glfw.plugin] GLFW initialization failed.
2026-10-02 02:27:30 [1,603ms] [Warning] [carb] Failed to startup plugin carb.windowing-glfw.plugin (interfaces: [carb::windowing::IGLContext v1.0],[carb::windowing::IWindowing v1.4]) (impl: carb.windowing-glfw.plugin)
[1.624s] [ext: omni.kit.actions.core-1.0.0] startup
[1.626s] [ext: omni.kit.renderer.core-1.0.1] startup
2026-10-02 02:27:30 [1,610ms] [Warning] [carb.windowing-glfw.plugin] GLFW initialization failed.
2026-10-02 02:27:30 [1,610ms] [Warning] [carb] Failed to startup plugin carb.windowing-glfw.plugin (interfaces: [carb::windowing::IGLContext v1.0],[carb::windowing::IWindowing v1.4]) (impl: carb.windowing-glfw.plugin)
2026-10-02 02:27:30 [1,616ms] [Warning] [carb.windowing-glfw.plugin] GLFW initialization failed.
2026-10-02 02:27:30 [1,616ms] [Warning] [carb] Failed to startup plugin carb.windowing-glfw.plugin (interfaces: [carb::windowing::IGLContext v1.0],[carb::windowing::IWindowing v1.4]) (impl: carb.windowing-glfw.plugin)
[1.637s] [ext: omni.kit.commands-1.4.9] startup
[1.641s] [ext: omni.kit.renderer.capture-0.0.0] startup
[1.643s] [ext: omni.graph.exec-0.9.3] startup
[1.644s] [ext: omni.kit.renderer.imgui-1.0.1] startup
2026-10-02 02:27:30 [1,629ms] [Warning] [carb.windowing-glfw.plugin] GLFW initialization failed.
2026-10-02 02:27:30 [1,629ms] [Warning] [carb] Failed to startup plugin carb.windowing-glfw.plugin (interfaces: [carb::windowing::IGLContext v1.0],[carb::windowing::IWindowing v1.4]) (impl: carb.windowing-glfw.plugin)
2026-10-02 02:27:30 [1,631ms] [Warning] [carb.windowing-glfw.plugin] GLFW initialization failed.
2026-10-02 02:27:30 [1,631ms] [Warning] [carb] Failed to startup plugin carb.windowing-glfw.plugin (interfaces: [carb::windowing::IGLContext v1.0],[carb::windowing::IWindowing v1.4]) (impl: carb.windowing-glfw.plugin)
2026-10-02 02:27:30 [1,632ms] [Warning] [carb.windowing-glfw.plugin] GLFW initialization failed.
2026-10-02 02:27:30 [1,632ms] [Warning] [carb] Failed to startup plugin carb.windowing-glfw.plugin (interfaces: [carb::windowing::IGLContext v1.0],[carb::windowing::IWindowing v1.4]) (impl: carb.windowing-glfw.plugin)
[1.762s] [ext: carb.audio-0.1.0] startup
[1.767s] [ext: omni.ui-2.23.11] startup
[1.778s] [ext: omni.kit.usd_undo-0.1.8] startup
[1.778s] [ext: omni.kit.exec.core-0.13.2] startup
[1.781s] [ext: omni.kit.audiodeviceenum-1.0.1] startup
[1.782s] [ext: omni.activity.core-1.0.1] startup
[1.784s] [ext: omni.kit.window.popup_dialog-2.0.24] startup
[1.788s] [ext: omni.usd.core-1.2.11] startup
[1.793s] [ext: omni.resourcemonitor-105.0.1] startup
[1.795s] [ext: omni.timeline-1.0.10] startup
[1.796s] [ext: omni.kit.widget.nucleus_connector-1.1.8] startup
[1.798s] [ext: omni.hydra.usdrt_delegate-7.4.7] startup
[1.824s] [ext: omni.hydra.scene_delegate-0.3.3] startup
[1.833s] [ext: omni.usd-1.11.2] startup
[1.877s] [ext: omni.kit.helper.file_utils-0.1.8] startup
[1.879s] [ext: omni.kit.widget.path_field-2.0.9] startup
[1.880s] [ext: omni.kit.widget.options_menu-1.1.4] startup
[1.882s] [ext: omni.kit.widget.context_menu-1.2.1] startup
[1.883s] [ext: omni.kit.widget.filebrowser-2.10.48] startup
[1.888s] [ext: omni.kit.widget.browser_bar-2.0.10] startup
[1.888s] [ext: omni.kit.widget.options_button-1.0.2] startup
[1.889s] [ext: omni.ui.scene-1.9.3] startup
[1.894s] [ext: omni.kit.notification_manager-1.0.8] startup
[1.896s] [ext: omni.kit.clipboard-1.0.3] startup
[1.897s] [ext: omni.kit.window.filepicker-2.10.34] startup
[1.908s] [ext: omni.ujitso.processor.texture-1.0.0] startup
[1.910s] [ext: omni.iray.libs-0.0.0] startup
[1.916s] [ext: omni.kit.window.file_importer-1.1.11] startup
[1.918s] [ext: omni.ujitso.client-0.0.0] startup
[1.919s] [ext: omni.mdl.neuraylib-0.2.5] startup
[1.921s] [ext: omni.mdl-52.0.1] startup
[1.939s] [ext: omni.kit.menu.utils-1.5.27] startup
[1.949s] [ext: omni.kit.usd.layers-2.1.31] startup
[1.958s] [ext: omni.volume-0.5.0] startup
[1.961s] [ext: omni.kit.context_menu-1.Warning: Possible version incompatibility. Attempting to load omni::fabric::IPath with version v0.2 against v0.1.
Warning: Possible version incompatibility. Attempting to load omni::fabric::IPath with version v0.2 against v0.1.
8.0] startup
[1.963s] [ext: omni.hydra.rtx-0.2.0] startup
[1.982s] [ext: omni.kit.material.library-1.4.4] startup
[1.987s] [ext: omni.hydra.engine.stats-1.0.2] startup
[1.992s] [ext: omni.kit.hydra_texture-1.2.6] startup
[1.998s] [ext: omni.kit.viewport.registry-104.0.6] startup
[1.998s] [ext: omni.kit.raycast.query-1.0.5] startup
[2.008s] [ext: omni.kit.hotkeys.core-1.3.3] startup
[2.011s] [ext: omni.kit.widget.viewport-106.0.3] startup
[2.016s] [ext: omni.inspect-1.0.1] startup
[2.018s] [ext: omni.kit.viewport.window-106.0.8] startup
[2.034s] [ext: omni.kit.window.file_exporter-1.0.29] startup
[2.035s] [ext: omni.kit.widget.filter-1.1.4] startup
[2.036s] [ext: omni.kit.viewport.utility-1.0.17] startup
[2.036s] [ext: omni.kit.widget.prompt-1.0.7] startup
[2.037s] [ext: omni.kit.widget.stage-2.10.26] startup
[2.046s] [ext: omni.graph.core-2.170.3] startup
[2.051s] [ext: omni.kit.widget.text_editor-1.0.2] startup
[2.052s] [ext: omni.physx.foundation-106.0.20] startup
[2.052s] [ext: omni.kit.widget.searchfield-1.1.6] startup
[2.054s] [ext: omni.kit.widget.highlight_label-1.0.2] startup
[2.054s] [ext: omni.kit.widget.settings-1.1.1] startup
[2.056s] [ext: omni.kit.window.property-1.11.1] startup
[2.057s] [ext: omni.graph.tools-1.78.0] startup
[2.077s] [ext: omni.kit.window.preferences-1.5.3] startup
[2.086s] [ext: omni.kit.property.usd-3.21.28] startup
[2.096s] [ext: omni.graph-1.135.0] startup
[2.229s] [ext: omni.graph.image.core-0.3.2] startup
[2.235s] [ext: omni.graph.ui-1.70.0] startup
[2.250s] [ext: omni.graph.action_core-1.1.4] startup
[2.260s] [ext: omni.graph.image.nodes-1.0.2] startup
[2.263s] [ext: omni.graph.action_nodes-1.23.0] startup
[2.273s] [ext: omni.graph.nodes-1.143.0] startup
[2.288s] [ext: omni.graph.action-1.102.1] startup
[2.291s] [ext: omni.kvdb-106.0.20] startup
[2.303s] [ext: omni.debugdraw-0.1.3] startup
[2.313s] [ext: omni.usdphysics-106.0.20] startup
[2.320s] [ext: omni.localcache-106.0.20] startup
[2.325s] [ext: omni.convexdecomposition-106.0.20] startup
[2.335s] [ext: omni.graph.ui_nodes-1.25.1] startup
[2.358s] [ext: omni.physx.cooking-106.0.20] startup
[2.388s] [ext: omni.graph.bundle.action-2.0.4] startup
[2.388s] [ext: omni.kit.stage_template.core-1.1.21] startup
[2.390s] [ext: omni.physx-106.0.20] startup
[2.415s] [ext: omni.graph.scriptnode-1.19.1] startup
[2.419s] [ext: omni.physx.stageupdate-106.0.20] startup
[2.438s] [ext: omni.kit.primitive.mesh-1.0.16] startup
[2.456s] [ext: omni.kit.manipulator.transform-104.7.5] startup
[2.468s] [ext: omni.kit.widget.toolbar-1.6.2] startup
[2.525s] [ext: omni.usdphysics.ui-106.0.20] startup
[2.568s] [ext: omni.physx.commands-106.0.20] startup
[2.578s] [ext: omni.kit.manipulator.tool.snap-1.4.5] startup
[2.599s] [ext: omni.kit.stage_templates-1.2.3] startup
[2.605s] [ext: omni.physx.ui-106.0.20] startup
[2.754s] [ext: omni.kit.window.file-1.3.52] startup
[2.760s] [ext: omni.kit.property.material-1.9.4] startup
[2.765s] [ext: omni.physics.tensors-106.0.20] startup
[2.778s] [ext: omni.physx.demos-106.0.20] startup
[2.806s] [ext: omni.kit.property.physx-106.0.20] startup
[2.908s] [ext: omni.physx.tensors-106.0.20] startup
[2.916s] [ext: omni.physx.vehicle-106.0.20] startup
[2.934s] [ext: omni.sensors.tiled-0.0.4] startup
[2.939s] [ext: omni.physx.camera-106.0.20] startup
[2.950s] [ext: omni.kit.manipulator.selector-1.1.1] startup
[2.953s] [ext: omni.ui_query-1.1.2] startup
[2.955s] [ext: omni.fabric.commands-1.1.4] startup
[2.964s] [ext: omni.kit.viewport.manipulator.transform-106.0.1] startup
[2.967s] [ext: omni.kit.ui_test-1.2.18] startup
[2.970s] [ext: omni.kit.widget.graph-1.12.8] startup
[2.977s] [ext: omni.kit.manipulator.prim.core-107.0.3] startup
[2.985s] [ext: omni.physx.cct-106.0.20] startup
[2.998s] [ext: omni.kit.graph.delegate.default-1.2.2] startup
[3.002s] [ext: omni.kit.manipulator.prim.fabric-106.0.1] startup
[3.008s] [ext: omni.kit.manipulator.prim.usd-106.0.1] startup
[3.012s] [ext: omni.kit.graph.editor.core-1.5.3] startup
[3.020s] [ext: omni.kit.widget.material_preview-1.0.16] startup
[3.024s] [ext: omni.kit.manipulator.prim-106.0.0] startup
[3.025s] [ext: omni.kit.graph.usd.commands-1.3.1] startup
[3.026s] [ext: omni.kit.window.toolbar-1.6.1] startup
[3.029s] [ext: omni.kit.widget.layers-1.7.9] startup
[3.040s] [ext: omni.kit.manipulator.selection-104.0.9] startup
[3.043s] [ext: omni.physx.graph-106.0.20] startup
[3.060s] [ext: omni.physx.telemetry-106.0.20] startup
[3.067s] [ext: omni.physx.supportui-106.0.20] startup
[3.090s] [ext: omni.kit.window.material_graph-1.8.15] startup
[3.228s] [ext: omni.warp.core-1.2.1] startup
[3.237s] [ext: omni.syntheticdata-0.6.7] startup
[3.257s] [ext: omni.isaac.version-1.1.0] startup
[3.260s] [ext: omni.warp-1.2.1] startup
[3.275s] [ext: omni.physx.bundle-106.0.20] startup
[3.277s] [ext: omni.command.usd-1.0.3] startup
[3.280s] [ext: omni.isaac.nucleus-0.3.0] startup
[3.291s] [ext: omni.replicator.core-1.11.14] startup
2026-10-02 02:27:32 [3,472ms] [Warning] [omni.replicator.core.scripts.annotators] Annotator PostProcessDispatch is already registered, overwriting annotator template
[3.605s] [ext: omni.isaac.core-3.18.1] startup
[4.987s] [ext: omni.isaac.kit-1.13.0] startup
[4.990s] [ext: omni.replicator.isaac-1.15.0] startup
[5.011s] [ext: omni.physx.fabric-106.0.20] startup
[5.021s] [ext: omni.isaac.cloner-0.8.1] startup
[5.024s] [ext: omni.kit.viewport.rtx-104.0.1] startup
[5.024s] [ext: isaaclab.python.headless-1.1.0] startup
[5.026s] [ext: isaaclab.python.headless.rendering-1.1.0] startup
[5.031s] Simulation App Starting
[7.421s] app ready
/home/boosterk1/miniconda3/envs/vlnce-isaac/lib/python3.10/site-packages/tensordict/_pytree.py:218: UserWarning: torch.utils._pytree._register_pytree_node is deprecated. Please use torch.utils._pytree.register_pytree_node instead.
  register_pytree_node(
/home/boosterk1/miniconda3/envs/vlnce-isaac/lib/python3.10/site-packages/tensordict/_pytree.py:237: UserWarning: torch.utils._pytree._register_pytree_node is deprecated. Please use torch.utils._pytree.register_pytree_node instead.
  register_pytree_node(
[7.717s] Simulation App Startup Complete
[9.418s] [ext: omni.kit.asset_converter-2.1.11] startup
[10.529s] [ext: omni.kit.mainwindow-1.0.3] startup
[10.549s] [ext: omni.uiaudio-1.0.0] startup
[10.552s] [ext: omni.kit.uiapp-0.0.0] startup
[10.552s] [ext: omni.kit.window.drop_support-1.0.2] startup
[10.553s] [ext: omni.kit.window.content_browser_registry-0.0.6] startup
[10.555s] [ext: omni.kit.window.content_browser-2.9.14] startup
[10.600s] [ext: omni.kit.window.extensions-1.4.9] startup
[10.625s] [ext: omni.importer.urdf-1.14.1] startup
2026-10-02 02:27:39 [10,730ms] [Error] [omni.usd] Runtime Error: in Open at line 893 of /buildAgent/work/ac88d7d902b57417/USD/pxr/usd/usd/stage.cpp -- Failed to open layer @/tmp/IsaacLab/usd_20261001_202739_9335/Props/instanceable_meshes.usd@

[INFO][AppLauncher]: Loading experience file: /home/boosterk1/Projects/k1_research/IsaacLab/source/extensions/omni.isaac.lab/omni/isaac/lab/app/../../../../../../apps/isaaclab.python.headless.rendering.kit
Starting kit application with the following args:  ['/home/boosterk1/miniconda3/envs/vlnce-isaac/lib/python3.10/site-packages/isaacsim/exts/omni.isaac.kit/omni/isaac/kit/simulation_app.py', '/home/boosterk1/Projects/k1_research/IsaacLab/source/extensions/omni.isaac.lab/omni/isaac/lab/app/../../../../../../apps/isaaclab.python.headless.rendering.kit', '--/app/tokens/exe-path=/home/boosterk1/miniconda3/envs/vlnce-isaac/lib/python3.10/site-packages/omni', '--/persistent/app/viewport/displayOptions=3094', '--/rtx/materialDb/syncLoads=True', '--/rtx/hydra/materialSyncLoads=True', '--/omni.kit.plugin/syncUsdLoads=True', '--/app/renderer/resolution/width=1920', '--/app/renderer/resolution/height=1080', '--/app/window/width=1440', '--/app/window/height=900', '--/renderer/multiGpu/enabled=True', '--/app/fastShutdown=True', '--ext-folder', '/home/boosterk1/miniconda3/envs/vlnce-isaac/lib/python3.10/site-packages/isaacsim/exts', '--ext-folder', '/home/boosterk1/miniconda3/envs/vlnce-isaac/lib/python3.10/site-packages/isaacsim/apps', '--/renderer/activeGpu=0', '--/physics/cudaDevice=0', '--portable', '--no-window', '--/app/window/hideUi=True']
Passing the following args to the base kit application:  ['--task=k1_matterport_vision', '--num_envs=1', '--checkpoint=/home/boosterk1/Projects/k1_research/checkpoints/model_14498.pt', '--gait_phase_init=0.0', '--headless', '--enable_cameras', '--model', 'studio', '--episode_idx=0', '--trunk_pose_json', '/home/boosterk1/Projects/k1_research/airc2027_renders/diagnosis/trunk_pose_idx0_after_reset.json', '--out_dir', '/home/boosterk1/Projects/k1_research/airc2027_renders/images/corrected/studio']
Warp 1.2.1 initialized:
   CUDA Toolkit 11.8, Driver 13.0
   Devices:
     "cpu"      : "x86_64"
     "cuda:0"   : "NVIDIA GeForce RTX 3090" (24 GiB, sm_86, mempool enabled)
   Kernel cache:
     /home/boosterk1/.cache/warp/1.2.1
[trunk] [0.         0.         0.49679533] [1. 0. 0. 0.]
[pt settings] {'/rtx/rendermode': 'PathTracing', '/rtx/pathtracing/spp': 32, '/rtx/pathtracing/totalSpp': 256, '/rtx/pathtracing/optixDenoiser/enabled': True, '/rtx/pathtracing/maxBounces': 4, '/rtx/pathtracing/clampSpp': 64, '/rtx/pathtracing/adaptiveSampling/enabled': False}
[pt] corrected_studio_three_quarter: mean 224.5  conv-delta 0.000
2026-10-02 02:27:41 [12,583ms] [Warning] [omni.hydra.scene_delegate.plugin] Calling getBypassRenderSkelMeshProcessing for prim /World/K1/Right_Arm_3/visuals.proto_mesh_0_id0 that has not been populated
2026-10-02 02:27:42 [13,770ms] [Warning] [omni.replicator.core.scripts.orchestrator] Setting /rtx/pathtracing/maxSamplesPerLaunch to 947960 to avoid crash, which might lead to unexpected behaviour.
2026-10-02 02:28:00 [31,236ms] [Warning] [omni.syntheticdata.plugin] OgnSdPostRenderVarToHost : rendervar copy from texture directly to host buffer is counter-performant. Please use copy from texture to device buffer first.
2026-10-02 02:28:16 [47,263ms] [Warning] [carb.windowing-glfw.plugin] GLFW initialization failed.
2026-10-02 02:28:16 [47,263ms] [Warning] [carb] Failed to startup plugin carb.windowing-glfw.plugin (interfaces: [carb::windowing::IGLContext v1.0],[carb::windowing::IWindowing v1.4]) (impl: carb.windowing-glfw.plugin)
2026-10-02 02:28:20 [51,969ms] [Warning] [omni.usd] Unexpected reference count of 2 for UsdStage 'anon:0x5fa7013ac590:World0.usd' while being closed in UsdContext (this may indicate it is still resident in memory).
[51.989s] Simulation is stopped. Shutting down the app...
