[Warning] [omni.isaac.kit.simulation_app] Modules: ['omni.kit_app'] were loaded before SimulationApp was started and might not be loaded correctly.
[Warning] [omni.isaac.kit.simulation_app] Please check to make sure no extra omniverse or pxr modules are imported before the call to SimulationApp(...)
Loading user config located at: '/home/boosterk1/miniconda3/envs/vlnce-isaac/lib/python3.10/site-packages/omni/data/Kit/Isaac-Sim/4.1/user.config.json'
[Info] [carb] Logging to file: /home/boosterk1/miniconda3/envs/vlnce-isaac/lib/python3.10/site-packages/omni/logs/Kit/Isaac-Sim/4.1/kit_20261001_201258.log
2026-10-02 02:12:58 [0ms] [Warning] [omni.kit.app.plugin] No crash reporter present, dumps uploading isn't available.
[0.064s] [ext: omni.kit.async_engine-0.0.0] startup
[0.164s] [ext: omni.stats-1.0.1] startup
[0.165s] [ext: omni.client-1.1.0] startup
[0.195s] [ext: omni.datastore-0.0.0] startup
[0.196s] [ext: omni.blobkey-1.1.0] startup
[0.196s] [ext: omni.ujitso.default-1.0.0] startup
[0.197s] [ext: omni.hsscclient-0.0.0] startup
[0.198s] [ext: omni.rtx.shadercache.vulkan-1.0.0] startup
[0.199s] [ext: omni.assets.plugins-0.0.0] startup
[0.201s] [ext: omni.gpu_foundation-0.0.0] startup
[0.212s] [ext: carb.windowing.plugins-1.0.0] startup
2026-10-02 02:12:59 [188ms] [Warning] [carb.windowing-glfw.plugin] GLFW initialization failed.
2026-10-02 02:12:59 [188ms] [Warning] [carb] Failed to startup plugin carb.windowing-glfw.plugin (interfaces: [carb::windowing::IGLContext v1.0],[carb::windowing::IWindowing v1.4]) (impl: carb.windowing-glfw.plugin)
[0.213s] [ext: omni.kit.renderer.init-0.0.0] startup
2026-10-02 02:12:59 [202ms] [Warning] [omni.platforminfo.plugin] failed to open the default display.  Can't verify X Server version.

|---------------------------------------------------------------------------------------------|
| Driver Version: 580.173.02    | Graphics API: Vulkan
|=============================================================================================|
| GPU | Name                             | Active | LDA | GPU Memory | Vendor-ID | LUID       |
|     |                                  |        |     |            | Device-ID | UUID       |
|     |                                  |        |     |            | Bus-ID    |            |
|---------------------------------------------------------------------------------------------|
| 0   | NVIDIA GeForce RTX 3090          | Yes: 0 |     | 24822   MB | 10de      | 0          |
|     |                                  |        |     |            | 2204      | c4160bf8.. |
|     |                                  |        |     |            | 2d        |            |
|=============================================================================================|
| OS: 22.04.5 LTS (Jammy Jellyfish) ubuntu, Version: 22.04.5, Kernel: 6.8.0-124-generic
| Processor: Intel(R) Xeon(R) Gold 6128 CPU @ 3.40GHz | Cores: 6 | Logical: 12
|---------------------------------------------------------------------------------------------|
| Total Memory (MB): 64001 | Free Memory: 58567
| Total Page/Swap (MB): 2047 | Free Page/Swap: 2038
|---------------------------------------------------------------------------------------------|
[1.145s] [ext: omni.kit.pipapi-0.0.0] startup
[1.147s] [ext: omni.kit.pip_archive-0.0.0] startup
[1.148s] [ext: omni.mtlx-0.1.0] startup
[1.149s] [ext: omni.usd.config-1.0.4] startup
[1.155s] [ext: omni.gpucompute.plugins-0.0.0] startup
[1.156s] [ext: omni.usd.libs-1.0.1] startup
[1.262s] [ext: omni.kit.telemetry-0.5.0] startup
[1.292s] [ext: omni.kit.loop-isaac-1.2.0] startup
[1.294s] [ext: omni.kit.test-0.0.0] startup
[1.343s] [ext: omni.usd.schema.semantics-0.0.0] startup
[1.458s] [ext: omni.usd.schema.anim-0.0.0] startup
[1.476s] [ext: omni.usd.schema.physx-106.0.20] startup
[1.520s] [ext: omni.usd.schema.omnigraph-1.0.0] startup
[1.527s] [ext: omni.usd.schema.audio-0.0.0] startup
[1.530s] [ext: omni.usd.schema.geospatial-0.0.0] startup
[1.533s] [ext: omni.usd.schema.forcefield-106.0.20] startup
[1.540s] [ext: omni.usd_resolver-1.0.0] startup
[1.546s] [ext: usdrt.scenegraph-7.4.8] startup
[1.597s] [ext: omni.appwindow-1.1.8] startup
2026-10-02 02:13:00 [1,573ms] [Warning] [carb.windowing-glfw.plugin] GLFW initialization failed.
2026-10-02 02:13:00 [1,573ms] [Warning] [carb] Failed to startup plugin carb.windowing-glfw.plugin (interfaces: [carb::windowing::IGLContext v1.0],[carb::windowing::IWindowing v1.4]) (impl: carb.windowing-glfw.plugin)
[1.600s] [ext: omni.kit.actions.core-1.0.0] startup
[1.602s] [ext: omni.kit.renderer.core-1.0.1] startup
2026-10-02 02:13:00 [1,580ms] [Warning] [carb.windowing-glfw.plugin] GLFW initialization failed.
2026-10-02 02:13:00 [1,580ms] [Warning] [carb] Failed to startup plugin carb.windowing-glfw.plugin (interfaces: [carb::windowing::IGLContext v1.0],[carb::windowing::IWindowing v1.4]) (impl: carb.windowing-glfw.plugin)
2026-10-02 02:13:00 [1,588ms] [Warning] [carb.windowing-glfw.plugin] GLFW initialization failed.
2026-10-02 02:13:00 [1,588ms] [Warning] [carb] Failed to startup plugin carb.windowing-glfw.plugin (interfaces: [carb::windowing::IGLContext v1.0],[carb::windowing::IWindowing v1.4]) (impl: carb.windowing-glfw.plugin)
[1.614s] [ext: omni.kit.commands-1.4.9] startup
[1.618s] [ext: omni.kit.renderer.capture-0.0.0] startup
[1.620s] [ext: omni.graph.exec-0.9.3] startup
[1.621s] [ext: omni.kit.renderer.imgui-1.0.1] startup
2026-10-02 02:13:00 [1,600ms] [Warning] [carb.windowing-glfw.plugin] GLFW initialization failed.
2026-10-02 02:13:00 [1,600ms] [Warning] [carb] Failed to startup plugin carb.windowing-glfw.plugin (interfaces: [carb::windowing::IGLContext v1.0],[carb::windowing::IWindowing v1.4]) (impl: carb.windowing-glfw.plugin)
2026-10-02 02:13:00 [1,602ms] [Warning] [carb.windowing-glfw.plugin] GLFW initialization failed.
2026-10-02 02:13:00 [1,602ms] [Warning] [carb] Failed to startup plugin carb.windowing-glfw.plugin (interfaces: [carb::windowing::IGLContext v1.0],[carb::windowing::IWindowing v1.4]) (impl: carb.windowing-glfw.plugin)
2026-10-02 02:13:00 [1,603ms] [Warning] [carb.windowing-glfw.plugin] GLFW initialization failed.
2026-10-02 02:13:00 [1,603ms] [Warning] [carb] Failed to startup plugin carb.windowing-glfw.plugin (interfaces: [carb::windowing::IGLContext v1.0],[carb::windowing::IWindowing v1.4]) (impl: carb.windowing-glfw.plugin)
[1.729s] [ext: carb.audio-0.1.0] startup
[1.734s] [ext: omni.ui-2.23.11] startup
[1.745s] [ext: omni.kit.usd_undo-0.1.8] startup
[1.745s] [ext: omni.kit.exec.core-0.13.2] startup
[1.747s] [ext: omni.kit.audiodeviceenum-1.0.1] startup
[1.749s] [ext: omni.activity.core-1.0.1] startup
[1.751s] [ext: omni.kit.window.popup_dialog-2.0.24] startup
[1.755s] [ext: omni.usd.core-1.2.11] startup
[1.760s] [ext: omni.resourcemonitor-105.0.1] startup
[1.763s] [ext: omni.timeline-1.0.10] startup
[1.767s] [ext: omni.kit.widget.nucleus_connector-1.1.8] startup
[1.770s] [ext: omni.hydra.usdrt_delegate-7.4.7] startup
[1.797s] [ext: omni.hydra.scene_delegate-0.3.3] startup
[1.806s] [ext: omni.usd-1.11.2] startup
[1.853s] [ext: omni.kit.helper.file_utils-0.1.8] startup
[1.855s] [ext: omni.kit.widget.path_field-2.0.9] startup
[1.856s] [ext: omni.kit.widget.options_menu-1.1.4] startup
[1.858s] [ext: omni.kit.widget.context_menu-1.2.1] startup
[1.860s] [ext: omni.kit.widget.filebrowser-2.10.48] startup
[1.864s] [ext: omni.kit.widget.browser_bar-2.0.10] startup
[1.865s] [ext: omni.kit.widget.options_button-1.0.2] startup
[1.865s] [ext: omni.ui.scene-1.9.3] startup
[1.871s] [ext: omni.kit.notification_manager-1.0.8] startup
[1.873s] [ext: omni.kit.clipboard-1.0.3] startup
[1.874s] [ext: omni.kit.window.filepicker-2.10.34] startup
[1.886s] [ext: omni.ujitso.processor.texture-1.0.0] startup
[1.887s] [ext: omni.iray.libs-0.0.0] startup
[1.894s] [ext: omni.kit.window.file_importer-1.1.11] startup
[1.896s] [ext: omni.ujitso.client-0.0.0] startup
[1.897s] [ext: omni.mdl.neuraylib-0.2.5] startup
[1.898s] [ext: omni.mdl-52.0.1] startup
[1.917s] [ext: omni.kit.menu.utils-1.5.27] startup
[1.927s] [ext: omni.kit.usd.layers-2.1.31] startup
[1.937s] [ext: omni.volume-0.5.0] startup
[1.940s] [ext: omni.kit.context_menu-1.Warning: Possible version incompatibility. Attempting to load omni::fabric::IPath with version v0.2 against v0.1.
Warning: Possible version incompatibility. Attempting to load omni::fabric::IPath with version v0.2 against v0.1.
8.0] startup
[1.941s] [ext: omni.hydra.rtx-0.2.0] startup
[1.961s] [ext: omni.kit.material.library-1.4.4] startup
[1.965s] [ext: omni.hydra.engine.stats-1.0.2] startup
[1.970s] [ext: omni.kit.hydra_texture-1.2.6] startup
[1.976s] [ext: omni.kit.viewport.registry-104.0.6] startup
[1.977s] [ext: omni.kit.raycast.query-1.0.5] startup
[1.986s] [ext: omni.kit.hotkeys.core-1.3.3] startup
[1.990s] [ext: omni.kit.widget.viewport-106.0.3] startup
[1.994s] [ext: omni.inspect-1.0.1] startup
[1.996s] [ext: omni.kit.viewport.window-106.0.8] startup
[2.014s] [ext: omni.kit.window.file_exporter-1.0.29] startup
[2.016s] [ext: omni.kit.widget.filter-1.1.4] startup
[2.016s] [ext: omni.kit.viewport.utility-1.0.17] startup
[2.017s] [ext: omni.kit.widget.prompt-1.0.7] startup
[2.018s] [ext: omni.kit.widget.stage-2.10.26] startup
[2.027s] [ext: omni.graph.core-2.170.3] startup
[2.032s] [ext: omni.kit.widget.text_editor-1.0.2] startup
[2.033s] [ext: omni.physx.foundation-106.0.20] startup
[2.034s] [ext: omni.kit.widget.searchfield-1.1.6] startup
[2.035s] [ext: omni.kit.widget.highlight_label-1.0.2] startup
[2.035s] [ext: omni.kit.widget.settings-1.1.1] startup
[2.037s] [ext: omni.kit.window.property-1.11.1] startup
[2.039s] [ext: omni.graph.tools-1.78.0] startup
[2.058s] [ext: omni.kit.window.preferences-1.5.3] startup
[2.067s] [ext: omni.kit.property.usd-3.21.28] startup
[2.076s] [ext: omni.graph-1.135.0] startup
[2.205s] [ext: omni.graph.image.core-0.3.2] startup
[2.211s] [ext: omni.graph.ui-1.70.0] startup
[2.226s] [ext: omni.graph.action_core-1.1.4] startup
[2.236s] [ext: omni.graph.image.nodes-1.0.2] startup
[2.239s] [ext: omni.graph.action_nodes-1.23.0] startup
[2.249s] [ext: omni.graph.nodes-1.143.0] startup
[2.264s] [ext: omni.graph.action-1.102.1] startup
[2.269s] [ext: omni.kvdb-106.0.20] startup
[2.275s] [ext: omni.debugdraw-0.1.3] startup
[2.282s] [ext: omni.usdphysics-106.0.20] startup
[2.287s] [ext: omni.localcache-106.0.20] startup
[2.290s] [ext: omni.convexdecomposition-106.0.20] startup
[2.298s] [ext: omni.graph.ui_nodes-1.25.1] startup
[2.306s] [ext: omni.physx.cooking-106.0.20] startup
[2.327s] [ext: omni.graph.bundle.action-2.0.4] startup
[2.328s] [ext: omni.kit.stage_template.core-1.1.21] startup
[2.330s] [ext: omni.physx-106.0.20] startup
[2.358s] [ext: omni.graph.scriptnode-1.19.1] startup
[2.366s] [ext: omni.physx.stageupdate-106.0.20] startup
[2.379s] [ext: omni.kit.primitive.mesh-1.0.16] startup
[2.430s] [ext: omni.kit.manipulator.transform-104.7.5] startup
[2.451s] [ext: omni.kit.widget.toolbar-1.6.2] startup
[2.487s] [ext: omni.usdphysics.ui-106.0.20] startup
[2.531s] [ext: omni.physx.commands-106.0.20] startup
[2.542s] [ext: omni.kit.manipulator.tool.snap-1.4.5] startup
[2.563s] [ext: omni.kit.stage_templates-1.2.3] startup
[2.579s] [ext: omni.physx.ui-106.0.20] startup
[2.729s] [ext: omni.kit.window.file-1.3.52] startup
[2.735s] [ext: omni.kit.property.material-1.9.4] startup
[2.740s] [ext: omni.physics.tensors-106.0.20] startup
[2.754s] [ext: omni.physx.demos-106.0.20] startup
[2.783s] [ext: omni.kit.property.physx-106.0.20] startup
[2.880s] [ext: omni.physx.tensors-106.0.20] startup
[2.888s] [ext: omni.physx.vehicle-106.0.20] startup
[2.906s] [ext: omni.sensors.tiled-0.0.4] startup
[2.912s] [ext: omni.physx.camera-106.0.20] startup
[2.922s] [ext: omni.kit.manipulator.selector-1.1.1] startup
[2.929s] [ext: omni.ui_query-1.1.2] startup
[2.930s] [ext: omni.fabric.commands-1.1.4] startup
[2.937s] [ext: omni.kit.viewport.manipulator.transform-106.0.1] startup
[2.939s] [ext: omni.kit.ui_test-1.2.18] startup
[2.941s] [ext: omni.kit.widget.graph-1.12.8] startup
[2.947s] [ext: omni.kit.manipulator.prim.core-107.0.3] startup
[2.953s] [ext: omni.physx.cct-106.0.20] startup
[2.965s] [ext: omni.kit.graph.delegate.default-1.2.2] startup
[2.969s] [ext: omni.kit.manipulator.prim.fabric-106.0.1] startup
[2.972s] [ext: omni.kit.manipulator.prim.usd-106.0.1] startup
[2.976s] [ext: omni.kit.graph.editor.core-1.5.3] startup
[2.985s] [ext: omni.kit.widget.material_preview-1.0.16] startup
[2.989s] [ext: omni.kit.manipulator.prim-106.0.0] startup
[2.991s] [ext: omni.kit.graph.usd.commands-1.3.1] startup
[2.993s] [ext: omni.kit.window.toolbar-1.6.1] startup
[2.996s] [ext: omni.kit.widget.layers-1.7.9] startup
[3.008s] [ext: omni.kit.manipulator.selection-104.0.9] startup
[3.011s] [ext: omni.physx.graph-106.0.20] startup
[3.027s] [ext: omni.physx.telemetry-106.0.20] startup
[3.035s] [ext: omni.physx.supportui-106.0.20] startup
[3.055s] [ext: omni.kit.window.material_graph-1.8.15] startup
[3.182s] [ext: omni.warp.core-1.2.1] startup
[3.187s] [ext: omni.syntheticdata-0.6.7] startup
[3.204s] [ext: omni.isaac.version-1.1.0] startup
[3.208s] [ext: omni.warp-1.2.1] startup
[3.218s] [ext: omni.physx.bundle-106.0.20] startup
[3.220s] [ext: omni.command.usd-1.0.3] startup
[3.224s] [ext: omni.isaac.nucleus-0.3.0] startup
[3.227s] [ext: omni.replicator.core-1.11.14] startup
2026-10-02 02:13:02 [3,405ms] [Warning] [omni.replicator.core.scripts.annotators] Annotator PostProcessDispatch is already registered, overwriting annotator template
[3.544s] [ext: omni.isaac.core-3.18.1] startup
[5.176s] [ext: omni.isaac.kit-1.13.0] startup
[5.178s] [ext: omni.replicator.isaac-1.15.0] startup
[5.201s] [ext: omni.physx.fabric-106.0.20] startup
[5.211s] [ext: omni.isaac.cloner-0.8.1] startup
[5.214s] [ext: omni.kit.viewport.rtx-104.0.1] startup
[5.215s] [ext: isaaclab.python.headless-1.1.0] startup
[5.215s] [ext: isaaclab.python.headless.rendering-1.1.0] startup
[5.221s] Simulation App Starting
[7.616s] app ready
/home/boosterk1/miniconda3/envs/vlnce-isaac/lib/python3.10/site-packages/tensordict/_pytree.py:218: UserWarning: torch.utils._pytree._register_pytree_node is deprecated. Please use torch.utils._pytree.register_pytree_node instead.
  register_pytree_node(
/home/boosterk1/miniconda3/envs/vlnce-isaac/lib/python3.10/site-packages/tensordict/_pytree.py:237: UserWarning: torch.utils._pytree._register_pytree_node is deprecated. Please use torch.utils._pytree.register_pytree_node instead.
  register_pytree_node(
[INFO][AppLauncher]: Loading experience file: /home/boosterk1/Projects/k1_research/IsaacLab/source/extensions/omni.isaac.lab/omni/isaac/lab/app/../../../../../../apps/isaaclab.python.headless.rendering.kit
Starting kit application with the following args:  ['/home/boosterk1/miniconda3/envs/vlnce-isaac/lib/python3.10/site-packages/isaacsim/exts/omni.isaac.kit/omni/isaac/kit/simulation_app.py', '/home/boosterk1/Projects/k1_research/IsaacLab/source/extensions/omni.isaac.lab/omni/isaac/lab/app/../../../../../../apps/isaaclab.python.headless.rendering.kit', '--/app/tokens/exe-path=/home/boosterk1/miniconda3/envs/vlnce-isaac/lib/python3.10/site-packages/omni', '--/persistent/app/viewport/displayOptions=3094', '--/rtx/materialDb/syncLoads=True', '--/rtx/hydra/materialSyncLoads=True', '--/omni.kit.plugin/syncUsdLoads=True', '--/app/renderer/resolution/width=1280', '--/app/renderer/resolution/height=720', '--/app/window/width=1440', '--/app/window/height=900', '--/renderer/multiGpu/enabled=True', '--/app/fastShutdown=True', '--ext-folder', '/home/boosterk1/miniconda3/envs/vlnce-isaac/lib/python3.10/site-packages/isaacsim/exts', '--ext-folder', '/home/boosterk1/miniconda3/envs/vlnce-isaac/lib/python3.10/site-packages/isaacsim/apps', '--/renderer/activeGpu=0', '--/physics/cudaDevice=0', '--portable', '--no-window', '--/app/window/hideUi=True']
Passing the following args to the base kit application:  ['--task=k1_matterport_vision', '--num_envs=1', '--checkpoint=/home/boosterk1/Projects/k1_research/checkpoints/model_14498.pt', '--gait_phase_init=0.0', '--headless', '--enable_cameras', '--protocol', 'mainloop', '--main_steps', '1', '--episode_idx=0', '--cam_z=0.97', '--out_dir', '/home/boosterk1/Projects/k1_research/airc2027_renders/diagnosis/step5a_raw/idx0_cz097']
Warp 1.2.1 initialized:
   CUDA Toolkit 11.8, Driver 13.0
   Devices:
     "cpu"      : "x86_64"
     "cuda:0"   : "NVIDIA GeForce RTX 3090" (24 GiB, sm_86, mempool enabled)
   Kernel cache:
     /home/boosterk1/.cache/warp/1.2.1
[INFO]: Parsing configuration from: <class 'omni.isaac.vlnce.config.k1.k1_matterport_vision_cfg.K1MatterportVisionCfg'>
[cam-override] offset (0.1, 0.0, 0.25)->(0.1, 0.0, 0.97)  1280x720  aperture=47.71  abs_ground_height~=1.50m (virtual if >~0.9m)
[7.908s] Simulation App Startup Complete
[9.899s] [ext: omni.kit.asset_converter-2.1.11] startup
[11.308s] [ext: omni.kit.mainwindow-1.0.3] startup
[11.320s] [ext: omni.uiaudio-1.0.0] startup
[11.323s] [ext: omni.kit.uiapp-0.0.0] startup
[11.323s] [ext: omni.kit.window.drop_support-1.0.2] startup
[11.324s] [ext: omni.kit.window.content_browser_registry-0.0.6] startup
[11.325s] [ext: omni.kit.window.content_browser-2.9.14] startup
[11.351s] [ext: omni.kit.window.extensions-1.4.9] startup
[11.367s] [ext: omni.importer.urdf-1.14.1] startup
2026-10-02 02:13:10 [11,456ms] [Error] [omni.usd] Runtime Error: in Open at line 893 of /buildAgent/work/ac88d7d902b57417/USD/pxr/usd/usd/stage.cpp -- Failed to open layer @/tmp/IsaacLab/usd_20261001_201310_3267/Props/instanceable_meshes.usd@

[INFO]: Base environment:
	Environment device    : cuda:0
	Physics step-size     : 0.005
	Rendering step-size   : 0.02
	Environment step-size : 0.02
	Physics GPU pipeline  : True
	Physics GPU simulation: True
[INFO]: Time taken for scene creation : 1.614897 seconds
[INFO]: Scene manager:  <class InteractiveScene>
	Number of environments: 1
	Environment spacing   : 2.5
	Source prim name      : /World/envs/env_0
	Global prim paths     : ['/World/matterport']
	Replicate physics     : True
[INFO]: Starting the simulation. This may take a few seconds. Please wait...
[INFO]: Time taken for simulation start : 1.136818 seconds
[INFO] Command Manager:  <CommandManager> contains 1 active terms.
+------------------------------------------------+
|              Active Command Terms              |
+-------+---------------+------------------------+
| Index | Name          |          Type          |
+-------+---------------+------------------------+
|   0   | base_velocity | UniformVelocityCommand |
+-------+---------------+------------------------+

[INFO] Action Manager:  <ActionManager> contains 1 active terms.
+------------------------------------+
|  Active Action Terms (shape: 12)   |
+--------+-------------+-------------+
| Index  | Name        |   Dimension |
+--------+-------------+-------------+
|   0    | joint_pos   |          12 |
+--------+-------------+-------------+

Module omni.isaac.lab.utils.warp.kernels ca938a1 load on device 'cuda:0' took 0.37 ms
[INFO] Observation Manager: <ObservationManager> contains 4 groups.
+----------------------------------------------------------+
| Active Observation Terms in Group: 'policy' (shape: (235,)) |
+-----------+--------------------------------+-------------+
|   Index   | Name                           |    Shape    |
+-----------+--------------------------------+-------------+
|     0     | base_lin_vel                   |     (3,)    |
|     1     | base_ang_vel                   |     (3,)    |
|     2     | projected_gravity              |     (3,)    |
|     3     | velocity_commands              |     (3,)    |
|     4     | joint_pos                      |    (12,)    |
|     5     | joint_vel                      |    (12,)    |
|     6     | actions                        |    (12,)    |
|     7     | height_scan                    |    (187,)   |
+-----------+--------------------------------+-------------+
+---------------------------------------------------------+
| Active Observation Terms in Group: 'proprio' (shape: (48,)) |
+-----------+---------------------------------+-----------+
|   Index   | Name                            |   Shape   |
+-----------+---------------------------------+-----------+
|     0     | base_lin_vel                    |    (3,)   |
|     1     | base_ang_vel                    |    (3,)   |
|     2     | projected_gravity               |    (3,)   |
|     3     | velocity_commands               |    (3,)   |
|     4     | joint_pos                       |   (12,)   |
|     5     | joint_vel                       |   (12,)   |
|     6     | actions                         |   (12,)   |
+-----------+---------------------------------+-----------+
+---------------------------------------------------------------------+
| Active Observation Terms in Group: 'camera_obs' (shape: (720, 1280, 4)) |
+-----------+-----------------------------+---------------------------+
|   Index   | Name                        |           Shape           |
+-----------+-----------------------------+---------------------------+
|     0     | rgb_measurement             |       (720, 1280, 4)      |
+-----------+-----------------------------+---------------------------+
+------------------------------------------------------------------------+
| Active Observation Terms in Group: 'viz_camera_obs' (shape: (512, 512, 4)) |
+------------+-------------------------------+---------------------------+
|   Index    | Name                          |           Shape           |
+------------+-------------------------------+---------------------------+
|     0      | rgb_measurement               |       (512, 512, 4)       |
+------------+-------------------------------+---------------------------+

[INFO] Event Manager:  <EventManager> contains 1 active terms.
+-------------------------------------+
| Active Event Terms in Mode: 'reset' |
+--------+----------------------------+
| Index  | Name                       |
+--------+----------------------------+
|   0    | reset_scene_to_default     |
+--------+----------------------------+

[INFO] Termination Manager:  <TerminationManager> contains 2 active terms.
+------------------------------------+
|      Active Termination Terms      |
+-------+-----------------+----------+
| Index | Name            | Time Out |
+-------+-----------------+----------+
|   0   | time_out        |   True   |
|   1   | bad_orientation |  False   |
+-------+-----------------+----------+

[INFO] Reward Manager:  <RewardManager> contains 3 active terms.
+---------------------------------------+
|          Active Reward Terms          |
+-------+----------------------+--------+
| Index | Name                 | Weight |
+-------+----------------------+--------+
|   0   | track_lin_vel_xy_exp |    2.0 |
|   1   | track_ang_vel_z_exp  |    1.0 |
|   2   | action_rate_l2       |  -0.01 |
+-------+----------------------+--------+

[INFO] Curriculum Manager:  <CurriculumManager> contains 0 active terms.
+----------------------+
| Active Curriculum Terms |
+-----------+----------+
|   Index   | Name     |
+-----------+----------+
+-----------+----------+

[INFO]: Completed setting up the environment...
[v3] loaded actor from /home/boosterk1/Projects/k1_research/checkpoints/model_14498.pt  iter=14498  params=286604
[v3-wrapper] warmup step 0/50
[v3-wrapper] warmup step 49/50
[snap] init gray=0.0006 trunk=[15.10703  4.46175  0.48992]
[snap] warmup1 gray=0.0006 trunk=[15.1171   4.45297  0.48767]
[snap] warmup2 gray=0.0006 trunk=[15.12307  4.44834  0.48607]
[snap] warmup3 gray=0.0006 trunk=[15.12705  4.44529  0.48492]
[snap] warmup4 gray=0.0006 trunk=[15.12991  4.44316  0.48407]
[snap] warmup5 gray=0.0006 trunk=[15.13197  4.44169  0.48346]
[snap] warmup6 gray=0.0006 trunk=[15.13337  4.44072  0.483  ]
[snap] warmup7 gray=0.0007 trunk=[15.13416  4.4401   0.48262]
[snap] warmup8 gray=0.0006 trunk=[15.13478  4.43973  0.48233]
[snap] main000 gray=0.0006 trunk=[15.13457  4.44091  0.48322]
[done] /home/boosterk1/Projects/k1_research/airc2027_renders/diagnosis/step5a_raw/idx0_cz097
2026-10-02 02:13:12 [13,396ms] [Warning] [omni.hydra.scene_delegate.plugin] Calling getBypassRenderSkelMeshProcessing for prim /World/envs/env_0/Robot/Right_Hip_Yaw/visuals.proto_mesh_0_id0 that has not been populated
2026-10-02 02:13:34 [35,391ms] [Warning] [carb.windowing-glfw.plugin] GLFW initialization failed.
2026-10-02 02:13:34 [35,391ms] [Warning] [carb] Failed to startup plugin carb.windowing-glfw.plugin (interfaces: [carb::windowing::IGLContext v1.0],[carb::windowing::IWindowing v1.4]) (impl: carb.windowing-glfw.plugin)
[35.594s] Simulation App Shutting Down
