[Warning] [omni.isaac.kit.simulation_app] Modules: ['omni.kit_app'] were loaded before SimulationApp was started and might not be loaded correctly.
[Warning] [omni.isaac.kit.simulation_app] Please check to make sure no extra omniverse or pxr modules are imported before the call to SimulationApp(...)
Loading user config located at: '/home/boosterk1/miniconda3/envs/vlnce-isaac/lib/python3.10/site-packages/omni/data/Kit/Isaac-Sim/4.1/user.config.json'
[Info] [carb] Logging to file: /home/boosterk1/miniconda3/envs/vlnce-isaac/lib/python3.10/site-packages/omni/logs/Kit/Isaac-Sim/4.1/kit_20261002_131200.log
2026-10-02 19:12:00 [0ms] [Warning] [omni.kit.app.plugin] No crash reporter present, dumps uploading isn't available.
[0.057s] [ext: omni.kit.async_engine-0.0.0] startup
[0.157s] [ext: omni.stats-1.0.1] startup
[0.159s] [ext: omni.client-1.1.0] startup
[0.192s] [ext: omni.datastore-0.0.0] startup
[0.193s] [ext: omni.blobkey-1.1.0] startup
[0.194s] [ext: omni.ujitso.default-1.0.0] startup
[0.195s] [ext: omni.hsscclient-0.0.0] startup
[0.195s] [ext: omni.rtx.shadercache.vulkan-1.0.0] startup
[0.197s] [ext: omni.assets.plugins-0.0.0] startup
[0.199s] [ext: omni.gpu_foundation-0.0.0] startup
[0.211s] [ext: carb.windowing.plugins-1.0.0] startup
2026-10-02 19:12:01 [192ms] [Warning] [carb.windowing-glfw.plugin] GLFW initialization failed.
2026-10-02 19:12:01 [192ms] [Warning] [carb] Failed to startup plugin carb.windowing-glfw.plugin (interfaces: [carb::windowing::IGLContext v1.0],[carb::windowing::IWindowing v1.4]) (impl: carb.windowing-glfw.plugin)
[0.213s] [ext: omni.kit.renderer.init-0.0.0] startup
2026-10-02 19:12:01 [219ms] [Warning] [omni.platforminfo.plugin] failed to open the default display.  Can't verify X Server version.

|---------------------------------------------------------------------------------------------|
| Driver Version: 580.173.02    | Graphics API: Vulkan
|=============================================================================================|
| GPU | Name                             | Active | LDA | GPU Memory | Vendor-ID | LUID       |
|     |                                  |        |     |            | Device-ID | UUID       |
|     |                                  |        |     |            | Bus-ID    |            |
|---------------------------------------------------------------------------------------------|
| 0   | NVIDIA GeForce RTX 3090          | Yes: 0 |     | 24822   MB | 10de      | 0          |
|     |                                  |        |     |            | 2204      | c4160bf8.. |
|     |                                  |        |     |            | 2d        |            |
|=============================================================================================|
| OS: 22.04.5 LTS (Jammy Jellyfish) ubuntu, Version: 22.04.5, Kernel: 6.8.0-124-generic
| Processor: Intel(R) Xeon(R) Gold 6128 CPU @ 3.40GHz | Cores: 6 | Logical: 12
|---------------------------------------------------------------------------------------------|
| Total Memory (MB): 64001 | Free Memory: 56405
| Total Page/Swap (MB): 2047 | Free Page/Swap: 2036
|---------------------------------------------------------------------------------------------|
[1.149s] [ext: omni.kit.pipapi-0.0.0] startup
[1.150s] [ext: omni.kit.pip_archive-0.0.0] startup
[1.151s] [ext: omni.mtlx-0.1.0] startup
[1.151s] [ext: omni.usd.config-1.0.4] startup
[1.175s] [ext: omni.gpucompute.plugins-0.0.0] startup
[1.176s] [ext: omni.usd.libs-1.0.1] startup
[1.287s] [ext: omni.kit.telemetry-0.5.0] startup
[1.327s] [ext: omni.kit.loop-isaac-1.2.0] startup
[1.329s] [ext: omni.kit.test-0.0.0] startup
[1.377s] [ext: omni.usd.schema.semantics-0.0.0] startup
[1.502s] [ext: omni.usd.schema.anim-0.0.0] startup
[1.523s] [ext: omni.usd.schema.physx-106.0.20] startup
[1.571s] [ext: omni.usd.schema.omnigraph-1.0.0] startup
[1.580s] [ext: omni.usd.schema.audio-0.0.0] startup
[1.584s] [ext: omni.usd.schema.geospatial-0.0.0] startup
[1.587s] [ext: omni.usd.schema.forcefield-106.0.20] startup
[1.594s] [ext: omni.usd_resolver-1.0.0] startup
[1.601s] [ext: usdrt.scenegraph-7.4.8] startup
[1.657s] [ext: omni.appwindow-1.1.8] startup
2026-10-02 19:12:02 [1,638ms] [Warning] [carb.windowing-glfw.plugin] GLFW initialization failed.
2026-10-02 19:12:02 [1,638ms] [Warning] [carb] Failed to startup plugin carb.windowing-glfw.plugin (interfaces: [carb::windowing::IGLContext v1.0],[carb::windowing::IWindowing v1.4]) (impl: carb.windowing-glfw.plugin)
[1.661s] [ext: omni.kit.actions.core-1.0.0] startup
[1.663s] [ext: omni.kit.renderer.core-1.0.1] startup
2026-10-02 19:12:02 [1,645ms] [Warning] [carb.windowing-glfw.plugin] GLFW initialization failed.
2026-10-02 19:12:02 [1,645ms] [Warning] [carb] Failed to startup plugin carb.windowing-glfw.plugin (interfaces: [carb::windowing::IGLContext v1.0],[carb::windowing::IWindowing v1.4]) (impl: carb.windowing-glfw.plugin)
2026-10-02 19:12:02 [1,652ms] [Warning] [carb.windowing-glfw.plugin] GLFW initialization failed.
2026-10-02 19:12:02 [1,652ms] [Warning] [carb] Failed to startup plugin carb.windowing-glfw.plugin (interfaces: [carb::windowing::IGLContext v1.0],[carb::windowing::IWindowing v1.4]) (impl: carb.windowing-glfw.plugin)
[1.674s] [ext: omni.kit.commands-1.4.9] startup
[1.678s] [ext: omni.kit.renderer.capture-0.0.0] startup
[1.680s] [ext: omni.graph.exec-0.9.3] startup
[1.681s] [ext: omni.kit.renderer.imgui-1.0.1] startup
2026-10-02 19:12:02 [1,665ms] [Warning] [carb.windowing-glfw.plugin] GLFW initialization failed.
2026-10-02 19:12:02 [1,665ms] [Warning] [carb] Failed to startup plugin carb.windowing-glfw.plugin (interfaces: [carb::windowing::IGLContext v1.0],[carb::windowing::IWindowing v1.4]) (impl: carb.windowing-glfw.plugin)
2026-10-02 19:12:02 [1,667ms] [Warning] [carb.windowing-glfw.plugin] GLFW initialization failed.
2026-10-02 19:12:02 [1,667ms] [Warning] [carb] Failed to startup plugin carb.windowing-glfw.plugin (interfaces: [carb::windowing::IGLContext v1.0],[carb::windowing::IWindowing v1.4]) (impl: carb.windowing-glfw.plugin)
2026-10-02 19:12:02 [1,668ms] [Warning] [carb.windowing-glfw.plugin] GLFW initialization failed.
2026-10-02 19:12:02 [1,668ms] [Warning] [carb] Failed to startup plugin carb.windowing-glfw.plugin (interfaces: [carb::windowing::IGLContext v1.0],[carb::windowing::IWindowing v1.4]) (impl: carb.windowing-glfw.plugin)
[1.783s] [ext: carb.audio-0.1.0] startup
[1.788s] [ext: omni.ui-2.23.11] startup
[1.799s] [ext: omni.kit.usd_undo-0.1.8] startup
[1.800s] [ext: omni.kit.exec.core-0.13.2] startup
[1.803s] [ext: omni.kit.audiodeviceenum-1.0.1] startup
[1.804s] [ext: omni.activity.core-1.0.1] startup
[1.806s] [ext: omni.kit.window.popup_dialog-2.0.24] startup
[1.811s] [ext: omni.usd.core-1.2.11] startup
[1.817s] [ext: omni.resourcemonitor-105.0.1] startup
[1.819s] [ext: omni.timeline-1.0.10] startup
[1.821s] [ext: omni.kit.widget.nucleus_connector-1.1.8] startup
[1.823s] [ext: omni.hydra.usdrt_delegate-7.4.7] startup
[1.856s] [ext: omni.hydra.scene_delegate-0.3.3] startup
[1.868s] [ext: omni.usd-1.11.2] startup
[1.919s] [ext: omni.kit.helper.file_utils-0.1.8] startup
[1.921s] [ext: omni.kit.widget.path_field-2.0.9] startup
[1.922s] [ext: omni.kit.widget.options_menu-1.1.4] startup
[1.925s] [ext: omni.kit.widget.context_menu-1.2.1] startup
[1.926s] [ext: omni.kit.widget.filebrowser-2.10.48] startup
[1.930s] [ext: omni.kit.widget.browser_bar-2.0.10] startup
[1.930s] [ext: omni.kit.widget.options_button-1.0.2] startup
[1.931s] [ext: omni.ui.scene-1.9.3] startup
[1.937s] [ext: omni.kit.notification_manager-1.0.8] startup
[1.938s] [ext: omni.kit.clipboard-1.0.3] startup
[1.939s] [ext: omni.kit.window.filepicker-2.10.34] startup
[1.950s] [ext: omni.ujitso.processor.texture-1.0.0] startup
[1.951s] [ext: omni.iray.libs-0.0.0] startup
[1.958s] [ext: omni.kit.window.file_importer-1.1.11] startup
[1.961s] [ext: omni.ujitso.client-0.0.0] startup
[1.962s] [ext: omni.mdl.neuraylib-0.2.5] startup
[1.963s] [ext: omni.mdl-52.0.1] startup
[1.983s] [ext: omni.kit.menu.utils-1.5.27] startup
[1.994s] [ext: omni.kit.usd.layers-2.1.31] startup
[2.007s] [ext: omni.volume-0.5.0] startup
[2.011s] [ext: omni.kit.context_menu-1.Warning: Possible version incompatibility. Attempting to load omni::fabric::IPath with version v0.2 against v0.1.
Warning: Possible version incompatibility. Attempting to load omni::fabric::IPath with version v0.2 against v0.1.
8.0] startup
[2.012s] [ext: omni.hydra.rtx-0.2.0] startup
[2.037s] [ext: omni.kit.material.library-1.4.4] startup
[2.041s] [ext: omni.hydra.engine.stats-1.0.2] startup
[2.047s] [ext: omni.kit.hydra_texture-1.2.6] startup
[2.055s] [ext: omni.kit.viewport.registry-104.0.6] startup
[2.055s] [ext: omni.kit.raycast.query-1.0.5] startup
[2.068s] [ext: omni.kit.hotkeys.core-1.3.3] startup
[2.072s] [ext: omni.kit.widget.viewport-106.0.3] startup
[2.076s] [ext: omni.inspect-1.0.1] startup
[2.078s] [ext: omni.kit.viewport.window-106.0.8] startup
[2.096s] [ext: omni.kit.window.file_exporter-1.0.29] startup
[2.097s] [ext: omni.kit.widget.filter-1.1.4] startup
[2.098s] [ext: omni.kit.viewport.utility-1.0.17] startup
[2.098s] [ext: omni.kit.widget.prompt-1.0.7] startup
[2.099s] [ext: omni.kit.widget.stage-2.10.26] startup
[2.109s] [ext: omni.graph.core-2.170.3] startup
[2.114s] [ext: omni.kit.widget.text_editor-1.0.2] startup
[2.116s] [ext: omni.physx.foundation-106.0.20] startup
[2.116s] [ext: omni.kit.widget.searchfield-1.1.6] startup
[2.117s] [ext: omni.kit.widget.highlight_label-1.0.2] startup
[2.118s] [ext: omni.kit.widget.settings-1.1.1] startup
[2.120s] [ext: omni.kit.window.property-1.11.1] startup
[2.122s] [ext: omni.graph.tools-1.78.0] startup
[2.142s] [ext: omni.kit.window.preferences-1.5.3] startup
[2.151s] [ext: omni.kit.property.usd-3.21.28] startup
[2.160s] [ext: omni.graph-1.135.0] startup
[2.206s] [ext: omni.graph.image.core-0.3.2] startup
[2.213s] [ext: omni.graph.ui-1.70.0] startup
[2.228s] [ext: omni.graph.action_core-1.1.4] startup
[2.241s] [ext: omni.graph.image.nodes-1.0.2] startup
[2.245s] [ext: omni.graph.action_nodes-1.23.0] startup
[2.258s] [ext: omni.graph.nodes-1.143.0] startup
[2.274s] [ext: omni.graph.action-1.102.1] startup
[2.281s] [ext: omni.kvdb-106.0.20] startup
[2.292s] [ext: omni.debugdraw-0.1.3] startup
[2.305s] [ext: omni.usdphysics-106.0.20] startup
[2.316s] [ext: omni.localcache-106.0.20] startup
[2.323s] [ext: omni.convexdecomposition-106.0.20] startup
[2.339s] [ext: omni.graph.ui_nodes-1.25.1] startup
[2.357s] [ext: omni.physx.cooking-106.0.20] startup
[2.384s] [ext: omni.graph.bundle.action-2.0.4] startup
[2.385s] [ext: omni.kit.stage_template.core-1.1.21] startup
[2.387s] [ext: omni.physx-106.0.20] startup
[2.420s] [ext: omni.graph.scriptnode-1.19.1] startup
[2.428s] [ext: omni.physx.stageupdate-106.0.20] startup
[2.460s] [ext: omni.kit.primitive.mesh-1.0.16] startup
[2.488s] [ext: omni.kit.manipulator.transform-104.7.5] startup
[2.495s] [ext: omni.kit.widget.toolbar-1.6.2] startup
[2.550s] [ext: omni.usdphysics.ui-106.0.20] startup
[2.617s] [ext: omni.physx.commands-106.0.20] startup
[2.651s] [ext: omni.kit.manipulator.tool.snap-1.4.5] startup
[2.710s] [ext: omni.kit.stage_templates-1.2.3] startup
[2.727s] [ext: omni.physx.ui-106.0.20] startup
[2.772s] [ext: omni.kit.window.file-1.3.52] startup
[2.777s] [ext: omni.kit.property.material-1.9.4] startup
[2.783s] [ext: omni.physics.tensors-106.0.20] startup
[2.798s] [ext: omni.physx.demos-106.0.20] startup
[2.826s] [ext: omni.kit.property.physx-106.0.20] startup
[2.943s] [ext: omni.physx.tensors-106.0.20] startup
[2.952s] [ext: omni.physx.vehicle-106.0.20] startup
[2.972s] [ext: omni.sensors.tiled-0.0.4] startup
[2.978s] [ext: omni.physx.camera-106.0.20] startup
[2.991s] [ext: omni.kit.manipulator.selector-1.1.1] startup
[2.996s] [ext: omni.ui_query-1.1.2] startup
[2.998s] [ext: omni.fabric.commands-1.1.4] startup
[3.006s] [ext: omni.kit.viewport.manipulator.transform-106.0.1] startup
[3.008s] [ext: omni.kit.ui_test-1.2.18] startup
[3.012s] [ext: omni.kit.widget.graph-1.12.8] startup
[3.017s] [ext: omni.kit.manipulator.prim.core-107.0.3] startup
[3.024s] [ext: omni.physx.cct-106.0.20] startup
[3.038s] [ext: omni.kit.graph.delegate.default-1.2.2] startup
[3.043s] [ext: omni.kit.manipulator.prim.fabric-106.0.1] startup
[3.046s] [ext: omni.kit.manipulator.prim.usd-106.0.1] startup
[3.050s] [ext: omni.kit.graph.editor.core-1.5.3] startup
[3.061s] [ext: omni.kit.widget.material_preview-1.0.16] startup
[3.065s] [ext: omni.kit.manipulator.prim-106.0.0] startup
[3.066s] [ext: omni.kit.graph.usd.commands-1.3.1] startup
[3.068s] [ext: omni.kit.window.toolbar-1.6.1] startup
[3.071s] [ext: omni.kit.widget.layers-1.7.9] startup
[3.082s] [ext: omni.kit.manipulator.selection-104.0.9] startup
[3.085s] [ext: omni.physx.graph-106.0.20] startup
[3.104s] [ext: omni.physx.telemetry-106.0.20] startup
[3.112s] [ext: omni.physx.supportui-106.0.20] startup
[3.133s] [ext: omni.kit.window.material_graph-1.8.15] startup
2026-10-02 19:12:03 [3,136ms] [Error] [omni.ext._impl.custom_importer] Failed to import python module omni.kit.window.material_graph.tests. Error: cannot import name 'is_directory' from 'PIL._util' (/home/boosterk1/.local/lib/python3.10/site-packages/PIL/_util.py). Traceback:
Traceback (most recent call last):
  File "/home/boosterk1/miniconda3/envs/vlnce-isaac/lib/python3.10/site-packages/omni/kernel/py/omni/ext/_impl/custom_importer.py", line 76, in import_module
    return importlib.import_module(name)
  File "/home/boosterk1/miniconda3/envs/vlnce-isaac/lib/python3.10/importlib/__init__.py", line 126, in import_module
    return _bootstrap._gcd_import(name[level:], package, level)
  File "<frozen importlib._bootstrap>", line 1050, in _gcd_import
  File "<frozen importlib._bootstrap>", line 1027, in _find_and_load
  File "<frozen importlib._bootstrap>", line 1006, in _find_and_load_unlocked
  File "<frozen importlib._bootstrap>", line 688, in _load_unlocked
  File "<frozen importlib._bootstrap_external>", line 883, in exec_module
  File "<frozen importlib._bootstrap>", line 241, in _call_with_frames_removed
  File "/home/boosterk1/miniconda3/envs/vlnce-isaac/lib/python3.10/site-packages/isaacsim/extscache/omni.kit.window.material_graph-1.8.15/omni/kit/window/material_graph/tests/__init__.py", line 9, in <module>
    from .material_graph_test import TestMaterialGraph
  File "/home/boosterk1/miniconda3/envs/vlnce-isaac/lib/python3.10/site-packages/isaacsim/extscache/omni.kit.window.material_graph-1.8.15/omni/kit/window/material_graph/tests/material_graph_test.py", line 11, in <module>
    from omni.ui.tests.test_base import OmniUiTest
  File "/home/boosterk1/miniconda3/envs/vlnce-isaac/lib/python3.10/site-packages/isaacsim/extscache/omni.ui/omni/ui/tests/__init__.py", line 18, in <module>
    from .test_image import TestImage
  File "/home/boosterk1/miniconda3/envs/vlnce-isaac/lib/python3.10/site-packages/isaacsim/extscache/omni.ui/omni/ui/tests/test_image.py", line 13, in <module>
    from PIL import ImageFont
  File "/home/boosterk1/miniconda3/envs/vlnce-isaac/lib/python3.10/site-packages/isaacsim/extscache/omni.kit.pip_archive/pip_prebundle/PIL/ImageFont.py", line 40, in <module>
    from ._util import is_directory, is_path
ImportError: cannot import name 'is_directory' from 'PIL._util' (/home/boosterk1/.local/lib/python3.10/site-packages/PIL/_util.py)

2026-10-02 19:12:03 [3,136ms] [Error] [carb.scripting-python.plugin] Exception: Extension python module: 'omni.kit.window.material_graph.tests' in '/home/boosterk1/miniconda3/envs/vlnce-isaac/lib/python3.10/site-packages/isaacsim/extscache/omni.kit.window.material_graph-1.8.15' failed to load.

At:
  /home/boosterk1/miniconda3/envs/vlnce-isaac/lib/python3.10/site-packages/omni/kernel/py/omni/ext/_impl/_internal.py(213): startup
  /home/boosterk1/miniconda3/envs/vlnce-isaac/lib/python3.10/site-packages/omni/kernel/py/omni/ext/_impl/_internal.py(328): startup_extension
  PythonExtension.cpp::startup()(2): <module>
  /home/boosterk1/miniconda3/envs/vlnce-isaac/lib/python3.10/site-packages/isaacsim/exts/omni.isaac.kit/omni/isaac/kit/simulation_app.py(405): _start_app
  /home/boosterk1/miniconda3/envs/vlnce-isaac/lib/python3.10/site-packages/isaacsim/exts/omni.isaac.kit/omni/isaac/kit/simulation_app.py(199): __init__
  /home/boosterk1/Projects/k1_research/IsaacLab/source/extensions/omni.isaac.lab/omni/isaac/lab/app/app_launcher.py(542): _create_app
  /home/boosterk1/Projects/k1_research/IsaacLab/source/extensions/omni.isaac.lab/omni/isaac/lab/app/app_launcher.py(113): __init__
  /home/boosterk1/Projects/k1_research/airc2027_replay/scripts/navila_eval_v3_LOG.py(161): <module>

2026-10-02 19:12:03 [3,136ms] [Error] [omni.ext.plugin] [ext: omni.kit.window.material_graph-1.8.15] Failed to startup python extension.
2026-10-02 19:12:03 [3,140ms] [Warning] [omni.kit.ui.editor_menu] remove_item menu Window/MDL Material Graph not found
[3.285s] [ext: omni.warp.core-1.2.1] startup
[3.375s] [ext: omni.syntheticdata-0.6.7] startup
[3.393s] [ext: omni.isaac.version-1.1.0] startup
[3.399s] [ext: omni.warp-1.2.1] startup
[3.407s] [ext: omni.physx.bundle-106.0.20] startup
[3.410s] [ext: omni.command.usd-1.0.3] startup
[3.414s] [ext: omni.isaac.nucleus-0.3.0] startup
[3.416s] [ext: omni.replicator.core-1.11.14] startup
2026-10-02 19:12:04 [3,610ms] [Warning] [omni.replicator.core.scripts.annotators] Annotator PostProcessDispatch is already registered, overwriting annotator template
[3.746s] [ext: omni.isaac.core-3.18.1] startup
[3.975s] [ext: omni.isaac.kit-1.13.0] startup
[3.975s] [ext: omni.replicator.isaac-1.15.0] startup
[4.027s] [ext: omni.physx.fabric-106.0.20] startup
[4.041s] [ext: omni.isaac.cloner-0.8.1] startup
[4.045s] [ext: omni.kit.viewport.rtx-104.0.1] startup
[4.045s] [ext: isaaclab.python.headless-1.1.0] startup
[4.046s] [ext: isaaclab.python.headless.rendering-1.1.0] startup
[4.053s] Simulation App Starting
[6.429s] app ready
/home/boosterk1/miniconda3/envs/vlnce-isaac/lib/python3.10/site-packages/tensordict/_pytree.py:218: UserWarning: torch.utils._pytree._register_pytree_node is deprecated. Please use torch.utils._pytree.register_pytree_node instead.
  register_pytree_node(
/home/boosterk1/miniconda3/envs/vlnce-isaac/lib/python3.10/site-packages/tensordict/_pytree.py:237: UserWarning: torch.utils._pytree._register_pytree_node is deprecated. Please use torch.utils._pytree.register_pytree_node instead.
  register_pytree_node(
[6.697s] Simulation App Startup Complete
[8.423s] [ext: omni.kit.asset_converter-2.1.11] startup
[9.921s] [ext: omni.kit.mainwindow-1.0.3] startup
[9.933s] [ext: omni.uiaudio-1.0.0] startup
[9.935s] [ext: omni.kit.uiapp-0.0.0] startup
[9.935s] [ext: omni.kit.window.drop_support-1.0.2] startup
[9.936s] [ext: omni.kit.window.content_browser_registry-0.0.6] startup
[9.937s] [ext: omni.kit.window.content_browser-2.9.14] startup
[9.962s] [ext: omni.kit.window.extensions-1.4.9] startup
[9.977s] [ext: omni.importer.urdf-1.14.1] startup
2026-10-02 19:12:11 [10,340ms] [Error] [omni.usd] Runtime Error: in Open at line 893 of /buildAgent/work/ac88d7d902b57417/USD/pxr/usd/usd/stage.cpp -- Failed to open layer @/tmp/IsaacLab/usd_20261002_131210_3154/Props/instanceable_meshes.usd@

[INFO][AppLauncher]: Loading experience file: /home/boosterk1/Projects/k1_research/IsaacLab/source/extensions/omni.isaac.lab/omni/isaac/lab/app/../../../../../../apps/isaaclab.python.headless.rendering.kit
Starting kit application with the following args:  ['/home/boosterk1/miniconda3/envs/vlnce-isaac/lib/python3.10/site-packages/isaacsim/exts/omni.isaac.kit/omni/isaac/kit/simulation_app.py', '/home/boosterk1/Projects/k1_research/IsaacLab/source/extensions/omni.isaac.lab/omni/isaac/lab/app/../../../../../../apps/isaaclab.python.headless.rendering.kit', '--/app/tokens/exe-path=/home/boosterk1/miniconda3/envs/vlnce-isaac/lib/python3.10/site-packages/omni', '--/persistent/app/viewport/displayOptions=3094', '--/rtx/materialDb/syncLoads=True', '--/rtx/hydra/materialSyncLoads=True', '--/omni.kit.plugin/syncUsdLoads=True', '--/app/renderer/resolution/width=1280', '--/app/renderer/resolution/height=720', '--/app/window/width=1440', '--/app/window/height=900', '--/renderer/multiGpu/enabled=True', '--/app/fastShutdown=True', '--ext-folder', '/home/boosterk1/miniconda3/envs/vlnce-isaac/lib/python3.10/site-packages/isaacsim/exts', '--ext-folder', '/home/boosterk1/miniconda3/envs/vlnce-isaac/lib/python3.10/site-packages/isaacsim/apps', '--/renderer/activeGpu=0', '--/physics/cudaDevice=0', '--portable', '--no-window', '--/app/window/hideUi=True']
Passing the following args to the base kit application:  ['--task=k1_matterport_vision', '--num_envs=1', '--checkpoint=/home/boosterk1/Projects/k1_research/checkpoints/model_14498.pt', '--episode_idx=212', '--gait_phase_init=0.0', '--out_tag=fr_ep212_cond1', '--closed_loop', '--max_episode_s', '120', '--vlm_transform', 'stretch', '--headless', '--enable_cameras', '--log_dir', '/home/boosterk1/Projects/k1_research/airc2027_replay/replay/ep212/cond1', '--replay_queries', '/home/boosterk1/Projects/k1_research/airc2027_replay/replay/ep212/requests.json', '--replay_n', '20']
Warp 1.2.1 initialized:
   CUDA Toolkit 11.8, Driver 13.0
   Devices:
     "cpu"      : "x86_64"
     "cuda:0"   : "NVIDIA GeForce RTX 3090" (24 GiB, sm_86, mempool enabled)
   Kernel cache:
     /home/boosterk1/.cache/warp/1.2.1
[INFO]: Parsing configuration from: <class 'omni.isaac.vlnce.config.k1.k1_matterport_vision_cfg.K1MatterportVisionCfg'>
[INFO]: Base environment:
	Environment device    : cuda:0
	Physics step-size     : 0.005
	Rendering step-size   : 0.02
	Environment step-size : 0.02
	Physics GPU pipeline  : True
	Physics GPU simulation: True
[INFO]: Time taken for scene creation : 2.323359 seconds
[INFO]: Scene manager:  <class InteractiveScene>
	Number of environments: 1
	Environment spacing   : 2.5
	Source prim name      : /World/envs/env_0
	Global prim paths     : ['/World/matterport']
	Replicate physics     : True
[INFO]: Starting the simulation. This may take a few seconds. Please wait...
[INFO]: Time taken for simulation start : 1.219651 seconds
[INFO] Command Manager:  <CommandManager> contains 1 active terms.
+------------------------------------------------+
|              Active Command Terms              |
+-------+---------------+------------------------+
| Index | Name          |          Type          |
+-------+---------------+------------------------+
|   0   | base_velocity | UniformVelocityCommand |
+-------+---------------+------------------------+

[INFO] Action Manager:  <ActionManager> contains 1 active terms.
+------------------------------------+
|  Active Action Terms (shape: 12)   |
+--------+-------------+-------------+
| Index  | Name        |   Dimension |
+--------+-------------+-------------+
|   0    | joint_pos   |          12 |
+--------+-------------+-------------+

Module omni.isaac.lab.utils.warp.kernels ca938a1 load on device 'cuda:0' took 0.38 ms
[INFO] Observation Manager: <ObservationManager> contains 4 groups.
+----------------------------------------------------------+
| Active Observation Terms in Group: 'policy' (shape: (235,)) |
+-----------+--------------------------------+-------------+
|   Index   | Name                           |    Shape    |
+-----------+--------------------------------+-------------+
|     0     | base_lin_vel                   |     (3,)    |
|     1     | base_ang_vel                   |     (3,)    |
|     2     | projected_gravity              |     (3,)    |
|     3     | velocity_commands              |     (3,)    |
|     4     | joint_pos                      |    (12,)    |
|     5     | joint_vel                      |    (12,)    |
|     6     | actions                        |    (12,)    |
|     7     | height_scan                    |    (187,)   |
+-----------+--------------------------------+-------------+
+---------------------------------------------------------+
| Active Observation Terms in Group: 'proprio' (shape: (48,)) |
+-----------+---------------------------------+-----------+
|   Index   | Name                            |   Shape   |
+-----------+---------------------------------+-----------+
|     0     | base_lin_vel                    |    (3,)   |
|     1     | base_ang_vel                    |    (3,)   |
|     2     | projected_gravity               |    (3,)   |
|     3     | velocity_commands               |    (3,)   |
|     4     | joint_pos                       |   (12,)   |
|     5     | joint_vel                       |   (12,)   |
|     6     | actions                         |   (12,)   |
+-----------+---------------------------------+-----------+
+---------------------------------------------------------------------+
| Active Observation Terms in Group: 'camera_obs' (shape: (720, 1280, 4)) |
+-----------+-----------------------------+---------------------------+
|   Index   | Name                        |           Shape           |
+-----------+-----------------------------+---------------------------+
|     0     | rgb_measurement             |       (720, 1280, 4)      |
+-----------+-----------------------------+---------------------------+
+------------------------------------------------------------------------+
| Active Observation Terms in Group: 'viz_camera_obs' (shape: (512, 512, 4)) |
+------------+-------------------------------+---------------------------+
|   Index    | Name                          |           Shape           |
+------------+-------------------------------+---------------------------+
|     0      | rgb_measurement               |       (512, 512, 4)       |
+------------+-------------------------------+---------------------------+

[INFO] Event Manager:  <EventManager> contains 1 active terms.
+-------------------------------------+
| Active Event Terms in Mode: 'reset' |
+--------+----------------------------+
| Index  | Name                       |
+--------+----------------------------+
|   0    | reset_scene_to_default     |
+--------+----------------------------+

[INFO] Termination Manager:  <TerminationManager> contains 2 active terms.
+------------------------------------+
|      Active Termination Terms      |
+-------+-----------------+----------+
| Index | Name            | Time Out |
+-------+-----------------+----------+
|   0   | time_out        |   True   |
|   1   | bad_orientation |  False   |
+-------+-----------------+----------+

[INFO] Reward Manager:  <RewardManager> contains 3 active terms.
+---------------------------------------+
|          Active Reward Terms          |
+-------+----------------------+--------+
| Index | Name                 | Weight |
+-------+----------------------+--------+
|   0   | track_lin_vel_xy_exp |    2.0 |
|   1   | track_ang_vel_z_exp  |    1.0 |
|   2   | action_rate_l2       |  -0.01 |
+-------+----------------------+--------+

[INFO] Curriculum Manager:  <CurriculumManager> contains 0 active terms.
+----------------------+
| Active Curriculum Terms |
+-----------+----------+
|   Index   | Name     |
+-----------+----------+
+-----------+----------+

[INFO]: Completed setting up the environment...
[v3] loaded actor from /home/boosterk1/Projects/k1_research/checkpoints/model_14498.pt  iter=14498  params=286604
[v3-wrapper] warmup step 0/50
[v3-wrapper] warmup step 49/50
[LOG] replay ep212_A_q013 0: 'The next action is move forward 75 cm.'
[LOG] replay ep212_A_q013 1: 'The next action is move forward 75 cm.'
[LOG] replay ep212_A_q013 2: 'The next action is move forward 75 cm.'
[LOG] replay ep212_A_q013 3: 'The next action is move forward 75 cm.'
[LOG] replay ep212_A_q013 4: 'The next action is move forward 75 cm.'
[LOG] replay ep212_A_q013 5: 'The next action is move forward 75 cm.'
[LOG] replay ep212_A_q013 6: 'The next action is move forward 75 cm.'
[LOG] replay ep212_A_q013 7: 'The next action is move forward 75 cm.'
[LOG] replay ep212_A_q013 8: 'The next action is move forward 75 cm.'
[LOG] replay ep212_A_q013 9: 'The next action is move forward 75 cm.'
[LOG] replay ep212_A_q013 10: 'The next action is move forward 75 cm.'
[LOG] replay ep212_A_q013 11: 'The next action is move forward 75 cm.'
[LOG] replay ep212_A_q013 12: 'The next action is move forward 75 cm.'
[LOG] replay ep212_A_q013 13: 'The next action is move forward 75 cm.'
[LOG] replay ep212_A_q013 14: 'The next action is move forward 75 cm.'
[LOG] replay ep212_A_q013 15: 'The next action is move forward 75 cm.'
[LOG] replay ep212_A_q013 16: 'The next action is move forward 75 cm.'
[LOG] replay ep212_A_q013 17: 'The next action is move forward 75 cm.'
[LOG] replay ep212_A_q013 18: 'The next action is move forward 75 cm.'
[LOG] replay ep212_A_q013 19: 'The next action is move forward 75 cm.'
[LOG] replay ep212_B_q013 0: 'The next action is move forward 25 cm.'
[LOG] replay ep212_B_q013 1: 'The next action is move forward 25 cm.'
[LOG] replay ep212_B_q013 2: 'The next action is move forward 25 cm.'
[LOG] replay ep212_B_q013 3: 'The next action is move forward 25 cm.'
[LOG] replay ep212_B_q013 4: 'The next action is move forward 25 cm.'
[LOG] replay ep212_B_q013 5: 'The next action is move forward 25 cm.'
[LOG] replay ep212_B_q013 6: 'The next action is move forward 25 cm.'
[LOG] replay ep212_B_q013 7: 'The next action is move forward 25 cm.'
[LOG] replay ep212_B_q013 8: 'The next action is move forward 25 cm.'
[LOG] replay ep212_B_q013 9: 'The next action is move forward 25 cm.'
[LOG] replay ep212_B_q013 10: 'The next action is move forward 25 cm.'
[LOG] replay ep212_B_q013 11: 'The next action is move forward 25 cm.'
[LOG] replay ep212_B_q013 12: 'The next action is move forward 25 cm.'
[LOG] replay ep212_B_q013 13: 'The next action is move forward 25 cm.'
[LOG] replay ep212_B_q013 14: 'The next action is move forward 25 cm.'
[LOG] replay ep212_B_q013 15: 'The next action is move forward 25 cm.'
[LOG] replay ep212_B_q013 16: 'The next action is move forward 25 cm.'
[LOG] replay ep212_B_q013 17: 'The next action is move forward 25 cm.'
[LOG] replay ep212_B_q013 18: 'The next action is move forward 25 cm.'
[LOG] replay ep212_B_q013 19: 'The next action is move forward 25 cm.'
2026-10-02 19:12:13 [12,395ms] [Warning] [omni.hydra.scene_delegate.plugin] Calling getBypassRenderSkelMeshProcessing for prim /World/envs/env_0/Robot/Left_Hip_Pitch/visuals.proto_mesh_0_id0 that has not been populated
2026-10-02 19:15:11 [190,362ms] [Warning] [carb.windowing-glfw.plugin] GLFW initialization failed.
2026-10-02 19:15:11 [190,362ms] [Warning] [carb] Failed to startup plugin carb.windowing-glfw.plugin (interfaces: [carb::windowing::IGLContext v1.0],[carb::windowing::IWindowing v1.4]) (impl: carb.windowing-glfw.plugin)
[190.642s] Simulation App Shutting Down
