[Warning] [omni.isaac.kit.simulation_app] Modules: ['omni.kit_app'] were loaded before SimulationApp was started and might not be loaded correctly.
[Warning] [omni.isaac.kit.simulation_app] Please check to make sure no extra omniverse or pxr modules are imported before the call to SimulationApp(...)
Loading user config located at: '/home/boosterk1/miniconda3/envs/vlnce-isaac/lib/python3.10/site-packages/omni/data/Kit/Isaac-Sim/4.1/user.config.json'
[Info] [carb] Logging to file: /home/boosterk1/miniconda3/envs/vlnce-isaac/lib/python3.10/site-packages/omni/logs/Kit/Isaac-Sim/4.1/kit_20261002_100725.log
2026-10-02 16:07:25 [0ms] [Warning] [omni.kit.app.plugin] No crash reporter present, dumps uploading isn't available.
[0.058s] [ext: omni.kit.async_engine-0.0.0] startup
[0.159s] [ext: omni.stats-1.0.1] startup
[0.160s] [ext: omni.client-1.1.0] startup
[0.193s] [ext: omni.datastore-0.0.0] startup
[0.194s] [ext: omni.blobkey-1.1.0] startup
[0.194s] [ext: omni.ujitso.default-1.0.0] startup
[0.195s] [ext: omni.hsscclient-0.0.0] startup
[0.196s] [ext: omni.rtx.shadercache.vulkan-1.0.0] startup
[0.198s] [ext: omni.assets.plugins-0.0.0] startup
[0.200s] [ext: omni.gpu_foundation-0.0.0] startup
[0.220s] [ext: carb.windowing.plugins-1.0.0] startup
2026-10-02 16:07:26 [202ms] [Warning] [carb.windowing-glfw.plugin] GLFW initialization failed.
2026-10-02 16:07:26 [202ms] [Warning] [carb] Failed to startup plugin carb.windowing-glfw.plugin (interfaces: [carb::windowing::IGLContext v1.0],[carb::windowing::IWindowing v1.4]) (impl: carb.windowing-glfw.plugin)
[0.222s] [ext: omni.kit.renderer.init-0.0.0] startup
2026-10-02 16:07:26 [229ms] [Warning] [omni.platforminfo.plugin] failed to open the default display.  Can't verify X Server version.

|---------------------------------------------------------------------------------------------|
| Driver Version: 580.173.02    | Graphics API: Vulkan
|=============================================================================================|
| GPU | Name                             | Active | LDA | GPU Memory | Vendor-ID | LUID       |
|     |                                  |        |     |            | Device-ID | UUID       |
|     |                                  |        |     |            | Bus-ID    |            |
|---------------------------------------------------------------------------------------------|
| 0   | NVIDIA GeForce RTX 3090          | Yes: 0 |     | 24822   MB | 10de      | 0          |
|     |                                  |        |     |            | 2204      | c4160bf8.. |
|     |                                  |        |     |            | 2d        |            |
|=============================================================================================|
| OS: 22.04.5 LTS (Jammy Jellyfish) ubuntu, Version: 22.04.5, Kernel: 6.8.0-124-generic
| Processor: Intel(R) Xeon(R) Gold 6128 CPU @ 3.40GHz | Cores: 6 | Logical: 12
|---------------------------------------------------------------------------------------------|
| Total Memory (MB): 64001 | Free Memory: 56316
| Total Page/Swap (MB): 2047 | Free Page/Swap: 2036
|---------------------------------------------------------------------------------------------|
[1.165s] [ext: omni.kit.pipapi-0.0.0] startup
[1.167s] [ext: omni.kit.pip_archive-0.0.0] startup
[1.168s] [ext: omni.mtlx-0.1.0] startup
[1.168s] [ext: omni.usd.config-1.0.4] startup
[1.188s] [ext: omni.gpucompute.plugins-0.0.0] startup
[1.189s] [ext: omni.usd.libs-1.0.1] startup
[1.317s] [ext: omni.kit.telemetry-0.5.0] startup
[1.357s] [ext: omni.kit.loop-isaac-1.2.0] startup
[1.359s] [ext: omni.kit.test-0.0.0] startup
[1.407s] [ext: omni.usd.schema.semantics-0.0.0] startup
[1.534s] [ext: omni.usd.schema.anim-0.0.0] startup
[1.555s] [ext: omni.usd.schema.physx-106.0.20] startup
[1.605s] [ext: omni.usd.schema.omnigraph-1.0.0] startup
[1.614s] [ext: omni.usd.schema.audio-0.0.0] startup
[1.618s] [ext: omni.usd.schema.geospatial-0.0.0] startup
[1.621s] [ext: omni.usd.schema.forcefield-106.0.20] startup
[1.628s] [ext: omni.usd_resolver-1.0.0] startup
[1.635s] [ext: usdrt.scenegraph-7.4.8] startup
[1.693s] [ext: omni.appwindow-1.1.8] startup
2026-10-02 16:07:27 [1,675ms] [Warning] [carb.windowing-glfw.plugin] GLFW initialization failed.
2026-10-02 16:07:27 [1,675ms] [Warning] [carb] Failed to startup plugin carb.windowing-glfw.plugin (interfaces: [carb::windowing::IGLContext v1.0],[carb::windowing::IWindowing v1.4]) (impl: carb.windowing-glfw.plugin)
[1.697s] [ext: omni.kit.actions.core-1.0.0] startup
[1.699s] [ext: omni.kit.renderer.core-1.0.1] startup
2026-10-02 16:07:27 [1,682ms] [Warning] [carb.windowing-glfw.plugin] GLFW initialization failed.
2026-10-02 16:07:27 [1,682ms] [Warning] [carb] Failed to startup plugin carb.windowing-glfw.plugin (interfaces: [carb::windowing::IGLContext v1.0],[carb::windowing::IWindowing v1.4]) (impl: carb.windowing-glfw.plugin)
2026-10-02 16:07:27 [1,688ms] [Warning] [carb.windowing-glfw.plugin] GLFW initialization failed.
2026-10-02 16:07:27 [1,689ms] [Warning] [carb] Failed to startup plugin carb.windowing-glfw.plugin (interfaces: [carb::windowing::IGLContext v1.0],[carb::windowing::IWindowing v1.4]) (impl: carb.windowing-glfw.plugin)
[1.710s] [ext: omni.kit.commands-1.4.9] startup
[1.714s] [ext: omni.kit.renderer.capture-0.0.0] startup
[1.716s] [ext: omni.graph.exec-0.9.3] startup
[1.717s] [ext: omni.kit.renderer.imgui-1.0.1] startup
2026-10-02 16:07:27 [1,702ms] [Warning] [carb.windowing-glfw.plugin] GLFW initialization failed.
2026-10-02 16:07:27 [1,702ms] [Warning] [carb] Failed to startup plugin carb.windowing-glfw.plugin (interfaces: [carb::windowing::IGLContext v1.0],[carb::windowing::IWindowing v1.4]) (impl: carb.windowing-glfw.plugin)
2026-10-02 16:07:27 [1,704ms] [Warning] [carb.windowing-glfw.plugin] GLFW initialization failed.
2026-10-02 16:07:27 [1,704ms] [Warning] [carb] Failed to startup plugin carb.windowing-glfw.plugin (interfaces: [carb::windowing::IGLContext v1.0],[carb::windowing::IWindowing v1.4]) (impl: carb.windowing-glfw.plugin)
2026-10-02 16:07:27 [1,705ms] [Warning] [carb.windowing-glfw.plugin] GLFW initialization failed.
2026-10-02 16:07:27 [1,705ms] [Warning] [carb] Failed to startup plugin carb.windowing-glfw.plugin (interfaces: [carb::windowing::IGLContext v1.0],[carb::windowing::IWindowing v1.4]) (impl: carb.windowing-glfw.plugin)
[1.826s] [ext: carb.audio-0.1.0] startup
[1.832s] [ext: omni.ui-2.23.11] startup
[1.843s] [ext: omni.kit.usd_undo-0.1.8] startup
[1.843s] [ext: omni.kit.exec.core-0.13.2] startup
[1.846s] [ext: omni.kit.audiodeviceenum-1.0.1] startup
[1.847s] [ext: omni.activity.core-1.0.1] startup
[1.849s] [ext: omni.kit.window.popup_dialog-2.0.24] startup
[1.854s] [ext: omni.usd.core-1.2.11] startup
[1.860s] [ext: omni.resourcemonitor-105.0.1] startup
[1.862s] [ext: omni.timeline-1.0.10] startup
[1.864s] [ext: omni.kit.widget.nucleus_connector-1.1.8] startup
[1.866s] [ext: omni.hydra.usdrt_delegate-7.4.7] startup
[1.900s] [ext: omni.hydra.scene_delegate-0.3.3] startup
[1.912s] [ext: omni.usd-1.11.2] startup
[1.961s] [ext: omni.kit.helper.file_utils-0.1.8] startup
[1.963s] [ext: omni.kit.widget.path_field-2.0.9] startup
[1.963s] [ext: omni.kit.widget.options_menu-1.1.4] startup
[1.967s] [ext: omni.kit.widget.context_menu-1.2.1] startup
[1.969s] [ext: omni.kit.widget.filebrowser-2.10.48] startup
[1.974s] [ext: omni.kit.widget.browser_bar-2.0.10] startup
[1.975s] [ext: omni.kit.widget.options_button-1.0.2] startup
[1.976s] [ext: omni.ui.scene-1.9.3] startup
[1.985s] [ext: omni.kit.notification_manager-1.0.8] startup
[1.987s] [ext: omni.kit.clipboard-1.0.3] startup
[1.989s] [ext: omni.kit.window.filepicker-2.10.34] startup
[2.002s] [ext: omni.ujitso.processor.texture-1.0.0] startup
[2.004s] [ext: omni.iray.libs-0.0.0] startup
[2.012s] [ext: omni.kit.window.file_importer-1.1.11] startup
[2.015s] [ext: omni.ujitso.client-0.0.0] startup
[2.016s] [ext: omni.mdl.neuraylib-0.2.5] startup
[2.017s] [ext: omni.mdl-52.0.1] startup
[2.038s] [ext: omni.kit.menu.utils-1.5.27] startup
[2.048s] [ext: omni.kit.usd.layers-2.1.31] startup
[2.060s] [ext: omni.volume-0.5.0] startup
[2.063s] [ext: omni.kit.context_menu-1.Warning: Possible version incompatibility. Attempting to load omni::fabric::IPath with version v0.2 against v0.1.
Warning: Possible version incompatibility. Attempting to load omni::fabric::IPath with version v0.2 against v0.1.
8.0] startup
[2.064s] [ext: omni.hydra.rtx-0.2.0] startup
[2.089s] [ext: omni.kit.material.library-1.4.4] startup
[2.093s] [ext: omni.hydra.engine.stats-1.0.2] startup
[2.100s] [ext: omni.kit.hydra_texture-1.2.6] startup
[2.107s] [ext: omni.kit.viewport.registry-104.0.6] startup
[2.108s] [ext: omni.kit.raycast.query-1.0.5] startup
[2.120s] [ext: omni.kit.hotkeys.core-1.3.3] startup
[2.124s] [ext: omni.kit.widget.viewport-106.0.3] startup
[2.128s] [ext: omni.inspect-1.0.1] startup
[2.131s] [ext: omni.kit.viewport.window-106.0.8] startup
[2.147s] [ext: omni.kit.window.file_exporter-1.0.29] startup
[2.148s] [ext: omni.kit.widget.filter-1.1.4] startup
[2.149s] [ext: omni.kit.viewport.utility-1.0.17] startup
[2.150s] [ext: omni.kit.widget.prompt-1.0.7] startup
[2.150s] [ext: omni.kit.widget.stage-2.10.26] startup
[2.160s] [ext: omni.graph.core-2.170.3] startup
[2.165s] [ext: omni.kit.widget.text_editor-1.0.2] startup
[2.167s] [ext: omni.physx.foundation-106.0.20] startup
[2.167s] [ext: omni.kit.widget.searchfield-1.1.6] startup
[2.169s] [ext: omni.kit.widget.highlight_label-1.0.2] startup
[2.169s] [ext: omni.kit.widget.settings-1.1.1] startup
[2.171s] [ext: omni.kit.window.property-1.11.1] startup
[2.173s] [ext: omni.graph.tools-1.78.0] startup
[2.193s] [ext: omni.kit.window.preferences-1.5.3] startup
[2.203s] [ext: omni.kit.property.usd-3.21.28] startup
[2.213s] [ext: omni.graph-1.135.0] startup
[2.256s] [ext: omni.graph.image.core-0.3.2] startup
[2.263s] [ext: omni.graph.ui-1.70.0] startup
[2.279s] [ext: omni.graph.action_core-1.1.4] startup
[2.292s] [ext: omni.graph.image.nodes-1.0.2] startup
[2.295s] [ext: omni.graph.action_nodes-1.23.0] startup
[2.308s] [ext: omni.graph.nodes-1.143.0] startup
[2.327s] [ext: omni.graph.action-1.102.1] startup
[2.335s] [ext: omni.kvdb-106.0.20] startup
[2.339s] [ext: omni.debugdraw-0.1.3] startup
[2.351s] [ext: omni.usdphysics-106.0.20] startup
[2.358s] [ext: omni.localcache-106.0.20] startup
[2.362s] [ext: omni.convexdecomposition-106.0.20] startup
[2.374s] [ext: omni.graph.ui_nodes-1.25.1] startup
[2.396s] [ext: omni.physx.cooking-106.0.20] startup
[2.421s] [ext: omni.graph.bundle.action-2.0.4] startup
[2.423s] [ext: omni.kit.stage_template.core-1.1.21] startup
[2.425s] [ext: omni.physx-106.0.20] startup
[2.462s] [ext: omni.graph.scriptnode-1.19.1] startup
[2.476s] [ext: omni.physx.stageupdate-106.0.20] startup
[2.512s] [ext: omni.kit.primitive.mesh-1.0.16] startup
[2.534s] [ext: omni.kit.manipulator.transform-104.7.5] startup
[2.541s] [ext: omni.kit.widget.toolbar-1.6.2] startup
[2.569s] [ext: omni.usdphysics.ui-106.0.20] startup
[2.617s] [ext: omni.physx.commands-106.0.20] startup
[2.626s] [ext: omni.kit.manipulator.tool.snap-1.4.5] startup
[2.677s] [ext: omni.kit.stage_templates-1.2.3] startup
[2.717s] [ext: omni.physx.ui-106.0.20] startup
[2.791s] [ext: omni.kit.window.file-1.3.52] startup
[2.798s] [ext: omni.kit.property.material-1.9.4] startup
[2.802s] [ext: omni.physics.tensors-106.0.20] startup
[2.820s] [ext: omni.physx.demos-106.0.20] startup
[2.843s] [ext: omni.kit.property.physx-106.0.20] startup
[2.946s] [ext: omni.physx.tensors-106.0.20] startup
[2.955s] [ext: omni.physx.vehicle-106.0.20] startup
[2.976s] [ext: omni.sensors.tiled-0.0.4] startup
[2.981s] [ext: omni.physx.camera-106.0.20] startup
[3.002s] [ext: omni.kit.manipulator.selector-1.1.1] startup
[3.007s] [ext: omni.ui_query-1.1.2] startup
[3.009s] [ext: omni.fabric.commands-1.1.4] startup
[3.021s] [ext: omni.kit.viewport.manipulator.transform-106.0.1] startup
[3.024s] [ext: omni.kit.ui_test-1.2.18] startup
[3.027s] [ext: omni.kit.widget.graph-1.12.8] startup
[3.035s] [ext: omni.kit.manipulator.prim.core-107.0.3] startup
[3.045s] [ext: omni.physx.cct-106.0.20] startup
[3.067s] [ext: omni.kit.graph.delegate.default-1.2.2] startup
[3.075s] [ext: omni.kit.manipulator.prim.fabric-106.0.1] startup
[3.079s] [ext: omni.kit.manipulator.prim.usd-106.0.1] startup
[3.083s] [ext: omni.kit.graph.editor.core-1.5.3] startup
[3.095s] [ext: omni.kit.widget.material_preview-1.0.16] startup
[3.102s] [ext: omni.kit.manipulator.prim-106.0.0] startup
[3.103s] [ext: omni.kit.graph.usd.commands-1.3.1] startup
[3.109s] [ext: omni.kit.window.toolbar-1.6.1] startup
[3.112s] [ext: omni.kit.widget.layers-1.7.9] startup
[3.123s] [ext: omni.kit.manipulator.selection-104.0.9] startup
[3.126s] [ext: omni.physx.graph-106.0.20] startup
[3.145s] [ext: omni.physx.telemetry-106.0.20] startup
[3.153s] [ext: omni.physx.supportui-106.0.20] startup
[3.176s] [ext: omni.kit.window.material_graph-1.8.15] startup
2026-10-02 16:07:29 [3,179ms] [Error] [omni.ext._impl.custom_importer] Failed to import python module omni.kit.window.material_graph.tests. Error: cannot import name 'is_directory' from 'PIL._util' (/home/boosterk1/.local/lib/python3.10/site-packages/PIL/_util.py). Traceback:
Traceback (most recent call last):
  File "/home/boosterk1/miniconda3/envs/vlnce-isaac/lib/python3.10/site-packages/omni/kernel/py/omni/ext/_impl/custom_importer.py", line 76, in import_module
    return importlib.import_module(name)
  File "/home/boosterk1/miniconda3/envs/vlnce-isaac/lib/python3.10/importlib/__init__.py", line 126, in import_module
    return _bootstrap._gcd_import(name[level:], package, level)
  File "<frozen importlib._bootstrap>", line 1050, in _gcd_import
  File "<frozen importlib._bootstrap>", line 1027, in _find_and_load
  File "<frozen importlib._bootstrap>", line 1006, in _find_and_load_unlocked
  File "<frozen importlib._bootstrap>", line 688, in _load_unlocked
  File "<frozen importlib._bootstrap_external>", line 883, in exec_module
  File "<frozen importlib._bootstrap>", line 241, in _call_with_frames_removed
  File "/home/boosterk1/miniconda3/envs/vlnce-isaac/lib/python3.10/site-packages/isaacsim/extscache/omni.kit.window.material_graph-1.8.15/omni/kit/window/material_graph/tests/__init__.py", line 9, in <module>
    from .material_graph_test import TestMaterialGraph
  File "/home/boosterk1/miniconda3/envs/vlnce-isaac/lib/python3.10/site-packages/isaacsim/extscache/omni.kit.window.material_graph-1.8.15/omni/kit/window/material_graph/tests/material_graph_test.py", line 11, in <module>
    from omni.ui.tests.test_base import OmniUiTest
  File "/home/boosterk1/miniconda3/envs/vlnce-isaac/lib/python3.10/site-packages/isaacsim/extscache/omni.ui/omni/ui/tests/__init__.py", line 18, in <module>
    from .test_image import TestImage
  File "/home/boosterk1/miniconda3/envs/vlnce-isaac/lib/python3.10/site-packages/isaacsim/extscache/omni.ui/omni/ui/tests/test_image.py", line 13, in <module>
    from PIL import ImageFont
  File "/home/boosterk1/miniconda3/envs/vlnce-isaac/lib/python3.10/site-packages/isaacsim/extscache/omni.kit.pip_archive/pip_prebundle/PIL/ImageFont.py", line 40, in <module>
    from ._util import is_directory, is_path
ImportError: cannot import name 'is_directory' from 'PIL._util' (/home/boosterk1/.local/lib/python3.10/site-packages/PIL/_util.py)

2026-10-02 16:07:29 [3,179ms] [Error] [carb.scripting-python.plugin] Exception: Extension python module: 'omni.kit.window.material_graph.tests' in '/home/boosterk1/miniconda3/envs/vlnce-isaac/lib/python3.10/site-packages/isaacsim/extscache/omni.kit.window.material_graph-1.8.15' failed to load.

At:
  /home/boosterk1/miniconda3/envs/vlnce-isaac/lib/python3.10/site-packages/omni/kernel/py/omni/ext/_impl/_internal.py(213): startup
  /home/boosterk1/miniconda3/envs/vlnce-isaac/lib/python3.10/site-packages/omni/kernel/py/omni/ext/_impl/_internal.py(328): startup_extension
  PythonExtension.cpp::startup()(2): <module>
  /home/boosterk1/miniconda3/envs/vlnce-isaac/lib/python3.10/site-packages/isaacsim/exts/omni.isaac.kit/omni/isaac/kit/simulation_app.py(405): _start_app
  /home/boosterk1/miniconda3/envs/vlnce-isaac/lib/python3.10/site-packages/isaacsim/exts/omni.isaac.kit/omni/isaac/kit/simulation_app.py(199): __init__
  /home/boosterk1/Projects/k1_research/IsaacLab/source/extensions/omni.isaac.lab/omni/isaac/lab/app/app_launcher.py(542): _create_app
  /home/boosterk1/Projects/k1_research/IsaacLab/source/extensions/omni.isaac.lab/omni/isaac/lab/app/app_launcher.py(113): __init__
  /home/boosterk1/Projects/k1_research/airc2027_replay/scripts/navila_eval_v3_LOG.py(161): <module>

2026-10-02 16:07:29 [3,179ms] [Error] [omni.ext.plugin] [ext: omni.kit.window.material_graph-1.8.15] Failed to startup python extension.
2026-10-02 16:07:29 [3,183ms] [Warning] [omni.kit.ui.editor_menu] remove_item menu Window/MDL Material Graph not found
[3.335s] [ext: omni.warp.core-1.2.1] startup
[3.423s] [ext: omni.syntheticdata-0.6.7] startup
[3.442s] [ext: omni.isaac.version-1.1.0] startup
[3.446s] [ext: omni.warp-1.2.1] startup
[3.456s] [ext: omni.physx.bundle-106.0.20] startup
[3.458s] [ext: omni.command.usd-1.0.3] startup
[3.461s] [ext: omni.isaac.nucleus-0.3.0] startup
[3.463s] [ext: omni.replicator.core-1.11.14] startup
2026-10-02 16:07:29 [3,649ms] [Warning] [omni.replicator.core.scripts.annotators] Annotator PostProcessDispatch is already registered, overwriting annotator template
[3.795s] [ext: omni.isaac.core-3.18.1] startup
[4.061s] [ext: omni.isaac.kit-1.13.0] startup
[4.066s] [ext: omni.replicator.isaac-1.15.0] startup
[4.114s] [ext: omni.physx.fabric-106.0.20] startup
[4.126s] [ext: omni.isaac.cloner-0.8.1] startup
[4.130s] [ext: omni.kit.viewport.rtx-104.0.1] startup
[4.131s] [ext: isaaclab.python.headless-1.1.0] startup
[4.132s] [ext: isaaclab.python.headless.rendering-1.1.0] startup
[4.140s] Simulation App Starting
[6.541s] app ready
/home/boosterk1/miniconda3/envs/vlnce-isaac/lib/python3.10/site-packages/tensordict/_pytree.py:218: UserWarning: torch.utils._pytree._register_pytree_node is deprecated. Please use torch.utils._pytree.register_pytree_node instead.
  register_pytree_node(
/home/boosterk1/miniconda3/envs/vlnce-isaac/lib/python3.10/site-packages/tensordict/_pytree.py:237: UserWarning: torch.utils._pytree._register_pytree_node is deprecated. Please use torch.utils._pytree.register_pytree_node instead.
  register_pytree_node(
[6.812s] Simulation App Startup Complete
[8.620s] [ext: omni.kit.asset_converter-2.1.11] startup
[9.629s] [ext: omni.kit.mainwindow-1.0.3] startup
[9.642s] [ext: omni.uiaudio-1.0.0] startup
[9.644s] [ext: omni.kit.uiapp-0.0.0] startup
[9.644s] [ext: omni.kit.window.drop_support-1.0.2] startup
[9.645s] [ext: omni.kit.window.content_browser_registry-0.0.6] startup
[9.646s] [ext: omni.kit.window.content_browser-2.9.14] startup
[9.672s] [ext: omni.kit.window.extensions-1.4.9] startup
[9.686s] [ext: omni.importer.urdf-1.14.1] startup
2026-10-02 16:07:35 [10,056ms] [Error] [omni.usd] Runtime Error: in Open at line 893 of /buildAgent/work/ac88d7d902b57417/USD/pxr/usd/usd/stage.cpp -- Failed to open layer @/tmp/IsaacLab/usd_20261002_100735_8012/Props/instanceable_meshes.usd@

[INFO][AppLauncher]: Loading experience file: /home/boosterk1/Projects/k1_research/IsaacLab/source/extensions/omni.isaac.lab/omni/isaac/lab/app/../../../../../../apps/isaaclab.python.headless.rendering.kit
Starting kit application with the following args:  ['/home/boosterk1/miniconda3/envs/vlnce-isaac/lib/python3.10/site-packages/isaacsim/exts/omni.isaac.kit/omni/isaac/kit/simulation_app.py', '/home/boosterk1/Projects/k1_research/IsaacLab/source/extensions/omni.isaac.lab/omni/isaac/lab/app/../../../../../../apps/isaaclab.python.headless.rendering.kit', '--/app/tokens/exe-path=/home/boosterk1/miniconda3/envs/vlnce-isaac/lib/python3.10/site-packages/omni', '--/persistent/app/viewport/displayOptions=3094', '--/rtx/materialDb/syncLoads=True', '--/rtx/hydra/materialSyncLoads=True', '--/omni.kit.plugin/syncUsdLoads=True', '--/app/renderer/resolution/width=1280', '--/app/renderer/resolution/height=720', '--/app/window/width=1440', '--/app/window/height=900', '--/renderer/multiGpu/enabled=True', '--/app/fastShutdown=True', '--ext-folder', '/home/boosterk1/miniconda3/envs/vlnce-isaac/lib/python3.10/site-packages/isaacsim/exts', '--ext-folder', '/home/boosterk1/miniconda3/envs/vlnce-isaac/lib/python3.10/site-packages/isaacsim/apps', '--/renderer/activeGpu=0', '--/physics/cudaDevice=0', '--portable', '--no-window', '--/app/window/hideUi=True']
Passing the following args to the base kit application:  ['--task=k1_matterport_vision', '--num_envs=1', '--checkpoint=/home/boosterk1/Projects/k1_research/checkpoints/model_14498.pt', '--episode_idx=3', '--gait_phase_init=0.0', '--out_tag=fr_ep3_A', '--closed_loop', '--max_episode_s', '120', '--vlm_transform', 'stretch', '--headless', '--enable_cameras', '--log_dir', '/home/boosterk1/Projects/k1_research/airc2027_replay/runs/ep3_A']
Warp 1.2.1 initialized:
   CUDA Toolkit 11.8, Driver 13.0
   Devices:
     "cpu"      : "x86_64"
     "cuda:0"   : "NVIDIA GeForce RTX 3090" (24 GiB, sm_86, mempool enabled)
   Kernel cache:
     /home/boosterk1/.cache/warp/1.2.1
[INFO]: Parsing configuration from: <class 'omni.isaac.vlnce.config.k1.k1_matterport_vision_cfg.K1MatterportVisionCfg'>
[INFO]: Base environment:
	Environment device    : cuda:0
	Physics step-size     : 0.005
	Rendering step-size   : 0.02
	Environment step-size : 0.02
	Physics GPU pipeline  : True
	Physics GPU simulation: True
[INFO]: Time taken for scene creation : 1.807401 seconds
[INFO]: Scene manager:  <class InteractiveScene>
	Number of environments: 1
	Environment spacing   : 2.5
	Source prim name      : /World/envs/env_0
	Global prim paths     : ['/World/matterport']
	Replicate physics     : True
[INFO]: Starting the simulation. This may take a few seconds. Please wait...
[INFO]: Time taken for simulation start : 1.067961 seconds
[INFO] Command Manager:  <CommandManager> contains 1 active terms.
+------------------------------------------------+
|              Active Command Terms              |
+-------+---------------+------------------------+
| Index | Name          |          Type          |
+-------+---------------+------------------------+
|   0   | base_velocity | UniformVelocityCommand |
+-------+---------------+------------------------+

[INFO] Action Manager:  <ActionManager> contains 1 active terms.
+------------------------------------+
|  Active Action Terms (shape: 12)   |
+--------+-------------+-------------+
| Index  | Name        |   Dimension |
+--------+-------------+-------------+
|   0    | joint_pos   |          12 |
+--------+-------------+-------------+

Module omni.isaac.lab.utils.warp.kernels ca938a1 load on device 'cuda:0' took 0.38 ms
[INFO] Observation Manager: <ObservationManager> contains 4 groups.
+----------------------------------------------------------+
| Active Observation Terms in Group: 'policy' (shape: (235,)) |
+-----------+--------------------------------+-------------+
|   Index   | Name                           |    Shape    |
+-----------+--------------------------------+-------------+
|     0     | base_lin_vel                   |     (3,)    |
|     1     | base_ang_vel                   |     (3,)    |
|     2     | projected_gravity              |     (3,)    |
|     3     | velocity_commands              |     (3,)    |
|     4     | joint_pos                      |    (12,)    |
|     5     | joint_vel                      |    (12,)    |
|     6     | actions                        |    (12,)    |
|     7     | height_scan                    |    (187,)   |
+-----------+--------------------------------+-------------+
+---------------------------------------------------------+
| Active Observation Terms in Group: 'proprio' (shape: (48,)) |
+-----------+---------------------------------+-----------+
|   Index   | Name                            |   Shape   |
+-----------+---------------------------------+-----------+
|     0     | base_lin_vel                    |    (3,)   |
|     1     | base_ang_vel                    |    (3,)   |
|     2     | projected_gravity               |    (3,)   |
|     3     | velocity_commands               |    (3,)   |
|     4     | joint_pos                       |   (12,)   |
|     5     | joint_vel                       |   (12,)   |
|     6     | actions                         |   (12,)   |
+-----------+---------------------------------+-----------+
+---------------------------------------------------------------------+
| Active Observation Terms in Group: 'camera_obs' (shape: (720, 1280, 4)) |
+-----------+-----------------------------+---------------------------+
|   Index   | Name                        |           Shape           |
+-----------+-----------------------------+---------------------------+
|     0     | rgb_measurement             |       (720, 1280, 4)      |
+-----------+-----------------------------+---------------------------+
+------------------------------------------------------------------------+
| Active Observation Terms in Group: 'viz_camera_obs' (shape: (512, 512, 4)) |
+------------+-------------------------------+---------------------------+
|   Index    | Name                          |           Shape           |
+------------+-------------------------------+---------------------------+
|     0      | rgb_measurement               |       (512, 512, 4)       |
+------------+-------------------------------+---------------------------+

[INFO] Event Manager:  <EventManager> contains 1 active terms.
+-------------------------------------+
| Active Event Terms in Mode: 'reset' |
+--------+----------------------------+
| Index  | Name                       |
+--------+----------------------------+
|   0    | reset_scene_to_default     |
+--------+----------------------------+

[INFO] Termination Manager:  <TerminationManager> contains 2 active terms.
+------------------------------------+
|      Active Termination Terms      |
+-------+-----------------+----------+
| Index | Name            | Time Out |
+-------+-----------------+----------+
|   0   | time_out        |   True   |
|   1   | bad_orientation |  False   |
+-------+-----------------+----------+

[INFO] Reward Manager:  <RewardManager> contains 3 active terms.
+---------------------------------------+
|          Active Reward Terms          |
+-------+----------------------+--------+
| Index | Name                 | Weight |
+-------+----------------------+--------+
|   0   | track_lin_vel_xy_exp |    2.0 |
|   1   | track_ang_vel_z_exp  |    1.0 |
|   2   | action_rate_l2       |  -0.01 |
+-------+----------------------+--------+

[INFO] Curriculum Manager:  <CurriculumManager> contains 0 active terms.
+----------------------+
| Active Curriculum Terms |
+-----------+----------+
|   Index   | Name     |
+-----------+----------+
+-----------+----------+

[INFO]: Completed setting up the environment...
[v3] loaded actor from /home/boosterk1/Projects/k1_research/checkpoints/model_14498.pt  iter=14498  params=286604
[v3-wrapper] warmup step 0/50
[v3-wrapper] warmup step 49/50
VLM: The next action is move forward 25 cm.
Cmd: [0.5, 0.0, 0.0]  steps_to_go: 25
VLM: The next action is move forward 25 cm.
Cmd: [0.5, 0.0, 0.0]  steps_to_go: 25
2026-10-02 16:07:37 [11,963ms] [Warning] [omni.hydra.scene_delegate.plugin] Calling getBypassRenderSkelMeshProcessing for prim /World/envs/env_0/Robot/Left_Hip_Yaw/visuals.proto_mesh_0_id0 that has not been populated
2026-10-02 16:11:45 [259,444ms] [Warning] [carb.windowing-glfw.plugin] GLFW initialization failed.
2026-10-02 16:11:45 [259,444ms] [Warning] [carb] Failed to startup plugin carb.windowing-glfw.plugin (interfaces: [carb::windowing::IGLContext v1.0],[carb::windowing::IWindowing v1.4]) (impl: carb.windowing-glfw.plugin)
[259.647s] Simulation App Shutting Down
