[Warning] [omni.isaac.kit.simulation_app] Modules: ['omni.kit_app'] were loaded before SimulationApp was started and might not be loaded correctly.
[Warning] [omni.isaac.kit.simulation_app] Please check to make sure no extra omniverse or pxr modules are imported before the call to SimulationApp(...)
Loading user config located at: '/home/boosterk1/miniconda3/envs/vlnce-isaac/lib/python3.10/site-packages/omni/data/Kit/Isaac-Sim/4.1/user.config.json'
[Info] [carb] Logging to file: /home/boosterk1/miniconda3/envs/vlnce-isaac/lib/python3.10/site-packages/omni/logs/Kit/Isaac-Sim/4.1/kit_20261002_101539.log
2026-10-02 16:15:39 [0ms] [Warning] [omni.kit.app.plugin] No crash reporter present, dumps uploading isn't available.
[0.056s] [ext: omni.kit.async_engine-0.0.0] startup
[0.158s] [ext: omni.stats-1.0.1] startup
[0.159s] [ext: omni.client-1.1.0] startup
[0.194s] [ext: omni.datastore-0.0.0] startup
[0.195s] [ext: omni.blobkey-1.1.0] startup
[0.196s] [ext: omni.ujitso.default-1.0.0] startup
[0.197s] [ext: omni.hsscclient-0.0.0] startup
[0.197s] [ext: omni.rtx.shadercache.vulkan-1.0.0] startup
[0.198s] [ext: omni.assets.plugins-0.0.0] startup
[0.200s] [ext: omni.gpu_foundation-0.0.0] startup
[0.212s] [ext: carb.windowing.plugins-1.0.0] startup
2026-10-02 16:15:39 [193ms] [Warning] [carb.windowing-glfw.plugin] GLFW initialization failed.
2026-10-02 16:15:39 [193ms] [Warning] [carb] Failed to startup plugin carb.windowing-glfw.plugin (interfaces: [carb::windowing::IGLContext v1.0],[carb::windowing::IWindowing v1.4]) (impl: carb.windowing-glfw.plugin)
[0.213s] [ext: omni.kit.renderer.init-0.0.0] startup
2026-10-02 16:15:40 [218ms] [Warning] [omni.platforminfo.plugin] failed to open the default display.  Can't verify X Server version.

|---------------------------------------------------------------------------------------------|
| Driver Version: 580.173.02    | Graphics API: Vulkan
|=============================================================================================|
| GPU | Name                             | Active | LDA | GPU Memory | Vendor-ID | LUID       |
|     |                                  |        |     |            | Device-ID | UUID       |
|     |                                  |        |     |            | Bus-ID    |            |
|---------------------------------------------------------------------------------------------|
| 0   | NVIDIA GeForce RTX 3090          | Yes: 0 |     | 24822   MB | 10de      | 0          |
|     |                                  |        |     |            | 2204      | c4160bf8.. |
|     |                                  |        |     |            | 2d        |            |
|=============================================================================================|
| OS: 22.04.5 LTS (Jammy Jellyfish) ubuntu, Version: 22.04.5, Kernel: 6.8.0-124-generic
| Processor: Intel(R) Xeon(R) Gold 6128 CPU @ 3.40GHz | Cores: 6 | Logical: 12
|---------------------------------------------------------------------------------------------|
| Total Memory (MB): 64001 | Free Memory: 56222
| Total Page/Swap (MB): 2047 | Free Page/Swap: 2036
|---------------------------------------------------------------------------------------------|
[1.143s] [ext: omni.kit.pipapi-0.0.0] startup
[1.145s] [ext: omni.kit.pip_archive-0.0.0] startup
[1.145s] [ext: omni.mtlx-0.1.0] startup
[1.146s] [ext: omni.usd.config-1.0.4] startup
[1.165s] [ext: omni.gpucompute.plugins-0.0.0] startup
[1.166s] [ext: omni.usd.libs-1.0.1] startup
[1.279s] [ext: omni.kit.telemetry-0.5.0] startup
[1.318s] [ext: omni.kit.loop-isaac-1.2.0] startup
[1.320s] [ext: omni.kit.test-0.0.0] startup
[1.367s] [ext: omni.usd.schema.semantics-0.0.0] startup
[1.492s] [ext: omni.usd.schema.anim-0.0.0] startup
[1.512s] [ext: omni.usd.schema.physx-106.0.20] startup
[1.560s] [ext: omni.usd.schema.omnigraph-1.0.0] startup
[1.568s] [ext: omni.usd.schema.audio-0.0.0] startup
[1.572s] [ext: omni.usd.schema.geospatial-0.0.0] startup
[1.575s] [ext: omni.usd.schema.forcefield-106.0.20] startup
[1.582s] [ext: omni.usd_resolver-1.0.0] startup
[1.589s] [ext: usdrt.scenegraph-7.4.8] startup
[1.645s] [ext: omni.appwindow-1.1.8] startup
2026-10-02 16:15:41 [1,627ms] [Warning] [carb.windowing-glfw.plugin] GLFW initialization failed.
2026-10-02 16:15:41 [1,627ms] [Warning] [carb] Failed to startup plugin carb.windowing-glfw.plugin (interfaces: [carb::windowing::IGLContext v1.0],[carb::windowing::IWindowing v1.4]) (impl: carb.windowing-glfw.plugin)
[1.648s] [ext: omni.kit.actions.core-1.0.0] startup
[1.651s] [ext: omni.kit.renderer.core-1.0.1] startup
2026-10-02 16:15:41 [1,634ms] [Warning] [carb.windowing-glfw.plugin] GLFW initialization failed.
2026-10-02 16:15:41 [1,634ms] [Warning] [carb] Failed to startup plugin carb.windowing-glfw.plugin (interfaces: [carb::windowing::IGLContext v1.0],[carb::windowing::IWindowing v1.4]) (impl: carb.windowing-glfw.plugin)
2026-10-02 16:15:41 [1,641ms] [Warning] [carb.windowing-glfw.plugin] GLFW initialization failed.
2026-10-02 16:15:41 [1,641ms] [Warning] [carb] Failed to startup plugin carb.windowing-glfw.plugin (interfaces: [carb::windowing::IGLContext v1.0],[carb::windowing::IWindowing v1.4]) (impl: carb.windowing-glfw.plugin)
[1.662s] [ext: omni.kit.commands-1.4.9] startup
[1.666s] [ext: omni.kit.renderer.capture-0.0.0] startup
[1.668s] [ext: omni.graph.exec-0.9.3] startup
[1.669s] [ext: omni.kit.renderer.imgui-1.0.1] startup
2026-10-02 16:15:41 [1,654ms] [Warning] [carb.windowing-glfw.plugin] GLFW initialization failed.
2026-10-02 16:15:41 [1,654ms] [Warning] [carb] Failed to startup plugin carb.windowing-glfw.plugin (interfaces: [carb::windowing::IGLContext v1.0],[carb::windowing::IWindowing v1.4]) (impl: carb.windowing-glfw.plugin)
2026-10-02 16:15:41 [1,656ms] [Warning] [carb.windowing-glfw.plugin] GLFW initialization failed.
2026-10-02 16:15:41 [1,656ms] [Warning] [carb] Failed to startup plugin carb.windowing-glfw.plugin (interfaces: [carb::windowing::IGLContext v1.0],[carb::windowing::IWindowing v1.4]) (impl: carb.windowing-glfw.plugin)
2026-10-02 16:15:41 [1,657ms] [Warning] [carb.windowing-glfw.plugin] GLFW initialization failed.
2026-10-02 16:15:41 [1,657ms] [Warning] [carb] Failed to startup plugin carb.windowing-glfw.plugin (interfaces: [carb::windowing::IGLContext v1.0],[carb::windowing::IWindowing v1.4]) (impl: carb.windowing-glfw.plugin)
[1.777s] [ext: carb.audio-0.1.0] startup
[1.783s] [ext: omni.ui-2.23.11] startup
[1.797s] [ext: omni.kit.usd_undo-0.1.8] startup
[1.797s] [ext: omni.kit.exec.core-0.13.2] startup
[1.800s] [ext: omni.kit.audiodeviceenum-1.0.1] startup
[1.802s] [ext: omni.activity.core-1.0.1] startup
[1.804s] [ext: omni.kit.window.popup_dialog-2.0.24] startup
[1.811s] [ext: omni.usd.core-1.2.11] startup
[1.820s] [ext: omni.resourcemonitor-105.0.1] startup
[1.822s] [ext: omni.timeline-1.0.10] startup
[1.825s] [ext: omni.kit.widget.nucleus_connector-1.1.8] startup
[1.827s] [ext: omni.hydra.usdrt_delegate-7.4.7] startup
[1.861s] [ext: omni.hydra.scene_delegate-0.3.3] startup
[1.873s] [ext: omni.usd-1.11.2] startup
[1.924s] [ext: omni.kit.helper.file_utils-0.1.8] startup
[1.926s] [ext: omni.kit.widget.path_field-2.0.9] startup
[1.927s] [ext: omni.kit.widget.options_menu-1.1.4] startup
[1.931s] [ext: omni.kit.widget.context_menu-1.2.1] startup
[1.933s] [ext: omni.kit.widget.filebrowser-2.10.48] startup
[1.938s] [ext: omni.kit.widget.browser_bar-2.0.10] startup
[1.939s] [ext: omni.kit.widget.options_button-1.0.2] startup
[1.940s] [ext: omni.ui.scene-1.9.3] startup
[1.947s] [ext: omni.kit.notification_manager-1.0.8] startup
[1.949s] [ext: omni.kit.clipboard-1.0.3] startup
[1.950s] [ext: omni.kit.window.filepicker-2.10.34] startup
[1.962s] [ext: omni.ujitso.processor.texture-1.0.0] startup
[1.964s] [ext: omni.iray.libs-0.0.0] startup
[1.971s] [ext: omni.kit.window.file_importer-1.1.11] startup
[1.974s] [ext: omni.ujitso.client-0.0.0] startup
[1.975s] [ext: omni.mdl.neuraylib-0.2.5] startup
[1.977s] [ext: omni.mdl-52.0.1] startup
[1.997s] [ext: omni.kit.menu.utils-1.5.27] startup
[2.007s] [ext: omni.kit.usd.layers-2.1.31] startup
[2.018s] [ext: omni.volume-0.5.0] startup
[2.021s] [ext: omni.kit.context_menu-1.Warning: Possible version incompatibility. Attempting to load omni::fabric::IPath with version v0.2 against v0.1.
Warning: Possible version incompatibility. Attempting to load omni::fabric::IPath with version v0.2 against v0.1.
8.0] startup
[2.023s] [ext: omni.hydra.rtx-0.2.0] startup
[2.047s] [ext: omni.kit.material.library-1.4.4] startup
[2.050s] [ext: omni.hydra.engine.stats-1.0.2] startup
[2.057s] [ext: omni.kit.hydra_texture-1.2.6] startup
[2.064s] [ext: omni.kit.viewport.registry-104.0.6] startup
[2.064s] [ext: omni.kit.raycast.query-1.0.5] startup
[2.077s] [ext: omni.kit.hotkeys.core-1.3.3] startup
[2.081s] [ext: omni.kit.widget.viewport-106.0.3] startup
[2.085s] [ext: omni.inspect-1.0.1] startup
[2.087s] [ext: omni.kit.viewport.window-106.0.8] startup
[2.104s] [ext: omni.kit.window.file_exporter-1.0.29] startup
[2.105s] [ext: omni.kit.widget.filter-1.1.4] startup
[2.106s] [ext: omni.kit.viewport.utility-1.0.17] startup
[2.107s] [ext: omni.kit.widget.prompt-1.0.7] startup
[2.107s] [ext: omni.kit.widget.stage-2.10.26] startup
[2.117s] [ext: omni.graph.core-2.170.3] startup
[2.122s] [ext: omni.kit.widget.text_editor-1.0.2] startup
[2.124s] [ext: omni.physx.foundation-106.0.20] startup
[2.124s] [ext: omni.kit.widget.searchfield-1.1.6] startup
[2.125s] [ext: omni.kit.widget.highlight_label-1.0.2] startup
[2.126s] [ext: omni.kit.widget.settings-1.1.1] startup
[2.128s] [ext: omni.kit.window.property-1.11.1] startup
[2.130s] [ext: omni.graph.tools-1.78.0] startup
[2.149s] [ext: omni.kit.window.preferences-1.5.3] startup
[2.158s] [ext: omni.kit.property.usd-3.21.28] startup
[2.168s] [ext: omni.graph-1.135.0] startup
[2.212s] [ext: omni.graph.image.core-0.3.2] startup
[2.219s] [ext: omni.graph.ui-1.70.0] startup
[2.235s] [ext: omni.graph.action_core-1.1.4] startup
[2.249s] [ext: omni.graph.image.nodes-1.0.2] startup
[2.252s] [ext: omni.graph.action_nodes-1.23.0] startup
[2.265s] [ext: omni.graph.nodes-1.143.0] startup
[2.284s] [ext: omni.graph.action-1.102.1] startup
[2.291s] [ext: omni.kvdb-106.0.20] startup
[2.303s] [ext: omni.debugdraw-0.1.3] startup
[2.311s] [ext: omni.usdphysics-106.0.20] startup
[2.318s] [ext: omni.localcache-106.0.20] startup
[2.322s] [ext: omni.convexdecomposition-106.0.20] startup
[2.332s] [ext: omni.graph.ui_nodes-1.25.1] startup
[2.342s] [ext: omni.physx.cooking-106.0.20] startup
[2.362s] [ext: omni.graph.bundle.action-2.0.4] startup
[2.363s] [ext: omni.kit.stage_template.core-1.1.21] startup
[2.366s] [ext: omni.physx-106.0.20] startup
[2.404s] [ext: omni.graph.scriptnode-1.19.1] startup
[2.413s] [ext: omni.physx.stageupdate-106.0.20] startup
[2.432s] [ext: omni.kit.primitive.mesh-1.0.16] startup
[2.491s] [ext: omni.kit.manipulator.transform-104.7.5] startup
[2.502s] [ext: omni.kit.widget.toolbar-1.6.2] startup
[2.537s] [ext: omni.usdphysics.ui-106.0.20] startup
[2.580s] [ext: omni.physx.commands-106.0.20] startup
[2.589s] [ext: omni.kit.manipulator.tool.snap-1.4.5] startup
[2.604s] [ext: omni.kit.stage_templates-1.2.3] startup
[2.622s] [ext: omni.physx.ui-106.0.20] startup
[2.775s] [ext: omni.kit.window.file-1.3.52] startup
[2.781s] [ext: omni.kit.property.material-1.9.4] startup
[2.785s] [ext: omni.physics.tensors-106.0.20] startup
[2.798s] [ext: omni.physx.demos-106.0.20] startup
[2.819s] [ext: omni.kit.property.physx-106.0.20] startup
[2.911s] [ext: omni.physx.tensors-106.0.20] startup
[2.920s] [ext: omni.physx.vehicle-106.0.20] startup
[2.940s] [ext: omni.sensors.tiled-0.0.4] startup
[2.946s] [ext: omni.physx.camera-106.0.20] startup
[2.958s] [ext: omni.kit.manipulator.selector-1.1.1] startup
[2.966s] [ext: omni.ui_query-1.1.2] startup
[2.968s] [ext: omni.fabric.commands-1.1.4] startup
[2.976s] [ext: omni.kit.viewport.manipulator.transform-106.0.1] startup
[2.978s] [ext: omni.kit.ui_test-1.2.18] startup
[2.980s] [ext: omni.kit.widget.graph-1.12.8] startup
[2.986s] [ext: omni.kit.manipulator.prim.core-107.0.3] startup
[2.992s] [ext: omni.physx.cct-106.0.20] startup
[3.005s] [ext: omni.kit.graph.delegate.default-1.2.2] startup
[3.010s] [ext: omni.kit.manipulator.prim.fabric-106.0.1] startup
[3.012s] [ext: omni.kit.manipulator.prim.usd-106.0.1] startup
[3.016s] [ext: omni.kit.graph.editor.core-1.5.3] startup
[3.024s] [ext: omni.kit.widget.material_preview-1.0.16] startup
[3.029s] [ext: omni.kit.manipulator.prim-106.0.0] startup
[3.029s] [ext: omni.kit.graph.usd.commands-1.3.1] startup
[3.032s] [ext: omni.kit.window.toolbar-1.6.1] startup
[3.035s] [ext: omni.kit.widget.layers-1.7.9] startup
[3.046s] [ext: omni.kit.manipulator.selection-104.0.9] startup
[3.049s] [ext: omni.physx.graph-106.0.20] startup
[3.068s] [ext: omni.physx.telemetry-106.0.20] startup
[3.075s] [ext: omni.physx.supportui-106.0.20] startup
[3.096s] [ext: omni.kit.window.material_graph-1.8.15] startup
2026-10-02 16:15:42 [3,101ms] [Error] [omni.ext._impl.custom_importer] Failed to import python module omni.kit.window.material_graph.tests. Error: cannot import name 'is_directory' from 'PIL._util' (/home/boosterk1/.local/lib/python3.10/site-packages/PIL/_util.py). Traceback:
Traceback (most recent call last):
  File "/home/boosterk1/miniconda3/envs/vlnce-isaac/lib/python3.10/site-packages/omni/kernel/py/omni/ext/_impl/custom_importer.py", line 76, in import_module
    return importlib.import_module(name)
  File "/home/boosterk1/miniconda3/envs/vlnce-isaac/lib/python3.10/importlib/__init__.py", line 126, in import_module
    return _bootstrap._gcd_import(name[level:], package, level)
  File "<frozen importlib._bootstrap>", line 1050, in _gcd_import
  File "<frozen importlib._bootstrap>", line 1027, in _find_and_load
  File "<frozen importlib._bootstrap>", line 1006, in _find_and_load_unlocked
  File "<frozen importlib._bootstrap>", line 688, in _load_unlocked
  File "<frozen importlib._bootstrap_external>", line 883, in exec_module
  File "<frozen importlib._bootstrap>", line 241, in _call_with_frames_removed
  File "/home/boosterk1/miniconda3/envs/vlnce-isaac/lib/python3.10/site-packages/isaacsim/extscache/omni.kit.window.material_graph-1.8.15/omni/kit/window/material_graph/tests/__init__.py", line 9, in <module>
    from .material_graph_test import TestMaterialGraph
  File "/home/boosterk1/miniconda3/envs/vlnce-isaac/lib/python3.10/site-packages/isaacsim/extscache/omni.kit.window.material_graph-1.8.15/omni/kit/window/material_graph/tests/material_graph_test.py", line 11, in <module>
    from omni.ui.tests.test_base import OmniUiTest
  File "/home/boosterk1/miniconda3/envs/vlnce-isaac/lib/python3.10/site-packages/isaacsim/extscache/omni.ui/omni/ui/tests/__init__.py", line 18, in <module>
    from .test_image import TestImage
  File "/home/boosterk1/miniconda3/envs/vlnce-isaac/lib/python3.10/site-packages/isaacsim/extscache/omni.ui/omni/ui/tests/test_image.py", line 13, in <module>
    from PIL import ImageFont
  File "/home/boosterk1/miniconda3/envs/vlnce-isaac/lib/python3.10/site-packages/isaacsim/extscache/omni.kit.pip_archive/pip_prebundle/PIL/ImageFont.py", line 40, in <module>
    from ._util import is_directory, is_path
ImportError: cannot import name 'is_directory' from 'PIL._util' (/home/boosterk1/.local/lib/python3.10/site-packages/PIL/_util.py)

2026-10-02 16:15:42 [3,102ms] [Error] [carb.scripting-python.plugin] Exception: Extension python module: 'omni.kit.window.material_graph.tests' in '/home/boosterk1/miniconda3/envs/vlnce-isaac/lib/python3.10/site-packages/isaacsim/extscache/omni.kit.window.material_graph-1.8.15' failed to load.

At:
  /home/boosterk1/miniconda3/envs/vlnce-isaac/lib/python3.10/site-packages/omni/kernel/py/omni/ext/_impl/_internal.py(213): startup
  /home/boosterk1/miniconda3/envs/vlnce-isaac/lib/python3.10/site-packages/omni/kernel/py/omni/ext/_impl/_internal.py(328): startup_extension
  PythonExtension.cpp::startup()(2): <module>
  /home/boosterk1/miniconda3/envs/vlnce-isaac/lib/python3.10/site-packages/isaacsim/exts/omni.isaac.kit/omni/isaac/kit/simulation_app.py(405): _start_app
  /home/boosterk1/miniconda3/envs/vlnce-isaac/lib/python3.10/site-packages/isaacsim/exts/omni.isaac.kit/omni/isaac/kit/simulation_app.py(199): __init__
  /home/boosterk1/Projects/k1_research/IsaacLab/source/extensions/omni.isaac.lab/omni/isaac/lab/app/app_launcher.py(542): _create_app
  /home/boosterk1/Projects/k1_research/IsaacLab/source/extensions/omni.isaac.lab/omni/isaac/lab/app/app_launcher.py(113): __init__
  /home/boosterk1/Projects/k1_research/airc2027_replay/scripts/navila_eval_v3_LOG.py(161): <module>

2026-10-02 16:15:42 [3,102ms] [Error] [omni.ext.plugin] [ext: omni.kit.window.material_graph-1.8.15] Failed to startup python extension.
2026-10-02 16:15:42 [3,105ms] [Warning] [omni.kit.ui.editor_menu] remove_item menu Window/MDL Material Graph not found
[3.246s] [ext: omni.warp.core-1.2.1] startup
[3.338s] [ext: omni.syntheticdata-0.6.7] startup
[3.356s] [ext: omni.isaac.version-1.1.0] startup
[3.360s] [ext: omni.warp-1.2.1] startup
[3.371s] [ext: omni.physx.bundle-106.0.20] startup
[3.374s] [ext: omni.command.usd-1.0.3] startup
[3.378s] [ext: omni.isaac.nucleus-0.3.0] startup
[3.381s] [ext: omni.replicator.core-1.11.14] startup
2026-10-02 16:15:43 [3,574ms] [Warning] [omni.replicator.core.scripts.annotators] Annotator PostProcessDispatch is already registered, overwriting annotator template
[3.710s] [ext: omni.isaac.core-3.18.1] startup
[3.948s] [ext: omni.isaac.kit-1.13.0] startup
[3.953s] [ext: omni.replicator.isaac-1.15.0] startup
[4.010s] [ext: omni.physx.fabric-106.0.20] startup
[4.026s] [ext: omni.isaac.cloner-0.8.1] startup
[4.029s] [ext: omni.kit.viewport.rtx-104.0.1] startup
[4.030s] [ext: isaaclab.python.headless-1.1.0] startup
[4.033s] [ext: isaaclab.python.headless.rendering-1.1.0] startup
[4.043s] Simulation App Starting
[6.352s] app ready
/home/boosterk1/miniconda3/envs/vlnce-isaac/lib/python3.10/site-packages/tensordict/_pytree.py:218: UserWarning: torch.utils._pytree._register_pytree_node is deprecated. Please use torch.utils._pytree.register_pytree_node instead.
  register_pytree_node(
/home/boosterk1/miniconda3/envs/vlnce-isaac/lib/python3.10/site-packages/tensordict/_pytree.py:237: UserWarning: torch.utils._pytree._register_pytree_node is deprecated. Please use torch.utils._pytree.register_pytree_node instead.
  register_pytree_node(
[6.633s] Simulation App Startup Complete
[8.401s] [ext: omni.kit.asset_converter-2.1.11] startup
[9.792s] [ext: omni.kit.mainwindow-1.0.3] startup
[9.812s] [ext: omni.uiaudio-1.0.0] startup
[9.815s] [ext: omni.kit.uiapp-0.0.0] startup
[9.815s] [ext: omni.kit.window.drop_support-1.0.2] startup
[9.816s] [ext: omni.kit.window.content_browser_registry-0.0.6] startup
[9.818s] [ext: omni.kit.window.content_browser-2.9.14] startup
[9.844s] [ext: omni.kit.window.extensions-1.4.9] startup
[9.859s] [ext: omni.importer.urdf-1.14.1] startup
2026-10-02 16:15:50 [10,258ms] [Error] [omni.usd] Runtime Error: in Open at line 893 of /buildAgent/work/ac88d7d902b57417/USD/pxr/usd/usd/stage.cpp -- Failed to open layer @/tmp/IsaacLab/usd_20261002_101549_4216/Props/instanceable_meshes.usd@

[INFO][AppLauncher]: Loading experience file: /home/boosterk1/Projects/k1_research/IsaacLab/source/extensions/omni.isaac.lab/omni/isaac/lab/app/../../../../../../apps/isaaclab.python.headless.rendering.kit
Starting kit application with the following args:  ['/home/boosterk1/miniconda3/envs/vlnce-isaac/lib/python3.10/site-packages/isaacsim/exts/omni.isaac.kit/omni/isaac/kit/simulation_app.py', '/home/boosterk1/Projects/k1_research/IsaacLab/source/extensions/omni.isaac.lab/omni/isaac/lab/app/../../../../../../apps/isaaclab.python.headless.rendering.kit', '--/app/tokens/exe-path=/home/boosterk1/miniconda3/envs/vlnce-isaac/lib/python3.10/site-packages/omni', '--/persistent/app/viewport/displayOptions=3094', '--/rtx/materialDb/syncLoads=True', '--/rtx/hydra/materialSyncLoads=True', '--/omni.kit.plugin/syncUsdLoads=True', '--/app/renderer/resolution/width=1280', '--/app/renderer/resolution/height=720', '--/app/window/width=1440', '--/app/window/height=900', '--/renderer/multiGpu/enabled=True', '--/app/fastShutdown=True', '--ext-folder', '/home/boosterk1/miniconda3/envs/vlnce-isaac/lib/python3.10/site-packages/isaacsim/exts', '--ext-folder', '/home/boosterk1/miniconda3/envs/vlnce-isaac/lib/python3.10/site-packages/isaacsim/apps', '--/renderer/activeGpu=0', '--/physics/cudaDevice=0', '--portable', '--no-window', '--/app/window/hideUi=True']
Passing the following args to the base kit application:  ['--task=k1_matterport_vision', '--num_envs=1', '--checkpoint=/home/boosterk1/Projects/k1_research/checkpoints/model_14498.pt', '--episode_idx=8', '--gait_phase_init=0.0', '--out_tag=fr_ep8_A', '--closed_loop', '--max_episode_s', '120', '--vlm_transform', 'stretch', '--headless', '--enable_cameras', '--log_dir', '/home/boosterk1/Projects/k1_research/airc2027_replay/runs/ep8_A']
Warp 1.2.1 initialized:
   CUDA Toolkit 11.8, Driver 13.0
   Devices:
     "cpu"      : "x86_64"
     "cuda:0"   : "NVIDIA GeForce RTX 3090" (24 GiB, sm_86, mempool enabled)
   Kernel cache:
     /home/boosterk1/.cache/warp/1.2.1
[INFO]: Parsing configuration from: <class 'omni.isaac.vlnce.config.k1.k1_matterport_vision_cfg.K1MatterportVisionCfg'>
[INFO]: Base environment:
	Environment device    : cuda:0
	Physics step-size     : 0.005
	Rendering step-size   : 0.02
	Environment step-size : 0.02
	Physics GPU pipeline  : True
	Physics GPU simulation: True
[INFO]: Time taken for scene creation : 2.186256 seconds
[INFO]: Scene manager:  <class InteractiveScene>
	Number of environments: 1
	Environment spacing   : 2.5
	Source prim name      : /World/envs/env_0
	Global prim paths     : ['/World/matterport']
	Replicate physics     : True
[INFO]: Starting the simulation. This may take a few seconds. Please wait...
[INFO]: Time taken for simulation start : 1.105739 seconds
[INFO] Command Manager:  <CommandManager> contains 1 active terms.
+------------------------------------------------+
|              Active Command Terms              |
+-------+---------------+------------------------+
| Index | Name          |          Type          |
+-------+---------------+------------------------+
|   0   | base_velocity | UniformVelocityCommand |
+-------+---------------+------------------------+

[INFO] Action Manager:  <ActionManager> contains 1 active terms.
+------------------------------------+
|  Active Action Terms (shape: 12)   |
+--------+-------------+-------------+
| Index  | Name        |   Dimension |
+--------+-------------+-------------+
|   0    | joint_pos   |          12 |
+--------+-------------+-------------+

Module omni.isaac.lab.utils.warp.kernels ca938a1 load on device 'cuda:0' took 0.38 ms
[INFO] Observation Manager: <ObservationManager> contains 4 groups.
+----------------------------------------------------------+
| Active Observation Terms in Group: 'policy' (shape: (235,)) |
+-----------+--------------------------------+-------------+
|   Index   | Name                           |    Shape    |
+-----------+--------------------------------+-------------+
|     0     | base_lin_vel                   |     (3,)    |
|     1     | base_ang_vel                   |     (3,)    |
|     2     | projected_gravity              |     (3,)    |
|     3     | velocity_commands              |     (3,)    |
|     4     | joint_pos                      |    (12,)    |
|     5     | joint_vel                      |    (12,)    |
|     6     | actions                        |    (12,)    |
|     7     | height_scan                    |    (187,)   |
+-----------+--------------------------------+-------------+
+---------------------------------------------------------+
| Active Observation Terms in Group: 'proprio' (shape: (48,)) |
+-----------+---------------------------------+-----------+
|   Index   | Name                            |   Shape   |
+-----------+---------------------------------+-----------+
|     0     | base_lin_vel                    |    (3,)   |
|     1     | base_ang_vel                    |    (3,)   |
|     2     | projected_gravity               |    (3,)   |
|     3     | velocity_commands               |    (3,)   |
|     4     | joint_pos                       |   (12,)   |
|     5     | joint_vel                       |   (12,)   |
|     6     | actions                         |   (12,)   |
+-----------+---------------------------------+-----------+
+---------------------------------------------------------------------+
| Active Observation Terms in Group: 'camera_obs' (shape: (720, 1280, 4)) |
+-----------+-----------------------------+---------------------------+
|   Index   | Name                        |           Shape           |
+-----------+-----------------------------+---------------------------+
|     0     | rgb_measurement             |       (720, 1280, 4)      |
+-----------+-----------------------------+---------------------------+
+------------------------------------------------------------------------+
| Active Observation Terms in Group: 'viz_camera_obs' (shape: (512, 512, 4)) |
+------------+-------------------------------+---------------------------+
|   Index    | Name                          |           Shape           |
+------------+-------------------------------+---------------------------+
|     0      | rgb_measurement               |       (512, 512, 4)       |
+------------+-------------------------------+---------------------------+

[INFO] Event Manager:  <EventManager> contains 1 active terms.
+-------------------------------------+
| Active Event Terms in Mode: 'reset' |
+--------+----------------------------+
| Index  | Name                       |
+--------+----------------------------+
|   0    | reset_scene_to_default     |
+--------+----------------------------+

[INFO] Termination Manager:  <TerminationManager> contains 2 active terms.
+------------------------------------+
|      Active Termination Terms      |
+-------+-----------------+----------+
| Index | Name            | Time Out |
+-------+-----------------+----------+
|   0   | time_out        |   True   |
|   1   | bad_orientation |  False   |
+-------+-----------------+----------+

[INFO] Reward Manager:  <RewardManager> contains 3 active terms.
+---------------------------------------+
|          Active Reward Terms          |
+-------+----------------------+--------+
| Index | Name                 | Weight |
+-------+----------------------+--------+
|   0   | track_lin_vel_xy_exp |    2.0 |
|   1   | track_ang_vel_z_exp  |    1.0 |
|   2   | action_rate_l2       |  -0.01 |
+-------+----------------------+--------+

[INFO] Curriculum Manager:  <CurriculumManager> contains 0 active terms.
+----------------------+
| Active Curriculum Terms |
+-----------+----------+
|   Index   | Name     |
+-----------+----------+
+-----------+----------+

[INFO]: Completed setting up the environment...
[v3] loaded actor from /home/boosterk1/Projects/k1_research/checkpoints/model_14498.pt  iter=14498  params=286604
[v3-wrapper] warmup step 0/50
[v3-wrapper] warmup step 49/50
VLM: The next action is move forward 75 cm.
Cmd: [0.5, 0.0, 0.0]  steps_to_go: 75
VLM: The next action is move forward 75 cm.
Cmd: [0.5, 0.0, 0.0]  steps_to_go: 75
2026-10-02 16:15:51 [12,174ms] [Warning] [omni.hydra.scene_delegate.plugin] Calling getBypassRenderSkelMeshProcessing for prim /World/envs/env_0/Robot/Left_Hip_Pitch/visuals.proto_mesh_0_id0 that has not been populated
2026-10-02 16:20:30 [291,064ms] [Warning] [carb.windowing-glfw.plugin] GLFW initialization failed.
2026-10-02 16:20:30 [291,064ms] [Warning] [carb] Failed to startup plugin carb.windowing-glfw.plugin (interfaces: [carb::windowing::IGLContext v1.0],[carb::windowing::IWindowing v1.4]) (impl: carb.windowing-glfw.plugin)
[291.319s] Simulation App Shutting Down
