[run_sim] validate preflight ok: compute apps=[1296470] server=1296470 free=106G
2026/10/01 23:26:23.326, 10146 MiB, 24576 MiB, 0 %
[run_sim] validate preflight ok: compute apps=[1332353] server=1332353 free=105G
2026/10/02 10:02:41.914, 10146 MiB, 24576 MiB, 0 %
[run_sim] ep3_A preflight ok: compute apps=[1332353] server=1332353 free=105G
2026/10/02 10:07:24.129, 12628 MiB, 24576 MiB, 0 %
[run_sim] ep3_B preflight ok: compute apps=[1332353] server=1332353 free=105G
2026/10/02 10:11:46.597, 13476 MiB, 24576 MiB, 0 %
[run_sim] ep8_A preflight ok: compute apps=[1332353] server=1332353 free=105G
2026/10/02 10:15:38.051, 13478 MiB, 24576 MiB, 0 %
[run_sim] ep8_B preflight ok: compute apps=[1332353] server=1332353 free=105G
2026/10/02 10:20:32.158, 13478 MiB, 24576 MiB, 1 %
[run_sim] ep16_A preflight ok: compute apps=[1332353] server=1332353 free=105G
2026/10/02 10:27:00.554, 13478 MiB, 24576 MiB, 0 %
[run_sim] ep16_B preflight ok: compute apps=[1332353] server=1332353 free=104G
2026/10/02 10:40:56.084, 13478 MiB, 24576 MiB, 41 %
[run_sim] ep20_A preflight ok: compute apps=[1332353] server=1332353 free=104G
2026/10/02 10:46:33.323, 13478 MiB, 24576 MiB, 0 %
[run_sim] ep20_B preflight ok: compute apps=[1332353] server=1332353 free=104G
2026/10/02 10:51:18.612, 13478 MiB, 24576 MiB, 0 %
[run_sim] ep50_A preflight ok: compute apps=[1332353] server=1332353 free=104G
2026/10/02 10:55:59.617, 13478 MiB, 24576 MiB, 0 %
[run_sim] ep50_B preflight ok: compute apps=[1332353] server=1332353 free=104G
2026/10/02 11:11:16.215, 13478 MiB, 24576 MiB, 56 %
[run_sim] ep99_A preflight ok: compute apps=[1332353] server=1332353 free=104G
2026/10/02 11:26:19.037, 13478 MiB, 24576 MiB, 0 %
[run_sim] ep99_B preflight ok: compute apps=[1332353] server=1332353 free=104G
2026/10/02 11:33:33.119, 14332 MiB, 24576 MiB, 0 %
[run_sim] ep92_A preflight ok: compute apps=[1332353] server=1332353 free=104G
2026/10/02 11:39:02.881, 14332 MiB, 24576 MiB, 7 %
[run_sim] ep92_B preflight ok: compute apps=[1332353] server=1332353 free=103G
2026/10/02 11:42:42.508, 14332 MiB, 24576 MiB, 0 %
[run_sim] ep212_A preflight ok: compute apps=[1332353] server=1332353 free=103G
2026/10/02 11:45:55.494, 14332 MiB, 24576 MiB, 0 %
[run_sim] ep212_B preflight ok: compute apps=[1332353] server=1332353 free=103G
2026/10/02 11:49:53.575, 14332 MiB, 24576 MiB, 0 %
[run_sim] ep3_R preflight ok: compute apps=[1332353] server=1332353 free=103G
2026/10/02 11:53:48.777, 14332 MiB, 24576 MiB, 0 %
[run_sim] ep8_R preflight ok: compute apps=[1332353] server=1332353 free=103G
2026/10/02 11:58:12.254, 14332 MiB, 24576 MiB, 0 %
[run_sim] ep16_R preflight ok: compute apps=[1332353] server=1332353 free=103G
2026/10/02 12:03:10.450, 14332 MiB, 24576 MiB, 0 %
[run_sim] ep20_R preflight ok: compute apps=[1332353] server=1332353 free=103G
2026/10/02 12:17:21.066, 14332 MiB, 24576 MiB, 0 %
[run_sim] ep50_R preflight ok: compute apps=[1332353] server=1332353 free=103G
2026/10/02 12:22:08.983, 14332 MiB, 24576 MiB, 0 %
[run_sim] ep99_R preflight ok: compute apps=[1332353] server=1332353 free=102G
2026/10/02 12:37:36.637, 14332 MiB, 24576 MiB, 54 %
[run_sim] ep92_R preflight ok: compute apps=[1332353] server=1332353 free=102G
2026/10/02 12:44:56.437, 14332 MiB, 24576 MiB, 13 %
[run_sim] ep212_R preflight ok: compute apps=[1332353] server=1332353 free=102G
2026/10/02 12:48:34.757, 14332 MiB, 24576 MiB, 9 %
[run_sim] ep3_cond1 preflight ok: compute apps=[1332353] server=1332353 free=102G
2026/10/02 12:53:30.104, 14332 MiB, 24576 MiB, 1 %
[run_sim] ep8_cond1 preflight ok: compute apps=[1332353] server=1332353 free=102G
2026/10/02 12:56:11.061, 14332 MiB, 24576 MiB, 1 %
[run_sim] ep16_cond1 preflight ok: compute apps=[1332353] server=1332353 free=102G
2026/10/02 12:59:38.077, 14332 MiB, 24576 MiB, 0 %
[run_sim] ep20_cond1 preflight ok: compute apps=[1332353] server=1332353 free=102G
2026/10/02 13:01:54.915, 14332 MiB, 24576 MiB, 0 %
[run_sim] ep50_cond1 preflight ok: compute apps=[1332353] server=1332353 free=102G
2026/10/02 13:04:22.760, 14332 MiB, 24576 MiB, 0 %
[run_sim] ep99_cond1 preflight ok: compute apps=[1332353] server=1332353 free=102G
2026/10/02 13:07:08.821, 14332 MiB, 24576 MiB, 0 %
[run_sim] ep92_cond1 preflight ok: compute apps=[1332353] server=1332353 free=102G
2026/10/02 13:09:34.010, 14332 MiB, 24576 MiB, 0 %
[run_sim] ep212_cond1 preflight ok: compute apps=[1332353] server=1332353 free=102G
2026/10/02 13:11:59.107, 14332 MiB, 24576 MiB, 0 %
